Vivado Simulator v2026.1
Copyright 1986-2022 Xilinx, Inc. All Rights Reserved.
Copyright 2022-2026 Advanced Micro Devices, Inc. All Rights Reserved.
Running: C:/AMDDesignTools/2026.1/Vivado/bin/unwrapped/win64.o/xelab.exe work.tb_posit_parser -s parser_pipeline_snapshot -debug typical -log vivado_elaborate.log 
Multi-threading is on. Using 10 slave threads.
Starting static elaboration
Pass Through NonSizing Optimizer
Completed static elaboration
Starting simulation data flow analysis
Completed simulation data flow analysis
Time Resolution for simulation is 1ps
Compiling module work.lod_lzd_core(N=6,S=3)
Compiling module work.dyn_left_shifter(N=5,SHIFT_W=3)
Compiling module work.posit_parser(NB=8,ES=0,FRAC_MAX=...
Compiling module work.parser_pipeline_checker_default
Compiling module work.lod_lzd_core(N=14,S=4)
Compiling module work.dyn_left_shifter(N=13,SHIFT_W=4)
Compiling module work.posit_parser(NB=16,ES=1,FRAC_MAX...
Compiling module work.parser_pipeline_checker(NB=16,ES...
Compiling module work.lod_lzd_core(N=30,S=5)
Compiling module work.dyn_left_shifter(N=29,SHIFT_W=5)
Compiling module work.posit_parser(FRAC_MAX=27,SF_W=10...
Compiling module work.parser_pipeline_checker(NB=32,ES...
Compiling module work.posit_parser(ES=3,FRAC_MAX=26,SF...
Compiling module work.parser_pipeline_checker(NB=32,ES...
Compiling module work.tb_posit_parser
Built simulation snapshot parser_pipeline_snapshot
