Reading C:/altera/13.0sp1/modelsim_ase/tcl/vsim/pref.tcl 

# 10.1d

# vsim +VECTOR_DIR=../stratified_final_pilot -do run.do -l mul_32_3_1_1/simulate.log -c -wlf mul_32_3_1_1/simulate.wlf -gES=3 -gNB=32 -gSCHEME=1 -gROUNDING=1 work.tb_week9_multiplier_single 
# Loading sv_std.std
# Loading work.tb_week9_multiplier_single
# Loading work.multiplier_checker
# Loading work.posit_mul_iter
# Loading work.mul_iter_wrapper
# Loading work.posit_parser
# Loading work.lod_lzd_core
# Loading work.dyn_left_shifter
# Loading work.ops_sel_comb
# Loading work.mul_iter_core
# Loading work.iter_ctrl
# Loading work.sac_step_comb
# Loading work.sbm_shift_comb
# Loading work.sbm_accum
# Loading work.sbm_accum_comb
# Loading work.mul_norm_comb
# Loading work.posit_pack
# Loading work.posit_pack_prepare
# Loading work.dyn_right_shifter
# Loading work.posit_pack_finish
# do run.do 
# MULTIPLIER PASS NB=32 ES=3 scheme=1 rounding=1 rows=10000 completed=9953 reset_aborts=47
# WEEK9 SINGLE PROFILE PASS
# ** Note: $finish    : ../../../tb/tb_week9_multiplier_single.sv(23)
#    Time: 1170767 ns  Iteration: 1  Instance: /tb_week9_multiplier_single
