SELF_TEST PASS checks=600127 mismatches=0
NB=32 ES=2 Q12 PT2=prefix7+zero5 tie=A n=total_terms2..5
samples=10000000 seed=271828 distribution=value01 oracle=SoftPosit_p32_mul pack=TRUNC complement=ones per_term=FLOOR
NOT_AUTHOR_GENERATOR: distributions/seed/filter/tie/padding are local assumptions
CHECKPOINT accepted=1000000
CHECKPOINT accepted=2000000
CHECKPOINT accepted=3000000
CHECKPOINT accepted=4000000
CHECKPOINT accepted=5000000
CHECKPOINT accepted=6000000
CHECKPOINT accepted=7000000
CHECKPOINT accepted=8000000
CHECKPOINT accepted=9000000
CHECKPOINT accepted=10000000
n=2,8.963250,31.342550,49.349190,95.470840
ideal_ops_bound_n=2,9.670210,32.312420,50.269070,95.731780
n=3,43.430780,82.884860,94.996880,100.000000
ideal_ops_bound_n=3,49.164420,88.379540,97.666870,100.000000
n=4,86.197840,99.795980,100.000000,100.000000
ideal_ops_bound_n=4,92.991640,99.993690,100.000000,100.000000
n=5,99.531590,100.000000,100.000000,100.000000
ideal_ops_bound_n=5,99.973230,100.000000,100.000000,100.000000
attempted=10000000 accepted=10000000 excluded_zero=0 excluded_nar=0 swaps=4602944 avg_output_regime_run=1.264099 fingerprint=8feb97b73e774c7b
elapsed_seconds=10.293321
JOURNAL2024_ACCEPTANCE=UNCONFIRMED_GRAPH_ONLY_AND_UNKNOWN_GENERATOR
