%Warning-VARHIDDEN: src/ops_sel_comb.sv:89:22: Declaration of signal hides declaration in upper scope: 'bit_index'
   89 |             for (int bit_index = 0; bit_index < FRAC_MAX-FRAC_W; bit_index++) begin
      |                      ^~~~~~~~~
                    src/ops_sel_comb.sv:50:12: ... Location of original declaration
   50 |     genvar bit_index;
      |            ^~~~~~~~~
                    ... For warning description see https://verilator.org/warn/VARHIDDEN?v=5.032
                    ... Use "/* verilator lint_off VARHIDDEN */" and lint_on around source to disable this message.
%Warning-WIDTHEXPAND: src/mul_iter_wrapper.sv:21:40: Operator SUB expects 64 bits on the LHS, but LHS's VARREF 'NB' generates 32 bits.
                                                   : ... note: In instance 'posit_mul_iter.u_wrapper'
   21 |     parameter int SF_W=$clog2(64'd4*(NB-2)*(64'd1<<ES)+64'd4)+1,
      |                                        ^
%Warning-WIDTHEXPAND: src/posit_parser.sv:22:49: Operator SUB expects 64 bits on the LHS, but LHS's VARREF 'NB' generates 32 bits.
                                               : ... note: In instance 'posit_mul_iter.u_wrapper.u_b'
   22 |     parameter int SF_W     = $clog2(64'd4 * (NB - 2) * (64'd1 << ES) + 64'd4) + 1
      |                                                 ^
%Warning-WIDTHTRUNC: src/posit_parser.sv:40:34: Operator VAR 'MAX_COUNT' expects 5 bits on the Initial value, but Initial value's SUB generates 32 bits.
                                              : ... note: In instance 'posit_mul_iter.u_wrapper.u_b'
   40 |     localparam logic [CNT_W-1:0] MAX_COUNT = NB - 2;
      |                                  ^~~~~~~~~
%Warning-WIDTHEXPAND: src/posit_pack.sv:18:45: Operator SUB expects 64 bits on the LHS, but LHS's VARREF 'NB' generates 32 bits.
                                             : ... note: In instance 'posit_mul_iter.u_wrapper.u_pack'
   18 |     parameter int SF_W = $clog2(64'd4 * (NB - 2) * (64'd1 << ES) + 64'd4) + 1,
      |                                             ^
%Warning-WIDTHTRUNC: src/iter_ctrl.sv:48:32: Operator VAR 'EXACT_LIMIT' expects 5 bits on the Initial value, but Initial value's VARREF 'FRAC_MAX' generates 32 bits.
                                           : ... note: In instance 'posit_mul_iter.u_wrapper.u_core.u_ctrl'
   48 |     localparam logic [I_W-1:0] EXACT_LIMIT=FRAC_MAX;
      |                                ^~~~~~~~~~~
%Warning-WIDTHEXPAND: src/posit_pack_prepare.sv:34:33: Operator SUB expects 64 bits on the LHS, but LHS's VARREF 'NB' generates 32 bits.
                                                     : ... note: In instance 'posit_mul_iter.u_wrapper.u_pack.u_prepare'
   34 |     localparam int SF_MAX = (NB - 2) * (64'd1 << ES);
      |                                 ^
%Warning-WIDTHTRUNC: src/posit_pack_prepare.sv:34:20: Operator VAR 'SF_MAX' expects 32 bits on the Initial value, but Initial value's MUL generates 64 bits.
                                                    : ... note: In instance 'posit_mul_iter.u_wrapper.u_pack.u_prepare'
   34 |     localparam int SF_MAX = (NB - 2) * (64'd1 << ES);
      |                    ^~~~~~
%Warning-WIDTHTRUNC: src/sac_step_comb.sv:29:30: Operator VAR 'MAX_SCALE' expects 6 bits on the Initial value, but Initial value's VARREF 'W_X' generates 32 bits.
                                               : ... note: In instance 'posit_mul_iter.u_wrapper.u_core.u_ctrl.u_exact'
   29 |     localparam logic [S_W:0] MAX_SCALE = W_X;
      |                              ^~~~~~~~~
%Warning-WIDTHEXPAND: src/posit_pack_prepare.sv:127:29: Operator GTS expects 32 bits on the LHS, but LHS's SIGNED generates 10 bits.
                                                      : ... note: In instance 'posit_mul_iter.u_wrapper.u_pack.u_prepare'
  127 |             if ($signed(sf) > SF_MAX || (|frac) || sticky) begin
      |                             ^
%Warning-WIDTHEXPAND: src/posit_pack_prepare.sv:131:34: Operator LTS expects 32 bits on the LHS, but LHS's SIGNED generates 10 bits.
                                                      : ... note: In instance 'posit_mul_iter.u_wrapper.u_pack.u_prepare'
  131 |         end else if ($signed(sf) < -SF_MAX) begin
      |                                  ^
%Warning-WIDTHEXPAND: src/posit_pack_prepare.sv:120:34: Operator GTES expects 32 bits on the LHS, but LHS's SIGNED generates 10 bits.
                                                      : ... note: In instance 'posit_mul_iter.u_wrapper.u_pack.u_prepare'
  120 |         end else if ($signed(sf) >= SF_MAX) begin
      |                                  ^~
%Warning-ASSIGNDLY: src/sbm_accum.sv:64:27: Ignoring timing control on this assignment/primitive due to --no-timing
                                          : ... note: In instance 'posit_mul_iter.u_wrapper.u_core.u_acc'
   64 |             meta_sync1 <= #1 1'b1;
      |                           ^
%Warning-ASSIGNDLY: src/sbm_accum.sv:65:27: Ignoring timing control on this assignment/primitive due to --no-timing
                                          : ... note: In instance 'posit_mul_iter.u_wrapper.u_core.u_acc'
   65 |             meta_sync2 <= #1 meta_sync1;
      |                           ^
%Warning-ASSIGNDLY: src/sbm_accum.sv:77:21: Ignoring timing control on this assignment/primitive due to --no-timing
                                          : ... note: In instance 'posit_mul_iter.u_wrapper.u_core.u_acc'
   77 |             done <= #1 (commit_valid && last);
      |                     ^
%Warning-ASSIGNDLY: src/sbm_accum.sv:79:24: Ignoring timing control on this assignment/primitive due to --no-timing
                                          : ... note: In instance 'posit_mul_iter.u_wrapper.u_core.u_acc'
   79 |                 acc <= #1 acc_next;
      |                        ^
%Warning-ASSIGNDLY: src/sbm_accum.sv:80:31: Ignoring timing control on this assignment/primitive due to --no-timing
                                          : ... note: In instance 'posit_mul_iter.u_wrapper.u_core.u_acc'
   80 |                 sticky_acc <= #1 sticky_next;
      |                               ^
%Warning-ASSIGNDLY: src/sbm_accum.sv:81:35: Ignoring timing control on this assignment/primitive due to --no-timing
                                          : ... note: In instance 'posit_mul_iter.u_wrapper.u_core.u_acc'
   81 |                 numerical_tail <= #1 numerical_next;
      |                                   ^
%Warning-ASSIGNDLY: src/sbm_accum.sv:82:36: Ignoring timing control on this assignment/primitive due to --no-timing
                                          : ... note: In instance 'posit_mul_iter.u_wrapper.u_core.u_acc'
   82 |                 iterations_done <= #1 iteration;
      |                                    ^
%Warning-ASSIGNDLY: src/sbm_accum.sv:83:33: Ignoring timing control on this assignment/primitive due to --no-timing
                                          : ... note: In instance 'posit_mul_iter.u_wrapper.u_core.u_acc'
   83 |                 approx_cut_o <= #1 approx_cut;
      |                                 ^
%Warning-WIDTHEXPAND: src/sbm_shift_comb.sv:29:16: Operator ASSIGN expects 56 bits on the Assign RHS, but Assign RHS's VARREF 'y_mant' generates 28 bits.
                                                 : ... note: In instance 'posit_mul_iter.u_wrapper.u_core.u_shift'
   29 |         y_base = y_mant;
      |                ^
%Warning-WIDTHEXPAND: src/sbm_shift_comb.sv:37:23: Operator ASSIGN expects 32 bits on the Assign RHS, but Assign RHS's VARREF 'scale' generates 5 bits.
                                                 : ... note: In instance 'posit_mul_iter.u_wrapper.u_core.u_shift'
   37 |         shift_discard = scale;
      |                       ^
%Warning-WIDTHEXPAND: src/iter_ctrl.sv:51:27: Operator COND expects 27 bits on the Conditional True, but Conditional True's VARREF 'fx_next_approx' generates 12 bits.
                                            : ... note: In instance 'posit_mul_iter.u_wrapper.u_core.u_ctrl'
   51 |     assign fx_next=mode_q ? fx_next_approx : fx_next_exact;
      |                           ^
%Warning-ASSIGNDLY: src/iter_ctrl.sv:86:27: Ignoring timing control on this assignment/primitive due to --no-timing
                                          : ... note: In instance 'posit_mul_iter.u_wrapper.u_core.u_ctrl'
   86 |             meta_sync1 <= #1 1'b1;
      |                           ^
%Warning-ASSIGNDLY: src/iter_ctrl.sv:87:27: Ignoring timing control on this assignment/primitive due to --no-timing
                                          : ... note: In instance 'posit_mul_iter.u_wrapper.u_core.u_ctrl'
   87 |             meta_sync2 <= #1 meta_sync1;
      |                           ^
%Warning-ASSIGNDLY: src/iter_ctrl.sv:106:28: Ignoring timing control on this assignment/primitive due to --no-timing
                                           : ... note: In instance 'posit_mul_iter.u_wrapper.u_core.u_ctrl'
  106 |             token_valid <= #1 emitting_q;
      |                            ^
%Warning-ASSIGNDLY: src/iter_ctrl.sv:108:31: Ignoring timing control on this assignment/primitive due to --no-timing
                                           : ... note: In instance 'posit_mul_iter.u_wrapper.u_core.u_ctrl'
  108 |                 emitting_q <= #1 1'b1;
      |                               ^
%Warning-ASSIGNDLY: src/iter_ctrl.sv:109:27: Ignoring timing control on this assignment/primitive due to --no-timing
                                           : ... note: In instance 'posit_mul_iter.u_wrapper.u_core.u_ctrl'
  109 |                 mode_q <= #1 cfg_mode;
      |                           ^
%Warning-ASSIGNDLY: src/iter_ctrl.sv:110:25: Ignoring timing control on this assignment/primitive due to --no-timing
                                           : ... note: In instance 'posit_mul_iter.u_wrapper.u_core.u_ctrl'
  110 |                 fx_q <= #1 x_frac;
      |                         ^
%Warning-ASSIGNDLY: src/iter_ctrl.sv:111:28: Ignoring timing control on this assignment/primitive due to --no-timing
                                           : ... note: In instance 'posit_mul_iter.u_wrapper.u_core.u_ctrl'
  111 |                 scale_q <= #1 '0;
      |                            ^
%Warning-ASSIGNDLY: src/iter_ctrl.sv:112:28: Ignoring timing control on this assignment/primitive due to --no-timing
                                           : ... note: In instance 'posit_mul_iter.u_wrapper.u_core.u_ctrl'
  112 |                 count_q <= #1 '0;
      |                            ^
%Warning-WIDTHEXPAND: src/iter_ctrl.sv:113:41: Operator COND expects 5 bits on the Conditional True, but Conditional True's VARREF 'cfg_n' generates 4 bits.
                                             : ... note: In instance 'posit_mul_iter.u_wrapper.u_core.u_ctrl'
  113 |                 limit_q <= #1 (cfg_mode ? cfg_n : EXACT_LIMIT);
      |                                         ^
%Warning-ASSIGNDLY: src/iter_ctrl.sv:113:28: Ignoring timing control on this assignment/primitive due to --no-timing
                                           : ... note: In instance 'posit_mul_iter.u_wrapper.u_core.u_ctrl'
  113 |                 limit_q <= #1 (cfg_mode ? cfg_n : EXACT_LIMIT);
      |                            ^
%Warning-ASSIGNDLY: src/iter_ctrl.sv:115:26: Ignoring timing control on this assignment/primitive due to --no-timing
                                           : ... note: In instance 'posit_mul_iter.u_wrapper.u_core.u_ctrl'
  115 |                 first <= #1 (count_q=='0);
      |                          ^
%Warning-ASSIGNDLY: src/iter_ctrl.sv:116:25: Ignoring timing control on this assignment/primitive due to --no-timing
                                           : ... note: In instance 'posit_mul_iter.u_wrapper.u_core.u_ctrl'
  116 |                 last <= #1 is_last;
      |                         ^
%Warning-ASSIGNDLY: src/iter_ctrl.sv:117:30: Ignoring timing control on this assignment/primitive due to --no-timing
                                           : ... note: In instance 'posit_mul_iter.u_wrapper.u_core.u_ctrl'
  117 |                 init_only <= #1 is_init;
      |                              ^
%Warning-ASSIGNDLY: src/iter_ctrl.sv:118:26: Ignoring timing control on this assignment/primitive due to --no-timing
                                           : ... note: In instance 'posit_mul_iter.u_wrapper.u_core.u_ctrl'
  118 |                 scale <= #1 (is_init ? {S_W{1'b0}} : next_scale);
      |                          ^
%Warning-ASSIGNDLY: src/iter_ctrl.sv:119:30: Ignoring timing control on this assignment/primitive due to --no-timing
                                           : ... note: In instance 'posit_mul_iter.u_wrapper.u_core.u_ctrl'
  119 |                 iteration <= #1 (is_init ? {I_W{1'b0}} : next_count);
      |                              ^
%Warning-ASSIGNDLY: src/iter_ctrl.sv:120:31: Ignoring timing control on this assignment/primitive due to --no-timing
                                           : ... note: In instance 'posit_mul_iter.u_wrapper.u_core.u_ctrl'
  120 |                 approx_cut <= #1 (is_init ? (fx_q!='0) : (is_last && fx_next!='0));
      |                               ^
%Warning-ASSIGNDLY: src/iter_ctrl.sv:121:25: Ignoring timing control on this assignment/primitive due to --no-timing
                                           : ... note: In instance 'posit_mul_iter.u_wrapper.u_core.u_ctrl'
  121 |                 fx_q <= #1 fx_next;
      |                         ^
%Warning-ASSIGNDLY: src/iter_ctrl.sv:122:28: Ignoring timing control on this assignment/primitive due to --no-timing
                                           : ... note: In instance 'posit_mul_iter.u_wrapper.u_core.u_ctrl'
  122 |                 scale_q <= #1 next_scale;
      |                            ^
%Warning-ASSIGNDLY: src/iter_ctrl.sv:123:28: Ignoring timing control on this assignment/primitive due to --no-timing
                                           : ... note: In instance 'posit_mul_iter.u_wrapper.u_core.u_ctrl'
  123 |                 count_q <= #1 next_count;
      |                            ^
%Warning-ASSIGNDLY: src/iter_ctrl.sv:124:44: Ignoring timing control on this assignment/primitive due to --no-timing
                                           : ... note: In instance 'posit_mul_iter.u_wrapper.u_core.u_ctrl'
  124 |                 if (is_last) emitting_q <= #1 1'b0;
      |                                            ^
%Warning-ASSIGNDLY: src/posit_pack.sv:56:27: Ignoring timing control on this assignment/primitive due to --no-timing
                                           : ... note: In instance 'posit_mul_iter.u_wrapper.u_pack'
   56 |             meta_sync1 <= #1 1'b1;
      |                           ^
%Warning-ASSIGNDLY: src/posit_pack.sv:57:27: Ignoring timing control on this assignment/primitive due to --no-timing
                                           : ... note: In instance 'posit_mul_iter.u_wrapper.u_pack'
   57 |             meta_sync2 <= #1 meta_sync1;
      |                           ^
%Warning-ASSIGNDLY: src/posit_pack.sv:190:32: Ignoring timing control on this assignment/primitive due to --no-timing
                                            : ... note: In instance 'posit_mul_iter.u_wrapper.u_pack'
  190 |                     valid_q <= #1 in_valid;
      |                                ^
%Warning-ASSIGNDLY: src/posit_pack.sv:192:32: Ignoring timing control on this assignment/primitive due to --no-timing
                                            : ... note: In instance 'posit_mul_iter.u_wrapper.u_pack'
  192 |                         d_q <= #1 d_d;
      |                                ^
%Warning-ASSIGNDLY: src/posit_pack.sv:193:36: Ignoring timing control on this assignment/primitive due to --no-timing
                                            : ... note: In instance 'posit_mul_iter.u_wrapper.u_pack'
  193 |                         flags_q <= #1 flags_d;
      |                                    ^
%Warning-ASSIGNDLY: src/mul_iter_core.sv:128:27: Ignoring timing control on this assignment/primitive due to --no-timing
                                               : ... note: In instance 'posit_mul_iter.u_wrapper.u_core'
  128 |             meta_sync1 <= #1 1'b1;
      |                           ^
%Warning-ASSIGNDLY: src/mul_iter_core.sv:129:27: Ignoring timing control on this assignment/primitive due to --no-timing
                                               : ... note: In instance 'posit_mul_iter.u_wrapper.u_core'
  129 |             meta_sync2 <= #1 meta_sync1;
      |                           ^
%Warning-ASSIGNDLY: src/mul_iter_core.sv:149:43: Ignoring timing control on this assignment/primitive due to --no-timing
                                               : ... note: In instance 'posit_mul_iter.u_wrapper.u_core'
  149 |             if (release_result) busy_q <= #1 1'b0;
      |                                           ^
%Warning-ASSIGNDLY: src/mul_iter_core.sv:151:27: Ignoring timing control on this assignment/primitive due to --no-timing
                                               : ... note: In instance 'posit_mul_iter.u_wrapper.u_core'
  151 |                 busy_q <= #1 1'b1;
      |                           ^
%Warning-ASSIGNDLY: src/mul_iter_core.sv:152:24: Ignoring timing control on this assignment/primitive due to --no-timing
                                               : ... note: In instance 'posit_mul_iter.u_wrapper.u_core'
  152 |                 y_q <= #1 y_mant;
      |                        ^
%Warning-ASSIGNDLY: src/mul_iter_core.sv:153:27: Ignoring timing control on this assignment/primitive due to --no-timing
                                               : ... note: In instance 'posit_mul_iter.u_wrapper.u_core'
  153 |                 sign_o <= #1 sign_i;
      |                           ^
%Warning-ASSIGNDLY: src/mul_iter_core.sv:154:25: Ignoring timing control on this assignment/primitive due to --no-timing
                                               : ... note: In instance 'posit_mul_iter.u_wrapper.u_core'
  154 |                 sf_o <= #1 sf_i;
      |                         ^
%Warning-ASSIGNDLY: src/mul_iter_core.sv:155:32: Ignoring timing control on this assignment/primitive due to --no-timing
                                               : ... note: In instance 'posit_mul_iter.u_wrapper.u_core'
  155 |                 input_cut_o <= #1 input_cut_i;
      |                                ^
%Warning-ASSIGNDLY: src/mul_iter_core.sv:156:27: Ignoring timing control on this assignment/primitive due to --no-timing
                                               : ... note: In instance 'posit_mul_iter.u_wrapper.u_core'
  156 |                 mode_o <= #1 cfg_mode;
      |                           ^
%Warning-ASSIGNDLY: src/mul_iter_core.sv:158:25: Ignoring timing control on this assignment/primitive due to --no-timing
                                               : ... note: In instance 'posit_mul_iter.u_wrapper.u_core'
  158 |             t2_valid <= #1 t1_valid;
      |                         ^
%Warning-ASSIGNDLY: src/mul_iter_core.sv:160:29: Ignoring timing control on this assignment/primitive due to --no-timing
                                               : ... note: In instance 'posit_mul_iter.u_wrapper.u_core'
  160 |                 t2_first <= #1 t1_first;
      |                             ^
%Warning-ASSIGNDLY: src/mul_iter_core.sv:161:28: Ignoring timing control on this assignment/primitive due to --no-timing
                                               : ... note: In instance 'posit_mul_iter.u_wrapper.u_core'
  161 |                 t2_last <= #1 t1_last;
      |                            ^
%Warning-ASSIGNDLY: src/mul_iter_core.sv:162:28: Ignoring timing control on this assignment/primitive due to --no-timing
                                               : ... note: In instance 'posit_mul_iter.u_wrapper.u_core'
  162 |                 t2_init <= #1 t1_init;
      |                            ^
%Warning-ASSIGNDLY: src/mul_iter_core.sv:163:27: Ignoring timing control on this assignment/primitive due to --no-timing
                                               : ... note: In instance 'posit_mul_iter.u_wrapper.u_core'
  163 |                 t2_cut <= #1 t1_cut;
      |                           ^
%Warning-ASSIGNDLY: src/mul_iter_core.sv:164:28: Ignoring timing control on this assignment/primitive due to --no-timing
                                               : ... note: In instance 'posit_mul_iter.u_wrapper.u_core'
  164 |                 t2_tail <= #1 term_tail;
      |                            ^
%Warning-ASSIGNDLY: src/mul_iter_core.sv:165:33: Ignoring timing control on this assignment/primitive due to --no-timing
                                               : ... note: In instance 'posit_mul_iter.u_wrapper.u_core'
  165 |                 t2_iteration <= #1 t1_iteration;
      |                                 ^
%Warning-ASSIGNDLY: src/mul_iter_core.sv:166:28: Ignoring timing control on this assignment/primitive due to --no-timing
                                               : ... note: In instance 'posit_mul_iter.u_wrapper.u_core'
  166 |                 t2_term <= #1 term;
      |                            ^
%Warning-ASSIGNDLY: src/posit_parser.sv:102:27: Ignoring timing control on this assignment/primitive due to --no-timing
                                              : ... note: In instance 'posit_mul_iter.u_wrapper.u_b'
  102 |             meta_sync1 <= #1 1'b1;
      |                           ^
%Warning-ASSIGNDLY: src/posit_parser.sv:103:27: Ignoring timing control on this assignment/primitive due to --no-timing
                                              : ... note: In instance 'posit_mul_iter.u_wrapper.u_b'
  103 |             meta_sync2 <= #1 meta_sync1;
      |                           ^
%Warning-ASSIGNDLY: src/posit_parser.sv:178:27: Ignoring timing control on this assignment/primitive due to --no-timing
                                              : ... note: In instance 'posit_mul_iter.u_wrapper.u_b'
  178 |             p1_valid_q <= #1 in_valid;
      |                           ^
%Warning-ASSIGNDLY: src/posit_parser.sv:181:38: Ignoring timing control on this assignment/primitive due to --no-timing
                                              : ... note: In instance 'posit_mul_iter.u_wrapper.u_b'
  181 |                 p1_s_q            <= #1 s_d;
      |                                      ^
%Warning-ASSIGNDLY: src/posit_parser.sv:182:38: Ignoring timing control on this assignment/primitive due to --no-timing
                                              : ... note: In instance 'posit_mul_iter.u_wrapper.u_b'
  182 |                 p1_is_zero_q      <= #1 is_zero_d;
      |                                      ^
%Warning-ASSIGNDLY: src/posit_parser.sv:183:38: Ignoring timing control on this assignment/primitive due to --no-timing
                                              : ... note: In instance 'posit_mul_iter.u_wrapper.u_b'
  183 |                 p1_is_nar_q       <= #1 is_nar_d;
      |                                      ^
%Warning-ASSIGNDLY: src/posit_parser.sv:184:38: Ignoring timing control on this assignment/primitive due to --no-timing
                                              : ... note: In instance 'posit_mul_iter.u_wrapper.u_b'
  184 |                 p1_cnt_q          <= #1 cnt_d;
      |                                      ^
%Warning-ASSIGNDLY: src/posit_parser.sv:185:42: Ignoring timing control on this assignment/primitive due to --no-timing
                                              : ... note: In instance 'posit_mul_iter.u_wrapper.u_b'
  185 |                 p1_first_regime_bit_q <= #1 first_regime_bit;
      |                                          ^
%Warning-ASSIGNDLY: src/posit_parser.sv:186:38: Ignoring timing control on this assignment/primitive due to --no-timing
                                              : ... note: In instance 'posit_mul_iter.u_wrapper.u_b'
  186 |                 p1_payload_seed_q <= #1 payload_seed;
      |                                      ^
%Warning-WIDTHEXPAND: src/posit_parser.sv:214:30: Operator ASSIGNW expects 10 bits on the Assign RHS, but Assign RHS's SIGNED generates 8 bits.
                                                : ... note: In instance 'posit_mul_iter.u_wrapper.u_b'
  214 |             assign finite_sf = $signed({regime, exponent});
      |                              ^
%Warning-ASSIGNDLY: src/posit_parser.sv:238:27: Ignoring timing control on this assignment/primitive due to --no-timing
                                              : ... note: In instance 'posit_mul_iter.u_wrapper.u_b'
  238 |             p2_valid_q <= #1 p1_valid_q;
      |                           ^
%Warning-ASSIGNDLY: src/posit_parser.sv:241:33: Ignoring timing control on this assignment/primitive due to --no-timing
                                              : ... note: In instance 'posit_mul_iter.u_wrapper.u_b'
  241 |                 p2_s_q       <= #1 p1_s_q;
      |                                 ^
%Warning-ASSIGNDLY: src/posit_parser.sv:242:33: Ignoring timing control on this assignment/primitive due to --no-timing
                                              : ... note: In instance 'posit_mul_iter.u_wrapper.u_b'
  242 |                 p2_is_zero_q <= #1 p1_is_zero_q;
      |                                 ^
%Warning-ASSIGNDLY: src/posit_parser.sv:243:33: Ignoring timing control on this assignment/primitive due to --no-timing
                                              : ... note: In instance 'posit_mul_iter.u_wrapper.u_b'
  243 |                 p2_is_nar_q  <= #1 p1_is_nar_q;
      |                                 ^
%Warning-ASSIGNDLY: src/posit_parser.sv:244:33: Ignoring timing control on this assignment/primitive due to --no-timing
                                              : ... note: In instance 'posit_mul_iter.u_wrapper.u_b'
  244 |                 p2_sf_q      <= #1 sf_d;
      |                                 ^
%Warning-ASSIGNDLY: src/posit_parser.sv:245:33: Ignoring timing control on this assignment/primitive due to --no-timing
                                              : ... note: In instance 'posit_mul_iter.u_wrapper.u_b'
  245 |                 p2_frac_q    <= #1 frac_d;
      |                                 ^
%Warning-WIDTHEXPAND: src/mul_iter_wrapper.sv:72:68: Operator LTE expects 32 bits on the LHS, but LHS's VARREF 'cfg_n' generates 4 bits.
                                                   : ... note: In instance 'posit_mul_iter.u_wrapper'
   72 |                      (cfg_mode || EXACT_EN) && (!cfg_mode || cfg_n <= N_MAX);
      |                                                                    ^~
%Warning-ASSIGNDLY: src/mul_iter_wrapper.sv:83:27: Ignoring timing control on this assignment/primitive due to --no-timing
                                                 : ... note: In instance 'posit_mul_iter.u_wrapper'
   83 |         reset_bridge_q <= #1 rst_n;
      |                           ^
%Warning-ASSIGNDLY: src/mul_iter_wrapper.sv:90:27: Ignoring timing control on this assignment/primitive due to --no-timing
                                                 : ... note: In instance 'posit_mul_iter.u_wrapper'
   90 |             meta_sync1 <= #1 1'b1;
      |                           ^
%Warning-ASSIGNDLY: src/mul_iter_wrapper.sv:91:27: Ignoring timing control on this assignment/primitive due to --no-timing
                                                 : ... note: In instance 'posit_mul_iter.u_wrapper'
   91 |             meta_sync2 <= #1 meta_sync1;
      |                           ^
%Warning-ASSIGNDLY: src/mul_iter_wrapper.sv:232:35: Ignoring timing control on this assignment/primitive due to --no-timing
                                                  : ... note: In instance 'posit_mul_iter.u_wrapper'
  232 |             if (retire) busy_q <= #1 1'b0;
      |                                   ^
%Warning-ASSIGNDLY: src/mul_iter_wrapper.sv:234:27: Ignoring timing control on this assignment/primitive due to --no-timing
                                                  : ... note: In instance 'posit_mul_iter.u_wrapper'
  234 |                 busy_q <= #1 1'b1;
      |                           ^
%Warning-ASSIGNDLY: src/mul_iter_wrapper.sv:235:27: Ignoring timing control on this assignment/primitive due to --no-timing
                                                  : ... note: In instance 'posit_mul_iter.u_wrapper'
  235 |                 mode_q <= #1 cfg_mode;
      |                           ^
%Warning-ASSIGNDLY: src/mul_iter_wrapper.sv:236:24: Ignoring timing control on this assignment/primitive due to --no-timing
                                                  : ... note: In instance 'posit_mul_iter.u_wrapper'
  236 |                 n_q <= #1 cfg_n;
      |                        ^
%Warning-ASSIGNDLY: src/mul_iter_wrapper.sv:237:26: Ignoring timing control on this assignment/primitive due to --no-timing
                                                  : ... note: In instance 'posit_mul_iter.u_wrapper'
  237 |                 ops_q <= #1 cfg_ops;
      |                          ^
%Warning-ASSIGNDLY: src/mul_iter_wrapper.sv:240:27: Ignoring timing control on this assignment/primitive due to --no-timing
                                                  : ... note: In instance 'posit_mul_iter.u_wrapper'
  240 |                 zero_q <= #1 (z_a || z_b);
      |                           ^
%Warning-ASSIGNDLY: src/mul_iter_wrapper.sv:241:26: Ignoring timing control on this assignment/primitive due to --no-timing
                                                  : ... note: In instance 'posit_mul_iter.u_wrapper'
  241 |                 nar_q <= #1 (nar_a || nar_b);
      |                          ^
%Warning-ASSIGNDLY: src/mul_iter_wrapper.sv:243:61: Ignoring timing control on this assignment/primitive due to --no-timing
                                                  : ... note: In instance 'posit_mul_iter.u_wrapper'
  243 |             if (norm_valid_q && pack_ready) norm_valid_q <= #1 1'b0;
      |                                                             ^
%Warning-ASSIGNDLY: src/mul_iter_wrapper.sv:245:33: Ignoring timing control on this assignment/primitive due to --no-timing
                                                  : ... note: In instance 'posit_mul_iter.u_wrapper'
  245 |                 norm_valid_q <= #1 1'b1;
      |                                 ^
%Warning-ASSIGNDLY: src/mul_iter_wrapper.sv:246:32: Ignoring timing control on this assignment/primitive due to --no-timing
                                                  : ... note: In instance 'posit_mul_iter.u_wrapper'
  246 |                 norm_sign_q <= #1 core_sign;
      |                                ^
%Warning-ASSIGNDLY: src/mul_iter_wrapper.sv:247:32: Ignoring timing control on this assignment/primitive due to --no-timing
                                                  : ... note: In instance 'posit_mul_iter.u_wrapper'
  247 |                 norm_zero_q <= #1 zero_q;
      |                                ^
%Warning-ASSIGNDLY: src/mul_iter_wrapper.sv:248:31: Ignoring timing control on this assignment/primitive due to --no-timing
                                                  : ... note: In instance 'posit_mul_iter.u_wrapper'
  248 |                 norm_nar_q <= #1 nar_q;
      |                               ^
%Warning-ASSIGNDLY: src/mul_iter_wrapper.sv:249:30: Ignoring timing control on this assignment/primitive due to --no-timing
                                                  : ... note: In instance 'posit_mul_iter.u_wrapper'
  249 |                 norm_sf_q <= #1 sf_norm;
      |                              ^
%Warning-ASSIGNDLY: src/mul_iter_wrapper.sv:250:32: Ignoring timing control on this assignment/primitive due to --no-timing
                                                  : ... note: In instance 'posit_mul_iter.u_wrapper'
  250 |                 norm_frac_q <= #1 frac_norm;
      |                                ^
%Warning-ASSIGNDLY: src/mul_iter_wrapper.sv:251:34: Ignoring timing control on this assignment/primitive due to --no-timing
                                                  : ... note: In instance 'posit_mul_iter.u_wrapper'
  251 |                 norm_sticky_q <= #1 sticky_norm;
      |                                  ^
%Warning-ASSIGNDLY: src/mul_iter_wrapper.sv:252:33: Ignoring timing control on this assignment/primitive due to --no-timing
                                                  : ... note: In instance 'posit_mul_iter.u_wrapper'
  252 |                 norm_flags_q <= #1 ((zero_q || nar_q) ? 5'b0 :
      |                                 ^
%Warning-UNUSEDSIGNAL: src/mul_iter_wrapper.sv:53:28: Signal is not used: 'active_width'
                                                    : ... note: In instance 'posit_mul_iter.u_wrapper'
   53 |     wire [$clog2(F+1)-1:0] active_width;
      |                            ^~~~~~~~~~~~
%Warning-UNUSEDSIGNAL: src/mul_iter_wrapper.sv:54:27: Signal is not used: 'ops_swapped'
                                                    : ... note: In instance 'posit_mul_iter.u_wrapper'
   54 |     wire ops_sign,ops_cut,ops_swapped,ops_error;
      |                           ^~~~~~~~~~~
%Warning-UNUSEDSIGNAL: src/mul_iter_wrapper.sv:54:39: Signal is not used: 'ops_error'
                                                    : ... note: In instance 'posit_mul_iter.u_wrapper'
   54 |     wire ops_sign,ops_cut,ops_swapped,ops_error;
      |                                       ^~~~~~~~~
%Warning-UNUSEDSIGNAL: src/mul_iter_wrapper.sv:56:50: Signal is not used: 'core_error'
                                                    : ... note: In instance 'posit_mul_iter.u_wrapper'
   56 |     wire cfg_valid,core_ready,core_run,core_done,core_error,retire;
      |                                                  ^~~~~~~~~~
%Warning-UNUSEDSIGNAL: src/mul_iter_wrapper.sv:60:20: Signal is not used: 'iterations_done'
                                                    : ... note: In instance 'posit_mul_iter.u_wrapper'
   60 |     wire [I_W-1:0] iterations_done;
      |                    ^~~~~~~~~~~~~~~
%Warning-UNUSEDSIGNAL: src/iter_ctrl.sv:42:45: Signal is not used: 'sa_exact'
                                             : ... note: In instance 'posit_mul_iter.u_wrapper.u_core.u_ctrl'
   42 |     wire [S_W-1:0] scale_exact,scale_approx,sa_exact,sa_approx;
      |                                             ^~~~~~~~
%Warning-UNUSEDSIGNAL: src/iter_ctrl.sv:42:54: Signal is not used: 'sa_approx'
                                             : ... note: In instance 'posit_mul_iter.u_wrapper.u_core.u_ctrl'
   42 |     wire [S_W-1:0] scale_exact,scale_approx,sa_exact,sa_approx;
      |                                                      ^~~~~~~~~
%Warning-UNUSEDSIGNAL: src/iter_ctrl.sv:43:10: Signal is not used: 'valid_exact'
                                             : ... note: In instance 'posit_mul_iter.u_wrapper.u_core.u_ctrl'
   43 |     wire valid_exact,valid_approx,exhausted_exact,exhausted_approx,error_exact,error_approx;
      |          ^~~~~~~~~~~
%Warning-UNUSEDSIGNAL: src/iter_ctrl.sv:43:22: Signal is not used: 'valid_approx'
                                             : ... note: In instance 'posit_mul_iter.u_wrapper.u_core.u_ctrl'
   43 |     wire valid_exact,valid_approx,exhausted_exact,exhausted_approx,error_exact,error_approx;
      |                      ^~~~~~~~~~~~
%Warning-UNUSEDSIGNAL: src/iter_ctrl.sv:43:35: Signal is not used: 'exhausted_exact'
                                             : ... note: In instance 'posit_mul_iter.u_wrapper.u_core.u_ctrl'
   43 |     wire valid_exact,valid_approx,exhausted_exact,exhausted_approx,error_exact,error_approx;
      |                                   ^~~~~~~~~~~~~~~
%Warning-UNUSEDSIGNAL: src/iter_ctrl.sv:43:51: Signal is not used: 'exhausted_approx'
                                             : ... note: In instance 'posit_mul_iter.u_wrapper.u_core.u_ctrl'
   43 |     wire valid_exact,valid_approx,exhausted_exact,exhausted_approx,error_exact,error_approx;
      |                                                   ^~~~~~~~~~~~~~~~
%Warning-UNUSEDSIGNAL: src/posit_pack_prepare.sv:43:28: Bits of signal are not used: 'regime'[9:5]
                                                      : ... note: In instance 'posit_mul_iter.u_wrapper.u_pack.u_prepare'
   43 |     wire signed [SF_W-1:0] regime;
      |                            ^~~~~~
%Warning-UNUSEDSIGNAL: src/posit_pack_finish.sv:17:18: Signal is not used: 'guard_bit'
                                                     : ... note: In instance 'posit_mul_iter.u_wrapper.u_pack..g_trunc.u_finish'
   17 |     input  logic guard_bit,
      |                  ^~~~~~~~~
%Warning-UNUSEDSIGNAL: src/posit_pack_finish.sv:18:18: Signal is not used: 'round_bit'
                                                     : ... note: In instance 'posit_mul_iter.u_wrapper.u_pack..g_trunc.u_finish'
   18 |     input  logic round_bit,
      |                  ^~~~~~~~~
%Warning-UNUSEDSIGNAL: src/posit_pack_finish.sv:19:18: Signal is not used: 'sticky_bit'
                                                     : ... note: In instance 'posit_mul_iter.u_wrapper.u_pack..g_trunc.u_finish'
   19 |     input  logic sticky_bit,
      |                  ^~~~~~~~~~
%Warning-UNOPTFLAT: src/lod_lzd_core.sv:56:24: Signal unoptimizable: Circular combinational logic: 'posit_mul_iter.u_wrapper.u_a.u_lzd.tree_pos'
   56 |     logic [S-1:0]      tree_pos [S:0][POW2_N-1:0];
      |                        ^~~~~~~~
                    src/lod_lzd_core.sv:56:24:      Example path: posit_mul_iter.u_wrapper.u_a.u_lzd.tree_pos
                    src/lod_lzd_core.sv:76:41:      Example path: ASSIGNW
                    src/lod_lzd_core.sv:56:24:      Example path: posit_mul_iter.u_wrapper.u_a.u_lzd.tree_pos
%Warning-UNOPTFLAT: src/lod_lzd_core.sv:72:22: Signal unoptimizable: Circular combinational logic: 'posit_mul_iter.u_wrapper.u_a.u_lod.g_tree_levels[0].g_nodes[0].vld_hi'
   72 |                 wire vld_hi = tree_vld[l][2*j + 1];
      |                      ^~~~~~
                    src/lod_lzd_core.sv:72:22:      Example path: posit_mul_iter.u_wrapper.u_a.u_lod.g_tree_levels[0].g_nodes[0].vld_hi
                    src/lod_lzd_core.sv:75:41:      Example path: ASSIGNW
                    src/lod_lzd_core.sv:55:24:      Example path: posit_mul_iter.u_wrapper.u_a.u_lod.tree_vld
                    src/lod_lzd_core.sv:76:41:      Example path: ASSIGNW
                    src/lod_lzd_core.sv:56:24:      Example path: posit_mul_iter.u_wrapper.u_a.u_lod.tree_pos
                    src/lod_lzd_core.sv:76:41:      Example path: ASSIGNW
%Warning-UNOPTFLAT: src/lod_lzd_core.sv:73:22: Signal unoptimizable: Circular combinational logic: 'posit_mul_iter.u_wrapper.u_a.u_lod.g_tree_levels[0].g_nodes[0].vld_lo'
   73 |                 wire vld_lo = tree_vld[l][2*j];
      |                      ^~~~~~
                    src/lod_lzd_core.sv:73:22:      Example path: posit_mul_iter.u_wrapper.u_a.u_lod.g_tree_levels[0].g_nodes[0].vld_lo
                    src/lod_lzd_core.sv:75:41:      Example path: ASSIGNW
                    src/lod_lzd_core.sv:55:24:      Example path: posit_mul_iter.u_wrapper.u_a.u_lod.tree_vld
                    src/lod_lzd_core.sv:76:41:      Example path: ASSIGNW
                    src/lod_lzd_core.sv:56:24:      Example path: posit_mul_iter.u_wrapper.u_a.u_lod.tree_pos
                    src/lod_lzd_core.sv:76:41:      Example path: ASSIGNW
%Warning-UNOPTFLAT: src/sac_step_comb.sv:35:21: Signal unoptimizable: Circular combinational logic: 'posit_mul_iter.u_wrapper.u_core.u_ctrl.u_exact.step_amount'
   35 |     logic [S_W-1:0] step_amount;
      |                     ^~~~~~~~~~~
                    src/sac_step_comb.sv:35:21:      Example path: posit_mul_iter.u_wrapper.u_core.u_ctrl.u_exact.step_amount
                    src/dyn_left_shifter.sv:87:20:      Example path: ASSIGNW
                    src/sac_step_comb.sv:34:20:      Example path: posit_mul_iter.u_wrapper.u_core.u_ctrl.u_exact.shifted
                    src/sac_step_comb.sv:72:5:      Example path: ALWAYS
                    src/sac_step_comb.sv:35:21:      Example path: posit_mul_iter.u_wrapper.u_core.u_ctrl.u_exact.step_amount
%Warning-UNOPTFLAT: src/dyn_right_shifter.sv:60:23: Signal unoptimizable: Circular combinational logic: 'posit_mul_iter.u_wrapper.u_pack.u_prepare.u_payload_shift.g_multi_bit.stage'
   60 |         logic [N-1:0] stage [S:0];
      |                       ^~~~~
                    src/dyn_right_shifter.sv:60:23:      Example path: posit_mul_iter.u_wrapper.u_pack.u_prepare.u_payload_shift.g_multi_bit.stage
                    src/dyn_right_shifter.sv:76:39:      Example path: ASSIGNW
                    src/dyn_right_shifter.sv:60:23:      Example path: posit_mul_iter.u_wrapper.u_pack.u_prepare.u_payload_shift.g_multi_bit.stage
%Warning-UNOPTFLAT: src/ops_sel_comb.sv:48:24: Signal unoptimizable: Circular combinational logic: 'posit_mul_iter.u_wrapper.u_ops.count_b'
   48 |     wire [COUNT_W-1:0] count_b [2*PAD_N-1:1];
      |                        ^~~~~~~
                    src/ops_sel_comb.sv:48:24:      Example path: posit_mul_iter.u_wrapper.u_ops.count_b
                    src/ops_sel_comb.sv:75:34:      Example path: ASSIGNW
                    src/ops_sel_comb.sv:48:24:      Example path: posit_mul_iter.u_wrapper.u_ops.count_b
%Warning-UNOPTFLAT: src/ops_sel_comb.sv:47:24: Signal unoptimizable: Circular combinational logic: 'posit_mul_iter.u_wrapper.u_ops.count_a'
   47 |     wire [COUNT_W-1:0] count_a [2*PAD_N-1:1];
      |                        ^~~~~~~
                    src/ops_sel_comb.sv:47:24:      Example path: posit_mul_iter.u_wrapper.u_ops.count_a
                    src/ops_sel_comb.sv:74:34:      Example path: ASSIGNW
                    src/ops_sel_comb.sv:47:24:      Example path: posit_mul_iter.u_wrapper.u_ops.count_a
%Warning-UNOPTFLAT: src/dyn_left_shifter.sv:50:23: Signal unoptimizable: Circular combinational logic: 'posit_mul_iter.u_wrapper.u_core.u_ctrl.u_exact.u_shift.g_multi_bit.stage'
   50 |         logic [N-1:0] stage [S:0];
      |                       ^~~~~
                    src/dyn_left_shifter.sv:50:23:      Example path: posit_mul_iter.u_wrapper.u_core.u_ctrl.u_exact.u_shift.g_multi_bit.stage
                    src/dyn_left_shifter.sv:87:20:      Example path: ASSIGNW
                    src/sac_step_comb.sv:34:20:      Example path: posit_mul_iter.u_wrapper.u_core.u_ctrl.u_exact.shifted
                    src/sac_step_comb.sv:72:5:      Example path: ALWAYS
                    src/sac_step_comb.sv:35:21:      Example path: posit_mul_iter.u_wrapper.u_core.u_ctrl.u_exact.step_amount
                    src/dyn_left_shifter.sv:87:20:      Example path: ASSIGNW
- V e r i l a t i o n   R e p o r t: Verilator 5.032 2025-01-01 rev (Debian 5.032-1)
- Verilator: Built from 0.672 MB sources in 18 modules, into 2.631 MB in 9 C++ files needing 0.000 MB
- Verilator: Walltime 0.522 s (elab=0.056, cvt=0.269, bld=0.000); cpu 0.271 s on 1 threads; alloced 26.996 MB
make: Entering directory '/mnt/c/HCMUT/HK261/Do an 2/Posit_MAC/results/week9_multiplier/verilator/final_pilot/32_2_1_1/obj_dir'
make: jobserver mkfifo: /mnt/c/HCMUT/HK261/Do an 2/Posit_MAC/results/week9_multiplier/verilator/final_pilot/tmp/GMfifo2303: Operation not supported
g++  -I.  -MMD -I/usr/share/verilator/include -I/usr/share/verilator/include/vltstd -DVM_COVERAGE=0 -DVM_SC=0 -DVM_TIMING=0 -DVM_TRACE=0 -DVM_TRACE_FST=0 -DVM_TRACE_VCD=0 -faligned-new -fcf-protection=none -Wno-bool-operation -Wno-shadow -Wno-sign-compare -Wno-tautological-compare -Wno-uninitialized -Wno-unused-but-set-parameter -Wno-unused-but-set-variable -Wno-unused-parameter -Wno-unused-variable    -O3 -DPROFILE_ROUNDING=1   -Os  -c -o week9_multiplier_harness.o ../src/week9_multiplier_harness.cpp
g++ -Os  -I.  -MMD -I/usr/share/verilator/include -I/usr/share/verilator/include/vltstd -DVM_COVERAGE=0 -DVM_SC=0 -DVM_TIMING=0 -DVM_TRACE=0 -DVM_TRACE_FST=0 -DVM_TRACE_VCD=0 -faligned-new -fcf-protection=none -Wno-bool-operation -Wno-shadow -Wno-sign-compare -Wno-tautological-compare -Wno-uninitialized -Wno-unused-but-set-parameter -Wno-unused-but-set-variable -Wno-unused-parameter -Wno-unused-variable    -O3 -DPROFILE_ROUNDING=1   -c -o verilated.o /usr/share/verilator/include/verilated.cpp
g++ -Os  -I.  -MMD -I/usr/share/verilator/include -I/usr/share/verilator/include/vltstd -DVM_COVERAGE=0 -DVM_SC=0 -DVM_TIMING=0 -DVM_TRACE=0 -DVM_TRACE_FST=0 -DVM_TRACE_VCD=0 -faligned-new -fcf-protection=none -Wno-bool-operation -Wno-shadow -Wno-sign-compare -Wno-tautological-compare -Wno-uninitialized -Wno-unused-but-set-parameter -Wno-unused-but-set-variable -Wno-unused-parameter -Wno-unused-variable    -O3 -DPROFILE_ROUNDING=1   -c -o verilated_threads.o /usr/share/verilator/include/verilated_threads.cpp
g++ -Os  -I.  -MMD -I/usr/share/verilator/include -I/usr/share/verilator/include/vltstd -DVM_COVERAGE=0 -DVM_SC=0 -DVM_TIMING=0 -DVM_TRACE=0 -DVM_TRACE_FST=0 -DVM_TRACE_VCD=0 -faligned-new -fcf-protection=none -Wno-bool-operation -Wno-shadow -Wno-sign-compare -Wno-tautological-compare -Wno-uninitialized -Wno-unused-but-set-parameter -Wno-unused-but-set-variable -Wno-unused-parameter -Wno-unused-variable    -O3 -DPROFILE_ROUNDING=1   -x c++-header Vposit_mul_iter__pch.h -o Vposit_mul_iter__pch.h.fast.gch
g++   -I.  -MMD -I/usr/share/verilator/include -I/usr/share/verilator/include/vltstd -DVM_COVERAGE=0 -DVM_SC=0 -DVM_TIMING=0 -DVM_TRACE=0 -DVM_TRACE_FST=0 -DVM_TRACE_VCD=0 -faligned-new -fcf-protection=none -Wno-bool-operation -Wno-shadow -Wno-sign-compare -Wno-tautological-compare -Wno-uninitialized -Wno-unused-but-set-parameter -Wno-unused-but-set-variable -Wno-unused-parameter -Wno-unused-variable    -O3 -DPROFILE_ROUNDING=1   -x c++-header Vposit_mul_iter__pch.h -o Vposit_mul_iter__pch.h.slow.gch
echo "" > Vposit_mul_iter__ALL.verilator_deplist.tmp
g++ -Os  -I.  -MMD -I/usr/share/verilator/include -I/usr/share/verilator/include/vltstd -DVM_COVERAGE=0 -DVM_SC=0 -DVM_TIMING=0 -DVM_TRACE=0 -DVM_TRACE_FST=0 -DVM_TRACE_VCD=0 -faligned-new -fcf-protection=none -Wno-bool-operation -Wno-shadow -Wno-sign-compare -Wno-tautological-compare -Wno-uninitialized -Wno-unused-but-set-parameter -Wno-unused-but-set-variable -Wno-unused-parameter -Wno-unused-variable    -O3 -DPROFILE_ROUNDING=1   -include Vposit_mul_iter__pch.h.fast -c -o Vposit_mul_iter.o Vposit_mul_iter.cpp
g++ -Os  -I.  -MMD -I/usr/share/verilator/include -I/usr/share/verilator/include/vltstd -DVM_COVERAGE=0 -DVM_SC=0 -DVM_TIMING=0 -DVM_TRACE=0 -DVM_TRACE_FST=0 -DVM_TRACE_VCD=0 -faligned-new -fcf-protection=none -Wno-bool-operation -Wno-shadow -Wno-sign-compare -Wno-tautological-compare -Wno-uninitialized -Wno-unused-but-set-parameter -Wno-unused-but-set-variable -Wno-unused-parameter -Wno-unused-variable    -O3 -DPROFILE_ROUNDING=1   -include Vposit_mul_iter__pch.h.fast -c -o Vposit_mul_iter___024root__DepSet_hcaf1a55c__0.o Vposit_mul_iter___024root__DepSet_hcaf1a55c__0.cpp
g++ -Os  -I.  -MMD -I/usr/share/verilator/include -I/usr/share/verilator/include/vltstd -DVM_COVERAGE=0 -DVM_SC=0 -DVM_TIMING=0 -DVM_TRACE=0 -DVM_TRACE_FST=0 -DVM_TRACE_VCD=0 -faligned-new -fcf-protection=none -Wno-bool-operation -Wno-shadow -Wno-sign-compare -Wno-tautological-compare -Wno-uninitialized -Wno-unused-but-set-parameter -Wno-unused-but-set-variable -Wno-unused-parameter -Wno-unused-variable    -O3 -DPROFILE_ROUNDING=1   -include Vposit_mul_iter__pch.h.fast -c -o Vposit_mul_iter___024root__DepSet_hc2322694__0.o Vposit_mul_iter___024root__DepSet_hc2322694__0.cpp
g++ -Os  -I.  -MMD -I/usr/share/verilator/include -I/usr/share/verilator/include/vltstd -DVM_COVERAGE=0 -DVM_SC=0 -DVM_TIMING=0 -DVM_TRACE=0 -DVM_TRACE_FST=0 -DVM_TRACE_VCD=0 -faligned-new -fcf-protection=none -Wno-bool-operation -Wno-shadow -Wno-sign-compare -Wno-tautological-compare -Wno-uninitialized -Wno-unused-but-set-parameter -Wno-unused-but-set-variable -Wno-unused-parameter -Wno-unused-variable    -O3 -DPROFILE_ROUNDING=1   -include Vposit_mul_iter__pch.h.fast -c -o Vposit_mul_iter___024root__DepSet_hc2322694__1.o Vposit_mul_iter___024root__DepSet_hc2322694__1.cpp
g++   -I.  -MMD -I/usr/share/verilator/include -I/usr/share/verilator/include/vltstd -DVM_COVERAGE=0 -DVM_SC=0 -DVM_TIMING=0 -DVM_TRACE=0 -DVM_TRACE_FST=0 -DVM_TRACE_VCD=0 -faligned-new -fcf-protection=none -Wno-bool-operation -Wno-shadow -Wno-sign-compare -Wno-tautological-compare -Wno-uninitialized -Wno-unused-but-set-parameter -Wno-unused-but-set-variable -Wno-unused-parameter -Wno-unused-variable    -O3 -DPROFILE_ROUNDING=1   -include Vposit_mul_iter__pch.h.slow -c -o Vposit_mul_iter___024root__Slow.o Vposit_mul_iter___024root__Slow.cpp
g++   -I.  -MMD -I/usr/share/verilator/include -I/usr/share/verilator/include/vltstd -DVM_COVERAGE=0 -DVM_SC=0 -DVM_TIMING=0 -DVM_TRACE=0 -DVM_TRACE_FST=0 -DVM_TRACE_VCD=0 -faligned-new -fcf-protection=none -Wno-bool-operation -Wno-shadow -Wno-sign-compare -Wno-tautological-compare -Wno-uninitialized -Wno-unused-but-set-parameter -Wno-unused-but-set-variable -Wno-unused-parameter -Wno-unused-variable    -O3 -DPROFILE_ROUNDING=1   -include Vposit_mul_iter__pch.h.slow -c -o Vposit_mul_iter___024root__DepSet_hcaf1a55c__0__Slow.o Vposit_mul_iter___024root__DepSet_hcaf1a55c__0__Slow.cpp
g++   -I.  -MMD -I/usr/share/verilator/include -I/usr/share/verilator/include/vltstd -DVM_COVERAGE=0 -DVM_SC=0 -DVM_TIMING=0 -DVM_TRACE=0 -DVM_TRACE_FST=0 -DVM_TRACE_VCD=0 -faligned-new -fcf-protection=none -Wno-bool-operation -Wno-shadow -Wno-sign-compare -Wno-tautological-compare -Wno-uninitialized -Wno-unused-but-set-parameter -Wno-unused-but-set-variable -Wno-unused-parameter -Wno-unused-variable    -O3 -DPROFILE_ROUNDING=1   -include Vposit_mul_iter__pch.h.slow -c -o Vposit_mul_iter___024root__DepSet_hc2322694__0__Slow.o Vposit_mul_iter___024root__DepSet_hc2322694__0__Slow.cpp
g++   -I.  -MMD -I/usr/share/verilator/include -I/usr/share/verilator/include/vltstd -DVM_COVERAGE=0 -DVM_SC=0 -DVM_TIMING=0 -DVM_TRACE=0 -DVM_TRACE_FST=0 -DVM_TRACE_VCD=0 -faligned-new -fcf-protection=none -Wno-bool-operation -Wno-shadow -Wno-sign-compare -Wno-tautological-compare -Wno-uninitialized -Wno-unused-but-set-parameter -Wno-unused-but-set-variable -Wno-unused-parameter -Wno-unused-variable    -O3 -DPROFILE_ROUNDING=1   -include Vposit_mul_iter__pch.h.slow -c -o Vposit_mul_iter___024root__DepSet_hc2322694__1__Slow.o Vposit_mul_iter___024root__DepSet_hc2322694__1__Slow.cpp
g++   -I.  -MMD -I/usr/share/verilator/include -I/usr/share/verilator/include/vltstd -DVM_COVERAGE=0 -DVM_SC=0 -DVM_TIMING=0 -DVM_TRACE=0 -DVM_TRACE_FST=0 -DVM_TRACE_VCD=0 -faligned-new -fcf-protection=none -Wno-bool-operation -Wno-shadow -Wno-sign-compare -Wno-tautological-compare -Wno-uninitialized -Wno-unused-but-set-parameter -Wno-unused-but-set-variable -Wno-unused-parameter -Wno-unused-variable    -O3 -DPROFILE_ROUNDING=1   -include Vposit_mul_iter__pch.h.slow -c -o Vposit_mul_iter__Syms.o Vposit_mul_iter__Syms.cpp
g++    week9_multiplier_harness.o verilated.o verilated_threads.o Vposit_mul_iter__ALL.a    -pthread -lpthread -latomic   -o Vposit_mul_iter
rm Vposit_mul_iter__ALL.verilator_deplist.tmp
make: Leaving directory '/mnt/c/HCMUT/HK261/Do an 2/Posit_MAC/results/week9_multiplier/verilator/final_pilot/32_2_1_1/obj_dir'
