================================================================================
   SOFTPOSIT GOLDEN REFERENCE (L0) - WEEK 2 CORNER & TV-RND VERIFICATION
   Standard Configs: Posit8(ES=0), Posit16(ES=1), Posit32(ES=2)
================================================================================

[Suite 1] Posit32 Corner List (§6.4)
--------------------------------------------------------------------------------
[PASS] P32: zero value check                      : 0x00000000 == 0x00000000 
[PASS] P32: NaR value check                       : 0x80000000 == 0x80000000 
[PASS] P32: +1.0 value check                      : 0x40000000 == 0x40000000 
[PASS] P32: -1.0 value check                      : 0xC0000000 == 0xC0000000 
[PASS] P32: NaR * 0 -> NaR                        : 0x80000000 == 0x80000000 (NaR dominant)
[PASS] P32: 0 * NaR -> NaR                        : 0x80000000 == 0x80000000 (NaR dominant)
[PASS] P32: maxpos * maxpos -> maxpos             : 0x7FFFFFFF == 0x7FFFFFFF (Saturation overflow)
[PASS] P32: minpos * minpos -> minpos             : 0x00000001 == 0x00000001 (Saturation underflow)
[PASS] P32: (-maxpos) * (-maxpos) -> maxpos       : 0x7FFFFFFF == 0x7FFFFFFF (Positive overflow)
[PASS] P32: maxpos * minpos -> 1.0                : 0x40000000 == 0x40000000 (Exact 1.0 for ES=2)
[PASS] P32: maxpos + maxpos -> maxpos             : 0x7FFFFFFF == 0x7FFFFFFF (Add overflow)
[PASS] P32: (+1) + (-1) -> 0.0                    : 0x00000000 == 0x00000000 (Exact cancellation)
[PASS] P32: maxpos + (-maxpos) -> 0.0             : 0x00000000 == 0x00000000 (Exact cancellation)
[PASS] P32: 1 + minpos -> 1.0                     : 0x40000000 == 0x40000000 (Precision loss underflow)
[PASS] P32: mulAdd(NaR, 1, 0) -> NaR              : 0x80000000 == 0x80000000 (MAC NaR operand A)
[PASS] P32: mulAdd(1, NaR, 0) -> NaR              : 0x80000000 == 0x80000000 (MAC NaR operand B)
[PASS] P32: mulAdd(1, 1, NaR) -> NaR              : 0x80000000 == 0x80000000 (MAC NaR operand C)
[PASS] P32: mulAdd(1, 1, 1) -> 2.0                : 0x48000000 == 0x48000000 (1*1 + 1 = 2)
[PASS] P32: mulAdd(1, -1, 1) -> 0.0               : 0x00000000 == 0x00000000 (1*(-1) + 1 = 0)

[Suite 2] TV-RND Posit8 Test Vectors (§3.4)
--------------------------------------------------------------------------------
[PASS] TV-RND-00: double(0.1)                     : 0x06 == 0x06 (= 0.09375)
[PASS] TV-RND-01: double(1 + 2^-6)                : 0x40 == 0x40 (1.0, RNE tie round-to-even)
[PASS] TV-RND-02: double(1 + 3*2^-6)              : 0x42 == 0x42 (1.0625, RNE tie round-up)
[PASS] TV-RND-03: double(100.0)                   : 0x7F == 0x7F (maxpos = 64 saturation)
[PASS] TV-RND-04: double(0.001)                   : 0x01 == 0x01 (minpos = 2^-6 saturation)
[PASS] P8: NaR * 0 -> NaR                         : 0x80 == 0x80 
[PASS] P8: maxpos * minpos -> 1.0                 : 0x40 == 0x40 (2^6 * 2^-6 = 1)
[PASS] P8: mulAdd(1, 1, 1) -> 2.0                 : 0x60 == 0x60 (2.0 in P8)

[Suite 3] Posit16 Corner Cases (ES=1)
--------------------------------------------------------------------------------
[PASS] P16: NaR * 0 -> NaR                        : 0x8000 == 0x8000 
[PASS] P16: 0 * NaR -> NaR                        : 0x8000 == 0x8000 
[PASS] P16: maxpos * minpos -> 1.0                : 0x4000 == 0x4000 (2^28 * 2^-28 = 1)
[PASS] P16: maxpos * maxpos -> maxpos             : 0x7FFF == 0x7FFF (Overflow)
[PASS] P16: minpos * minpos -> minpos             : 0x0001 == 0x0001 (Underflow)
[PASS] P16: (+1) + (-1) -> 0.0                    : 0x0000 == 0x0000 
[PASS] P16: mulAdd(1, 1, 1) -> 2.0                : 0x5000 == 0x5000 

[Suite 4] Maximum Regime Verification (m = NB - 1)
--------------------------------------------------------------------------------
[PASS] P8  Max Regime (m=7):  0x7F * 0x01         : 0x40 == 0x40 (1.0)
[PASS] P16 Max Regime (m=15): 0x7FFF * 0x0001     : 0x4000 == 0x4000 (1.0)
[PASS] P32 Max Regime (m=31): 0x7FFFFFFF * 0x00000001 : 0x40000000 == 0x40000000 (1.0)

[Suite 5] Object-Oriented Interface (Posit8, Posit16, Posit32)
--------------------------------------------------------------------------------
[PASS] OO: Posit8 1.0 * 1.0                       : 0x40 == 0x40 
[PASS] OO: Posit16 1.0 + 1.0                      : 0x5000 == 0x5000 
[PASS] OO: Posit32 1.0 * 1.0 + 1.0                : 0x48000000 == 0x48000000 

================================================================================
   SUMMARY: 40 PASSED, 0 FAILED out of 40 total test cases.
================================================================================
