
[TEST 2] Posit32 (ES=2) Mandatory Corner List (§6.4)...
  [PASS] NaR * 0 : 0x80000000 == 0x80000000
  [PASS] 0 * NaR : 0x80000000 == 0x80000000
  [PASS] maxpos * maxpos : 0x7fffffff == 0x7fffffff
  [PASS] minpos * minpos : 0x1 == 0x1
  [PASS] (-maxpos) * (-maxpos) : 0x7fffffff == 0x7fffffff
  [PASS] maxpos * minpos : 0x40000000 == 0x40000000
  [PASS] +1 * -1 : 0xc0000000 == 0xc0000000
  [PASS] -1 * -1 : 0x40000000 == 0x40000000
  [PASS] NaR * maxpos : 0x80000000 == 0x80000000
  [PASS] 0 * minpos : 0x0 == 0x0
  [PASS] maxpos * 0 : 0x0 == 0x0
  [PASS] minpos * maxpos : 0x40000000 == 0x40000000
  [PASS] minpos * (-minpos) : 0xffffffff == 0xffffffff

[TEST 4] Posit32 STRATIFIED: 10000000 pairs; seed=314159
COVERAGE cells=256 min_cell=39062
CELL_COUNTS G1 [39063,39063,39063,39063] [39063,39063,39063,39063] [39063,39063,39063,39063] [39063,39063,39063,39063] [39063,39063,39063,39063] [39063,39063,39063,39063] [39063,39063,39063,39063] [39063,39063,39063,39063]
CELL_COUNTS G2 [39063,39063,39063,39063] [39063,39063,39063,39063] [39063,39063,39063,39063] [39063,39063,39063,39063] [39063,39063,39063,39063] [39063,39063,39063,39063] [39063,39063,39063,39063] [39063,39063,39063,39063]
CELL_COUNTS G3 [39063,39063,39063,39063] [39063,39063,39063,39063] [39063,39063,39063,39063] [39063,39063,39063,39063] [39063,39063,39063,39063] [39063,39063,39063,39063] [39063,39063,39063,39063] [39063,39063,39063,39063]
CELL_COUNTS G4 [39063,39063,39063,39063] [39063,39063,39063,39063] [39063,39063,39063,39063] [39063,39063,39063,39063] [39063,39063,39063,39063] [39063,39063,39063,39063] [39063,39063,39063,39063] [39063,39063,39063,39063]
CELL_COUNTS G5 [39062,39062,39062,39062] [39062,39062,39062,39062] [39062,39062,39062,39062] [39062,39062,39062,39062] [39062,39062,39062,39062] [39062,39062,39062,39062] [39062,39062,39062,39062] [39062,39062,39062,39062]
CELL_COUNTS G6 [39062,39062,39062,39062] [39062,39062,39062,39062] [39062,39062,39062,39062] [39062,39062,39062,39062] [39062,39062,39062,39062] [39062,39062,39062,39062] [39062,39062,39062,39062] [39062,39062,39062,39062]
CELL_COUNTS G7 [39062,39062,39062,39062] [39062,39062,39062,39062] [39062,39062,39062,39062] [39062,39062,39062,39062] [39062,39062,39062,39062] [39062,39062,39062,39062] [39062,39062,39062,39062] [39062,39062,39062,39062]
CELL_COUNTS G8 [39062,39062,39062,39062] [39062,39062,39062,39062] [39062,39062,39062,39062] [39062,39062,39062,39062] [39062,39062,39062,39062] [39062,39062,39062,39062] [39062,39062,39062,39062] [39062,39062,39062,39062]
REGIME rc=0 m=1 operands=416672
REGIME rc=0 m=2 operands=416704
REGIME rc=0 m=3 operands=416640
REGIME rc=0 m=4 operands=312480
REGIME rc=0 m=5 operands=312512
REGIME rc=0 m=6 operands=312512
REGIME rc=0 m=7 operands=312512
REGIME rc=0 m=8 operands=312480
REGIME rc=0 m=9 operands=312512
REGIME rc=0 m=10 operands=312512
REGIME rc=0 m=11 operands=312512
REGIME rc=0 m=12 operands=312480
REGIME rc=0 m=13 operands=312512
REGIME rc=0 m=14 operands=312512
REGIME rc=0 m=15 operands=312512
REGIME rc=0 m=16 operands=624992
REGIME rc=0 m=17 operands=624992
REGIME rc=0 m=18 operands=250016
REGIME rc=0 m=19 operands=250016
REGIME rc=0 m=20 operands=249984
REGIME rc=0 m=21 operands=249984
REGIME rc=0 m=22 operands=249984
REGIME rc=0 m=23 operands=250016
REGIME rc=0 m=24 operands=250016
REGIME rc=0 m=25 operands=249984
REGIME rc=0 m=26 operands=249984
REGIME rc=0 m=27 operands=249984
REGIME rc=0 m=28 operands=416672
REGIME rc=0 m=29 operands=416672
REGIME rc=0 m=30 operands=416640
REGIME rc=1 m=1 operands=416704
REGIME rc=1 m=2 operands=416656
REGIME rc=1 m=3 operands=416640
REGIME rc=1 m=4 operands=312512
REGIME rc=1 m=5 operands=312512
REGIME rc=1 m=6 operands=312512
REGIME rc=1 m=7 operands=312464
REGIME rc=1 m=8 operands=312512
REGIME rc=1 m=9 operands=312512
REGIME rc=1 m=10 operands=312512
REGIME rc=1 m=11 operands=312464
REGIME rc=1 m=12 operands=312512
REGIME rc=1 m=13 operands=312512
REGIME rc=1 m=14 operands=312512
REGIME rc=1 m=15 operands=312464
REGIME rc=1 m=16 operands=625024
REGIME rc=1 m=17 operands=624976
REGIME rc=1 m=18 operands=250048
REGIME rc=1 m=19 operands=250000
REGIME rc=1 m=20 operands=249984
REGIME rc=1 m=21 operands=249984
REGIME rc=1 m=22 operands=249984
REGIME rc=1 m=23 operands=250048
REGIME rc=1 m=24 operands=250000
REGIME rc=1 m=25 operands=249984
REGIME rc=1 m=26 operands=249984
REGIME rc=1 m=27 operands=249984
REGIME rc=1 m=28 operands=312512
REGIME rc=1 m=29 operands=312512
REGIME rc=1 m=30 operands=312512
REGIME rc=1 m=31 operands=312464
NOTE: rc=0,m=31 is zero, not a finite nonzero posit; checked separately by corner suite.
  [PASS] Posit32 Sampled Mul: 10000000/10000000 (100% Bit-Exact with SoftPosit in 1.90s)
