============================================================
  L1 Roundtrip Identity Verification: pack(parse(p)) == p
============================================================
[TEST] Exhaustive Identity for Posit8 (ES=0) (NB=8, ES=0): 256 patterns...
  [PASS] Posit8 (ES=0): 256/256 (100% Bit-Exact Match)
[TEST] Exhaustive Identity for Posit16 (ES=1) (NB=16, ES=1): 65536 patterns...
  [PASS] Posit16 (ES=1): 65536/65536 (100% Bit-Exact Match)
[TEST] Posit32 Identity Verification (1000000 stratified/random samples + corners)...
  [PASS] Posit32: 1000012/1000012 (100% Bit-Exact Match)
============================================================
  ALL ROUNDTRIP IDENTITY TESTS PASSED (0 Mismatch)!
============================================================
================================================================================
  L1 EXACT MULTIPLIER vs SOFTPOSIT L0 - GATE 1 BIT-EXACT VERIFICATION
================================================================================

[TEST 1] Posit8 (ES=0) Exhaustive Multiplication: 65,536 pairs...
  [PASS] Posit8 Exact Mul: 65536/65536 (100% Bit-Exact with SoftPosit)

[TEST 2] Posit32 (ES=2) Mandatory Corner List (§6.4)...
  [PASS] NaR * 0 : 0x80000000 == 0x80000000
  [PASS] 0 * NaR : 0x80000000 == 0x80000000
  [PASS] maxpos * maxpos : 0x7fffffff == 0x7fffffff
  [PASS] minpos * minpos : 0x1 == 0x1
  [PASS] (-maxpos) * (-maxpos) : 0x7fffffff == 0x7fffffff
  [PASS] maxpos * minpos : 0x40000000 == 0x40000000
  [PASS] +1 * -1 : 0xc0000000 == 0xc0000000
  [PASS] -1 * -1 : 0x40000000 == 0x40000000
  [PASS] NaR * maxpos : 0x80000000 == 0x80000000
  [PASS] 0 * minpos : 0x0 == 0x0
  [PASS] maxpos * 0 : 0x0 == 0x0
  [PASS] minpos * maxpos : 0x40000000 == 0x40000000
  [PASS] minpos * (-minpos) : 0xffffffff == 0xffffffff

[TEST 3] Posit16 (ES=1) Sampled Multiplication: 1000000 pairs...
  [PASS] Posit16 Sampled Mul: 1000000/1000000 (100% Bit-Exact with SoftPosit)

[TEST 4] Posit32 (ES=2) Stratified & Random Multiplication: 1000000 pairs...
  [PASS] Posit32 Sampled Mul: 1000000/1000000 (100% Bit-Exact with SoftPosit in 0.06s)

================================================================================
  GATE 1 PASSED: 100% BIT-EXACT MATCH WITH SOFTPOSIT (0 MISMATCH)!
================================================================================
