samples=10000000 seed=314160 distribution=uniform-value ops_bits=7 fraction_bits=12
profile,n,threshold_percent,count,percent,delta_Proposed_pp,paired_delta_baseline_pp,paired_se_pp,changed_outputs
baseline,2,0.100000,871911,8.719110,-1.150890,0.000000,0.000000,0
baseline,2,0.500000,3118891,31.188910,-1.001090,0.000000,0.000000,0
baseline,2,1.000000,4931328,49.313280,-0.716720,0.000000,0.000000,0
baseline,2,5.000000,9546628,95.466280,-0.103720,0.000000,0.000000,0
baseline,3,0.100000,4335288,43.352880,-1.337120,0.000000,0.000000,0
baseline,3,0.500000,8285958,82.859580,-0.310420,0.000000,0.000000,0
baseline,3,1.000000,9497809,94.978090,-0.071910,0.000000,0.000000,0
baseline,3,5.000000,10000000,100.000000,0.010000,0.000000,0.000000,0
baseline,4,0.100000,8630067,86.300670,-0.789330,0.000000,0.000000,0
baseline,4,0.500000,9979811,99.798110,0.008110,0.000000,0.000000,0
baseline,4,1.000000,10000000,100.000000,0.010000,0.000000,0.000000,0
baseline,4,5.000000,10000000,100.000000,0.010000,0.000000,0.000000,0
prefix12_anchor,2,0.100000,896424,8.964240,-0.905760,0.245130,0.002571,8693657
prefix12_anchor,2,0.500000,3132407,31.324070,-0.865930,0.135160,0.001942,8693657
prefix12_anchor,2,1.000000,4935103,49.351030,-0.678970,0.037750,0.001403,8693657
prefix12_anchor,2,5.000000,9546752,95.467520,-0.102480,0.001240,0.000497,8693657
prefix12_anchor,3,0.100000,4371980,43.719800,-0.970200,0.366920,0.004490,9845742
prefix12_anchor,3,0.500000,8290966,82.909660,-0.260340,0.050080,0.001911,9845742
prefix12_anchor,3,1.000000,9499880,94.998800,-0.051200,0.020710,0.001060,9845742
prefix12_anchor,3,5.000000,10000000,100.000000,0.010000,0.000000,0.000000,9845742
prefix12_anchor,4,0.100000,8669279,86.692790,-0.397210,0.392120,0.004362,9964792
prefix12_anchor,4,0.500000,9980661,99.806610,0.016610,0.008500,0.000625,9964792
prefix12_anchor,4,1.000000,10000000,100.000000,0.010000,0.000000,0.000000,9964792
prefix12_anchor,4,5.000000,10000000,100.000000,0.010000,0.000000,0.000000,9964792
attempted=10000001 accepted=10000000 zero=1 regime=0 ideal_zero=0 ties=811277 draws=20000002 fingerprint=2dd79596d9ac8931 elapsed=5.776184
