samples=10000000 seed=20261004 distribution=uniform-value ops_bits=7 fraction_bits=12
profile,n,threshold_percent,count,percent,delta_Proposed_pp,paired_delta_baseline_pp,paired_se_pp,changed_outputs
baseline,2,0.100000,873366,8.733660,-1.136340,0.000000,0.000000,0
baseline,2,0.500000,3117534,31.175340,-1.014660,0.000000,0.000000,0
baseline,2,1.000000,4927697,49.276970,-0.753030,0.000000,0.000000,0
baseline,2,5.000000,9545825,95.458250,-0.111750,0.000000,0.000000,0
baseline,3,0.100000,4331755,43.317550,-1.372450,0.000000,0.000000,0
baseline,3,0.500000,8284377,82.843770,-0.326230,0.000000,0.000000,0
baseline,3,1.000000,9498046,94.980460,-0.069540,0.000000,0.000000,0
baseline,3,5.000000,10000000,100.000000,0.010000,0.000000,0.000000,0
baseline,4,0.100000,8626579,86.265790,-0.824210,0.000000,0.000000,0
baseline,4,0.500000,9979883,99.798830,0.008830,0.000000,0.000000,0
baseline,4,1.000000,10000000,100.000000,0.010000,0.000000,0.000000,0
baseline,4,5.000000,10000000,100.000000,0.010000,0.000000,0.000000,0
prefix12_anchor,2,0.100000,897748,8.977480,-0.892520,0.243820,0.002581,8697396
prefix12_anchor,2,0.500000,3131324,31.313240,-0.876760,0.137900,0.001941,8697396
prefix12_anchor,2,1.000000,4931432,49.314320,-0.715680,0.037350,0.001411,8697396
prefix12_anchor,2,5.000000,9546026,95.460260,-0.109740,0.002010,0.000490,8697396
prefix12_anchor,3,0.100000,4368385,43.683850,-1.006150,0.366300,0.004492,9846888
prefix12_anchor,3,0.500000,8289510,82.895100,-0.274900,0.051330,0.001907,9846888
prefix12_anchor,3,1.000000,9500014,95.000140,-0.049860,0.019680,0.001057,9846888
prefix12_anchor,3,5.000000,10000000,100.000000,0.010000,0.000000,0.000000,9846888
prefix12_anchor,4,0.100000,8666885,86.668850,-0.421150,0.403060,0.004374,9965387
prefix12_anchor,4,0.500000,9980734,99.807340,0.017340,0.008510,0.000622,9965387
prefix12_anchor,4,1.000000,10000000,100.000000,0.010000,0.000000,0.000000,9965387
prefix12_anchor,4,5.000000,10000000,100.000000,0.010000,0.000000,0.000000,9965387
attempted=10000006 accepted=10000000 zero=6 regime=0 ideal_zero=0 ties=811764 draws=20000012 fingerprint=604528ec0e280c1b elapsed=5.825622
