INTEGER_8BIT PASS checks=260100 AE_percent=8.9131,0.8337,0.0708,0.0048,
LOCAL_FP32_EXTENSION input_fraction=23 input_cut=none output=FP32_RNE; not published source code
CHECKPOINT accepted=10000000
CHECKPOINT accepted=20000000
CHECKPOINT accepted=30000000
CHECKPOINT accepted=40000000
CHECKPOINT accepted=50000000
CHECKPOINT accepted=60000000
CHECKPOINT accepted=70000000
CHECKPOINT accepted=80000000
CHECKPOINT accepted=90000000
CHECKPOINT accepted=100000000
CHECKPOINT accepted=110000000
CHECKPOINT accepted=120000000
CHECKPOINT accepted=130000000
CHECKPOINT accepted=140000000
CHECKPOINT accepted=150000000
CHECKPOINT accepted=160000000
CHECKPOINT accepted=170000000
CHECKPOINT accepted=180000000
CHECKPOINT accepted=190000000
CHECKPOINT accepted=200000000
n,threshold_percent,count,percent,delta_Babic_pp
2,0.100000,38293234,19.146617,0.006617
2,0.500000,94749702,47.374851,0.004851
2,1.000000,130278182,65.139091,0.009091
2,5.000000,198255080,99.127540,-0.002460
3,0.100000,141031655,70.515828,-0.004172
3,0.500000,191042067,95.521034,0.001034
3,1.000000,198857710,99.428855,-0.001145
3,5.000000,200000000,100.000000,0.000000
4,0.100000,196060579,98.030289,0.000289
4,0.500000,200000000,100.000000,0.000000
4,1.000000,200000000,100.000000,0.000000
4,5.000000,200000000,100.000000,0.000000
samples=200000000 seed=271828 attempted=200000021 zero=21 draws=400000042 fingerprint=4478e811a897da7 max_delta_pp=0.009091 numeric_acceptance=PASS elapsed=56.535922
