samples=100000 seed=314159 distribution=uniform-value ops_bits=7 fraction_bits=12
profile,n,threshold_percent,count,percent,delta_Proposed_pp,paired_delta_baseline_pp,paired_se_pp,changed_outputs
baseline,2,0.100000,8759,8.759000,-1.111000,0.000000,0.000000,0
baseline,2,0.500000,31069,31.069000,-1.121000,0.000000,0.000000,0
baseline,2,1.000000,49217,49.217000,-0.813000,0.000000,0.000000,0
baseline,2,5.000000,95366,95.366000,-0.204000,0.000000,0.000000,0
baseline,3,0.100000,43299,43.299000,-1.391000,0.000000,0.000000,0
baseline,3,0.500000,82739,82.739000,-0.431000,0.000000,0.000000,0
baseline,3,1.000000,94822,94.822000,-0.228000,0.000000,0.000000,0
baseline,3,5.000000,100000,100.000000,0.010000,0.000000,0.000000,0
baseline,4,0.100000,86274,86.274000,-0.816000,0.000000,0.000000,0
baseline,4,0.500000,99814,99.814000,0.024000,0.000000,0.000000,0
baseline,4,1.000000,100000,100.000000,0.010000,0.000000,0.000000,0
baseline,4,5.000000,100000,100.000000,0.010000,0.000000,0.000000,0
tie_b,2,0.100000,8726,8.726000,-1.144000,-0.033000,0.032264,8110
tie_b,2,0.500000,31142,31.142000,-1.048000,0.073000,0.039811,8110
tie_b,2,1.000000,49244,49.244000,-0.786000,0.027000,0.035986,8110
tie_b,2,5.000000,95374,95.374000,-0.196000,0.008000,0.014142,8110
tie_b,3,0.100000,43304,43.304000,-1.386000,0.005000,0.049749,7852
tie_b,3,0.500000,82772,82.772000,-0.398000,0.033000,0.031670,7852
tie_b,3,1.000000,94851,94.851000,-0.199000,0.029000,0.019774,7852
tie_b,3,5.000000,100000,100.000000,0.010000,0.000000,0.000000,7852
tie_b,4,0.100000,86273,86.273000,-0.817000,-0.001000,0.036837,6866
tie_b,4,0.500000,99806,99.806000,0.016000,-0.008000,0.006633,6866
tie_b,4,1.000000,100000,100.000000,0.010000,0.000000,0.000000,6866
tie_b,4,5.000000,100000,100.000000,0.010000,0.000000,0.000000,6866
relative_prediction,2,0.100000,8963,8.963000,-0.907000,0.204000,0.018857,5679
relative_prediction,2,0.500000,31429,31.429000,-0.761000,0.360000,0.026281,5679
relative_prediction,2,1.000000,49622,49.622000,-0.408000,0.405000,0.027809,5679
relative_prediction,2,5.000000,95552,95.552000,-0.018000,0.186000,0.015022,5679
relative_prediction,3,0.100000,43723,43.723000,-0.967000,0.424000,0.038990,5598
relative_prediction,3,0.500000,83227,83.227000,0.057000,0.488000,0.036161,5598
relative_prediction,3,1.000000,95232,95.232000,0.182000,0.410000,0.025580,5598
relative_prediction,3,5.000000,100000,100.000000,0.010000,0.000000,0.000000,5598
relative_prediction,4,0.100000,86688,86.688000,-0.402000,0.414000,0.038552,5109
relative_prediction,4,0.500000,99862,99.862000,0.072000,0.048000,0.007614,5109
relative_prediction,4,1.000000,100000,100.000000,0.010000,0.000000,0.000000,5109
relative_prediction,4,5.000000,100000,100.000000,0.010000,0.000000,0.000000,5109
exact_prediction_residual,2,0.100000,8973,8.973000,-0.897000,0.214000,0.015412,363
exact_prediction_residual,2,0.500000,31186,31.186000,-1.004000,0.117000,0.010810,363
exact_prediction_residual,2,1.000000,49255,49.255000,-0.775000,0.038000,0.006163,363
exact_prediction_residual,2,5.000000,95366,95.366000,-0.204000,0.000000,0.000000,363
exact_prediction_residual,3,0.100000,43393,43.393000,-1.297000,0.094000,0.009691,329
exact_prediction_residual,3,0.500000,82739,82.739000,-0.431000,0.000000,0.000000,329
exact_prediction_residual,3,1.000000,94822,94.822000,-0.228000,0.000000,0.000000,329
exact_prediction_residual,3,5.000000,100000,100.000000,0.010000,0.000000,0.000000,329
exact_prediction_residual,4,0.100000,86276,86.276000,-0.814000,0.002000,0.001414,245
exact_prediction_residual,4,0.500000,99814,99.814000,0.024000,0.000000,0.000000,245
exact_prediction_residual,4,1.000000,100000,100.000000,0.010000,0.000000,0.000000,245
exact_prediction_residual,4,5.000000,100000,100.000000,0.010000,0.000000,0.000000,245
acc_guard12,2,0.100000,8802,8.802000,-1.068000,0.043000,0.020808,87029
acc_guard12,2,0.500000,31082,31.082000,-1.108000,0.013000,0.015716,87029
acc_guard12,2,1.000000,49222,49.222000,-0.808000,0.005000,0.013304,87029
acc_guard12,2,5.000000,95374,95.374000,-0.196000,0.008000,0.004472,87029
acc_guard12,3,0.100000,43611,43.611000,-1.079000,0.312000,0.042884,98509
acc_guard12,3,0.500000,82801,82.801000,-0.369000,0.062000,0.019999,98509
acc_guard12,3,1.000000,94829,94.829000,-0.221000,0.007000,0.010909,98509
acc_guard12,3,5.000000,100000,100.000000,0.010000,0.000000,0.000000,98509
acc_guard12,4,0.100000,86674,86.674000,-0.416000,0.400000,0.043433,99669
acc_guard12,4,0.500000,99818,99.818000,0.028000,0.004000,0.005657,99669
acc_guard12,4,1.000000,100000,100.000000,0.010000,0.000000,0.000000,99669
acc_guard12,4,5.000000,100000,100.000000,0.010000,0.000000,0.000000,99669
exact_sac_residual,2,0.100000,8732,8.732000,-1.138000,-0.027000,0.005195,342
exact_sac_residual,2,0.500000,31069,31.069000,-1.121000,0.000000,0.000000,342
exact_sac_residual,2,1.000000,49217,49.217000,-0.813000,0.000000,0.000000,342
exact_sac_residual,2,5.000000,95366,95.366000,-0.204000,0.000000,0.000000,342
exact_sac_residual,3,0.100000,42996,42.996000,-1.694000,-0.303000,0.017835,3862
exact_sac_residual,3,0.500000,82733,82.733000,-0.437000,-0.006000,0.002449,3862
exact_sac_residual,3,1.000000,94822,94.822000,-0.228000,0.000000,0.000000,3862
exact_sac_residual,3,5.000000,100000,100.000000,0.010000,0.000000,0.000000,3862
exact_sac_residual,4,0.100000,85869,85.869000,-1.221000,-0.405000,0.020817,15738
exact_sac_residual,4,0.500000,99811,99.811000,0.021000,-0.003000,0.001732,15738
exact_sac_residual,4,1.000000,100000,100.000000,0.010000,0.000000,0.000000,15738
exact_sac_residual,4,5.000000,100000,100.000000,0.010000,0.000000,0.000000,15738
pack_rne,2,0.100000,8759,8.759000,-1.111000,0.000000,0.000000,0
pack_rne,2,0.500000,31069,31.069000,-1.121000,0.000000,0.000000,0
pack_rne,2,1.000000,49217,49.217000,-0.813000,0.000000,0.000000,0
pack_rne,2,5.000000,95366,95.366000,-0.204000,0.000000,0.000000,0
pack_rne,3,0.100000,43299,43.299000,-1.391000,0.000000,0.000000,0
pack_rne,3,0.500000,82739,82.739000,-0.431000,0.000000,0.000000,0
pack_rne,3,1.000000,94822,94.822000,-0.228000,0.000000,0.000000,0
pack_rne,3,5.000000,100000,100.000000,0.010000,0.000000,0.000000,0
pack_rne,4,0.100000,86274,86.274000,-0.816000,0.000000,0.000000,0
pack_rne,4,0.500000,99814,99.814000,0.024000,0.000000,0.000000,0
pack_rne,4,1.000000,100000,100.000000,0.010000,0.000000,0.000000,0
pack_rne,4,5.000000,100000,100.000000,0.010000,0.000000,0.000000,0
attempted=100000 accepted=100000 zero=0 regime=0 ideal_zero=0 ties=8206 draws=200000 fingerprint=36a18bd492e6b0cf elapsed=0.161781
