samples=1000000 seed=314159 distribution=uniform-value ops_bits=7 fraction_bits=12
profile,n,threshold_percent,count,percent,delta_Proposed_pp,paired_delta_baseline_pp,paired_se_pp,changed_outputs
baseline,2,0.100000,87085,8.708500,-1.161500,0.000000,0.000000,0
baseline,2,0.500000,312233,31.223300,-0.966700,0.000000,0.000000,0
baseline,2,1.000000,493440,49.344000,-0.686000,0.000000,0.000000,0
baseline,2,5.000000,954780,95.478000,-0.092000,0.000000,0.000000,0
baseline,3,0.100000,433697,43.369700,-1.320300,0.000000,0.000000,0
baseline,3,0.500000,828461,82.846100,-0.323900,0.000000,0.000000,0
baseline,3,1.000000,949728,94.972800,-0.077200,0.000000,0.000000,0
baseline,3,5.000000,1000000,100.000000,0.010000,0.000000,0.000000,0
baseline,4,0.100000,863005,86.300500,-0.789500,0.000000,0.000000,0
baseline,4,0.500000,997946,99.794600,0.004600,0.000000,0.000000,0
baseline,4,1.000000,1000000,100.000000,0.010000,0.000000,0.000000,0
baseline,4,5.000000,1000000,100.000000,0.010000,0.000000,0.000000,0
tie_b,2,0.100000,87026,8.702600,-1.167400,-0.005900,0.010141,79820
tie_b,2,0.500000,312305,31.230500,-0.959500,0.007200,0.012431,79820
tie_b,2,1.000000,493422,49.342200,-0.687800,-0.001800,0.011162,79820
tie_b,2,5.000000,954688,95.468800,-0.101200,-0.009200,0.004558,79820
tie_b,3,0.100000,433788,43.378800,-1.311200,0.009100,0.015571,77212
tie_b,3,0.500000,828473,82.847300,-0.322700,0.001200,0.009987,77212
tie_b,3,1.000000,949728,94.972800,-0.077200,0.000000,0.006135,77212
tie_b,3,5.000000,1000000,100.000000,0.010000,0.000000,0.000000,77212
tie_b,4,0.100000,862973,86.297300,-0.792700,-0.003200,0.011686,67869
tie_b,4,0.500000,997948,99.794800,0.004800,0.000200,0.002126,67869
tie_b,4,1.000000,1000000,100.000000,0.010000,0.000000,0.000000,67869
tie_b,4,5.000000,1000000,100.000000,0.010000,0.000000,0.000000,67869
relative_prediction,2,0.100000,88935,8.893500,-0.976500,0.185000,0.005935,54833
relative_prediction,2,0.500000,315496,31.549600,-0.640400,0.326300,0.008119,54833
relative_prediction,2,1.000000,497185,49.718500,-0.311500,0.374500,0.008427,54833
relative_prediction,2,5.000000,956625,95.662500,0.092500,0.184500,0.004647,54833
relative_prediction,3,0.100000,437465,43.746500,-0.943500,0.376800,0.012166,53994
relative_prediction,3,0.500000,833494,83.349400,0.179400,0.503300,0.011387,53994
relative_prediction,3,1.000000,953715,95.371500,0.321500,0.398700,0.007736,53994
relative_prediction,3,5.000000,1000000,100.000000,0.010000,0.000000,0.000000,53994
relative_prediction,4,0.100000,866774,86.677400,-0.412600,0.376900,0.012193,49463
relative_prediction,4,0.500000,998466,99.846600,0.056600,0.052000,0.002387,49463
relative_prediction,4,1.000000,1000000,100.000000,0.010000,0.000000,0.000000,49463
relative_prediction,4,5.000000,1000000,100.000000,0.010000,0.000000,0.000000,49463
exact_prediction_residual,2,0.100000,89226,8.922600,-0.947400,0.214100,0.004946,3651
exact_prediction_residual,2,0.500000,313505,31.350500,-0.839500,0.127200,0.003564,3651
exact_prediction_residual,2,1.000000,493723,49.372300,-0.657700,0.028300,0.001682,3651
exact_prediction_residual,2,5.000000,954780,95.478000,-0.092000,0.000000,0.000000,3651
exact_prediction_residual,3,0.100000,434664,43.466400,-1.223600,0.096700,0.003108,3289
exact_prediction_residual,3,0.500000,828461,82.846100,-0.323900,0.000000,0.000000,3289
exact_prediction_residual,3,1.000000,949728,94.972800,-0.077200,0.000000,0.000000,3289
exact_prediction_residual,3,5.000000,1000000,100.000000,0.010000,0.000000,0.000000,3289
exact_prediction_residual,4,0.100000,863027,86.302700,-0.787300,0.002200,0.000469,2556
exact_prediction_residual,4,0.500000,997946,99.794600,0.004600,0.000000,0.000000,2556
exact_prediction_residual,4,1.000000,1000000,100.000000,0.010000,0.000000,0.000000,2556
exact_prediction_residual,4,5.000000,1000000,100.000000,0.010000,0.000000,0.000000,2556
acc_guard12,2,0.100000,87439,8.743900,-1.126100,0.035400,0.006501,869534
acc_guard12,2,0.500000,312396,31.239600,-0.950400,0.016300,0.005049,869534
acc_guard12,2,1.000000,493493,49.349300,-0.680700,0.005300,0.004090,869534
acc_guard12,2,5.000000,954783,95.478300,-0.091700,0.000300,0.001513,869534
acc_guard12,3,0.100000,436193,43.619300,-1.070700,0.249600,0.013869,984785
acc_guard12,3,0.500000,829071,82.907100,-0.262900,0.061000,0.006117,984785
acc_guard12,3,1.000000,949916,94.991600,-0.058400,0.018800,0.003353,984785
acc_guard12,3,5.000000,1000000,100.000000,0.010000,0.000000,0.000000,984785
acc_guard12,4,0.100000,866812,86.681200,-0.408800,0.380700,0.013821,996613
acc_guard12,4,0.500000,998021,99.802100,0.012100,0.007500,0.001957,996613
acc_guard12,4,1.000000,1000000,100.000000,0.010000,0.000000,0.000000,996613
acc_guard12,4,5.000000,1000000,100.000000,0.010000,0.000000,0.000000,996613
exact_sac_residual,2,0.100000,86717,8.671700,-1.198300,-0.036800,0.001923,3610
exact_sac_residual,2,0.500000,312233,31.223300,-0.966700,0.000000,0.000000,3610
exact_sac_residual,2,1.000000,493440,49.344000,-0.686000,0.000000,0.000000,3610
exact_sac_residual,2,5.000000,954780,95.478000,-0.092000,0.000000,0.000000,3610
exact_sac_residual,3,0.100000,430686,43.068600,-1.621400,-0.301100,0.005636,39061
exact_sac_residual,3,0.500000,828427,82.842700,-0.327300,-0.003400,0.000583,39061
exact_sac_residual,3,1.000000,949728,94.972800,-0.077200,0.000000,0.000000,39061
exact_sac_residual,3,5.000000,1000000,100.000000,0.010000,0.000000,0.000000,39061
exact_sac_residual,4,0.100000,858937,85.893700,-1.196300,-0.406800,0.006560,157806
exact_sac_residual,4,0.500000,997906,99.790600,0.000600,-0.004000,0.000632,157806
exact_sac_residual,4,1.000000,1000000,100.000000,0.010000,0.000000,0.000000,157806
exact_sac_residual,4,5.000000,1000000,100.000000,0.010000,0.000000,0.000000,157806
pack_rne,2,0.100000,87085,8.708500,-1.161500,0.000000,0.000000,0
pack_rne,2,0.500000,312233,31.223300,-0.966700,0.000000,0.000000,0
pack_rne,2,1.000000,493440,49.344000,-0.686000,0.000000,0.000000,0
pack_rne,2,5.000000,954780,95.478000,-0.092000,0.000000,0.000000,0
pack_rne,3,0.100000,433697,43.369700,-1.320300,0.000000,0.000000,0
pack_rne,3,0.500000,828461,82.846100,-0.323900,0.000000,0.000000,0
pack_rne,3,1.000000,949728,94.972800,-0.077200,0.000000,0.000000,0
pack_rne,3,5.000000,1000000,100.000000,0.010000,0.000000,0.000000,0
pack_rne,4,0.100000,863005,86.300500,-0.789500,0.000000,0.000000,0
pack_rne,4,0.500000,997946,99.794600,0.004600,0.000000,0.000000,0
pack_rne,4,1.000000,1000000,100.000000,0.010000,0.000000,0.000000,0
pack_rne,4,5.000000,1000000,100.000000,0.010000,0.000000,0.000000,0
anchor0,2,0.100000,87289,8.728900,-1.141100,0.020400,0.006065,250964
anchor0,2,0.500000,312371,31.237100,-0.952900,0.013800,0.004525,250964
anchor0,2,1.000000,493498,49.349800,-0.680200,0.005800,0.003450,250964
anchor0,2,5.000000,954787,95.478700,-0.091300,0.000700,0.001063,250964
anchor0,3,0.100000,433169,43.316900,-1.373100,-0.052800,0.010375,243984
anchor0,3,0.500000,828460,82.846000,-0.324000,-0.000100,0.003618,243984
anchor0,3,1.000000,949734,94.973400,-0.076600,0.000600,0.001612,243984
anchor0,3,5.000000,1000000,100.000000,0.010000,0.000000,0.000000,243984
anchor0,4,0.100000,862123,86.212300,-0.877700,-0.088200,0.009268,259117
anchor0,4,0.500000,997940,99.794000,0.004000,-0.000600,0.000600,259117
anchor0,4,1.000000,1000000,100.000000,0.010000,0.000000,0.000000,259117
anchor0,4,5.000000,1000000,100.000000,0.010000,0.000000,0.000000,259117
anchor1,2,0.100000,87320,8.732000,-1.138000,0.023500,0.005576,488776
anchor1,2,0.500000,312331,31.233100,-0.956900,0.009800,0.004306,488776
anchor1,2,1.000000,493473,49.347300,-0.682700,0.003300,0.003466,488776
anchor1,2,5.000000,954779,95.477900,-0.092100,-0.000100,0.001308,488776
anchor1,3,0.100000,435454,43.545400,-1.144600,0.175700,0.011150,549950
anchor1,3,0.500000,828743,82.874300,-0.295700,0.028200,0.004907,549950
anchor1,3,1.000000,949806,94.980600,-0.069400,0.007800,0.002642,549950
anchor1,3,5.000000,1000000,100.000000,0.010000,0.000000,0.000000,549950
anchor1,4,0.100000,865842,86.584200,-0.505800,0.283700,0.010652,568244
anchor1,4,0.500000,997974,99.797400,0.007400,0.002800,0.001503,568244
anchor1,4,1.000000,1000000,100.000000,0.010000,0.000000,0.000000,568244
anchor1,4,5.000000,1000000,100.000000,0.010000,0.000000,0.000000,568244
anchor2,2,0.100000,87351,8.735100,-1.134900,0.026600,0.006133,742011
anchor2,2,0.500000,312301,31.230100,-0.959900,0.006800,0.004802,742011
anchor2,2,1.000000,493425,49.342500,-0.687500,-0.001500,0.003895,742011
anchor2,2,5.000000,954776,95.477600,-0.092400,-0.000400,0.001483,742011
anchor2,3,0.100000,436035,43.603500,-1.086500,0.233800,0.012673,791860
anchor2,3,0.500000,828886,82.888600,-0.281400,0.042500,0.005603,791860
anchor2,3,1.000000,949862,94.986200,-0.063800,0.013400,0.003082,791860
anchor2,3,5.000000,1000000,100.000000,0.010000,0.000000,0.000000,791860
anchor2,4,0.100000,866685,86.668500,-0.421500,0.368000,0.012414,813076
anchor2,4,0.500000,997991,99.799100,0.009100,0.004500,0.001769,813076
anchor2,4,1.000000,1000000,100.000000,0.010000,0.000000,0.000000,813076
anchor2,4,5.000000,1000000,100.000000,0.010000,0.000000,0.000000,813076
anchor12,2,0.100000,87439,8.743900,-1.126100,0.035400,0.006501,869534
anchor12,2,0.500000,312396,31.239600,-0.950400,0.016300,0.005049,869534
anchor12,2,1.000000,493493,49.349300,-0.680700,0.005300,0.004090,869534
anchor12,2,5.000000,954783,95.478300,-0.091700,0.000300,0.001513,869534
anchor12,3,0.100000,436193,43.619300,-1.070700,0.249600,0.013869,984786
anchor12,3,0.500000,829071,82.907100,-0.262900,0.061000,0.006117,984786
anchor12,3,1.000000,949916,94.991600,-0.058400,0.018800,0.003353,984786
anchor12,3,5.000000,1000000,100.000000,0.010000,0.000000,0.000000,984786
anchor12,4,0.100000,866812,86.681200,-0.408800,0.380700,0.013821,996619
anchor12,4,0.500000,998021,99.802100,0.012100,0.007500,0.001957,996619
anchor12,4,1.000000,1000000,100.000000,0.010000,0.000000,0.000000,996619
anchor12,4,5.000000,1000000,100.000000,0.010000,0.000000,0.000000,996619
attempted=1000000 accepted=1000000 zero=0 regime=0 ideal_zero=0 ties=80715 draws=2000000 fingerprint=94af96f3cf48a0c2 elapsed=2.063190
