g++ -O3 -std=c++17 -Wall -Wextra -Iinclude -I../l0 test/test_paper_source_profile.cpp -o test_paper_source_profile
g++ -O3 -std=c++17 -Wall -Wextra -Iinclude -I../l0 test/test_paper_anchor.cpp -o test_paper_anchor
./test_paper_source_profile
SOURCE_PROFILE PASS checks=29878945 raw_seed=20261004 corpus_seed=314159
./test_paper_source_audit 100000 314159
LUT_DIFFERENCE prefix=126 current_Q12=32 prefix_extended_Q12=0
LUT_DIFFERENCE prefix=127 current_Q12=32 prefix_extended_Q12=0
SOURCE_PATTERNS PASS checks=2097282 different_prefix_lut_entries=2
profile,n,threshold_percent,FP32_percent,delta_Kim_pp,Posit_percent,delta_Proposed_pp,FP32_Posit_output_differences
baseline,2,0.100000,8.759000,-0.541000,8.759000,-1.111000,0
baseline,2,0.500000,31.069000,-1.051000,31.069000,-1.121000,0
baseline,2,1.000000,49.217000,-0.793000,49.217000,-0.813000,0
baseline,2,5.000000,95.366000,-0.214000,95.366000,-0.204000,0
baseline,3,0.100000,43.299000,-0.641000,43.299000,-1.391000,0
baseline,3,0.500000,82.739000,-0.271000,82.739000,-0.431000,0
baseline,3,1.000000,94.822000,-0.208000,94.822000,-0.228000,0
baseline,3,5.000000,100.000000,0.000000,100.000000,0.010000,0
baseline,4,0.100000,86.274000,-0.416000,86.274000,-0.816000,0
baseline,4,0.500000,99.814000,0.004000,99.814000,0.024000,0
baseline,4,1.000000,100.000000,0.000000,100.000000,0.010000,0
baseline,4,5.000000,100.000000,0.000000,100.000000,0.010000,0
anchor0,2,0.100000,8.779000,-0.521000,8.779000,-1.091000,0
anchor0,2,0.500000,31.090000,-1.030000,31.090000,-1.100000,0
anchor0,2,1.000000,49.209000,-0.801000,49.209000,-0.821000,0
anchor0,2,5.000000,95.365000,-0.215000,95.365000,-0.205000,0
anchor0,3,0.100000,43.262000,-0.678000,43.262000,-1.428000,0
anchor0,3,0.500000,82.739000,-0.271000,82.739000,-0.431000,0
anchor0,3,1.000000,94.820000,-0.210000,94.820000,-0.230000,0
anchor0,3,5.000000,100.000000,0.000000,100.000000,0.010000,0
anchor0,4,0.100000,86.191000,-0.499000,86.191000,-0.899000,0
anchor0,4,0.500000,99.815000,0.005000,99.815000,0.025000,0
anchor0,4,1.000000,100.000000,0.000000,100.000000,0.010000,0
anchor0,4,5.000000,100.000000,0.000000,100.000000,0.010000,0
anchor12,2,0.100000,8.802000,-0.498000,8.802000,-1.068000,68
anchor12,2,0.500000,31.082000,-1.038000,31.082000,-1.108000,68
anchor12,2,1.000000,49.222000,-0.788000,49.222000,-0.808000,68
anchor12,2,5.000000,95.374000,-0.206000,95.374000,-0.196000,68
anchor12,3,0.100000,43.611000,-0.329000,43.611000,-1.079000,1513
anchor12,3,0.500000,82.801000,-0.209000,82.801000,-0.369000,1513
anchor12,3,1.000000,94.829000,-0.201000,94.829000,-0.221000,1513
anchor12,3,5.000000,100.000000,0.000000,100.000000,0.010000,1513
anchor12,4,0.100000,86.674000,-0.016000,86.674000,-0.416000,10613
anchor12,4,0.500000,99.818000,0.008000,99.818000,0.028000,10613
anchor12,4,1.000000,100.000000,0.000000,100.000000,0.010000,10613
anchor12,4,5.000000,100.000000,0.000000,100.000000,0.010000,10613
prefix12,2,0.100000,8.973000,-0.327000,8.973000,-0.897000,0
prefix12,2,0.500000,31.186000,-0.934000,31.186000,-1.004000,0
prefix12,2,1.000000,49.255000,-0.755000,49.255000,-0.775000,0
prefix12,2,5.000000,95.366000,-0.214000,95.366000,-0.204000,0
prefix12,3,0.100000,43.393000,-0.547000,43.393000,-1.297000,0
prefix12,3,0.500000,82.739000,-0.271000,82.739000,-0.431000,0
prefix12,3,1.000000,94.822000,-0.208000,94.822000,-0.228000,0
prefix12,3,5.000000,100.000000,0.000000,100.000000,0.010000,0
prefix12,4,0.100000,86.276000,-0.414000,86.276000,-0.814000,0
prefix12,4,0.500000,99.814000,0.004000,99.814000,0.024000,0
prefix12,4,1.000000,100.000000,0.000000,100.000000,0.010000,0
prefix12,4,5.000000,100.000000,0.000000,100.000000,0.010000,0
prefix12_anchor,2,0.100000,9.017000,-0.283000,9.017000,-0.853000,76
prefix12_anchor,2,0.500000,31.199000,-0.921000,31.199000,-0.991000,76
prefix12_anchor,2,1.000000,49.258000,-0.752000,49.258000,-0.772000,76
prefix12_anchor,2,5.000000,95.374000,-0.206000,95.374000,-0.196000,76
prefix12_anchor,3,0.100000,43.700000,-0.240000,43.700000,-0.990000,1565
prefix12_anchor,3,0.500000,82.801000,-0.209000,82.801000,-0.369000,1565
prefix12_anchor,3,1.000000,94.829000,-0.201000,94.829000,-0.221000,1565
prefix12_anchor,3,5.000000,100.000000,0.000000,100.000000,0.010000,1565
prefix12_anchor,4,0.100000,86.674000,-0.016000,86.674000,-0.416000,10633
prefix12_anchor,4,0.500000,99.818000,0.008000,99.818000,0.028000,10633
prefix12_anchor,4,1.000000,100.000000,0.000000,100.000000,0.010000,10633
prefix12_anchor,4,5.000000,100.000000,0.000000,100.000000,0.010000,10633
samples=100000 seed=314159 conversion_changed=0 input_cut_changed=0 attempted=100000 accepted=100000 draws=200000 fingerprint=36a18bd492e6b0cf
./test_paper_anchor --self-test
SELF_TEST PASS checks=2700128 seed=20261004
./test_paper_babic 100000 314159
INTEGER_8BIT PASS checks=260100 AE_percent=8.9131,0.8337,0.0708,0.0048,
LOCAL_FP32_EXTENSION input_fraction=23 input_cut=none output=FP32_RNE; not published source code
n,threshold_percent,count,percent,delta_Babic_pp
2,0.100000,19233,19.233000,0.093000
2,0.500000,47258,47.258000,-0.112000
2,1.000000,65050,65.050000,-0.080000
2,5.000000,99104,99.104000,-0.026000
3,0.100000,70391,70.391000,-0.129000
3,0.500000,95492,95.492000,-0.028000
3,1.000000,99425,99.425000,-0.005000
3,5.000000,100000,100.000000,0.000000
4,0.100000,97969,97.969000,-0.061000
4,0.500000,100000,100.000000,0.000000
4,1.000000,100000,100.000000,0.000000
4,5.000000,100000,100.000000,0.000000
samples=100000 seed=314159 attempted=100000 zero=0 draws=200000 fingerprint=36a18bd492e6b0cf max_delta_pp=0.129000 numeric_acceptance=NOT_REPRODUCED elapsed=0.028051
