samples=1000000 seed=314159 distribution=uniform-value ops_bits=7 fraction_bits=12
profile,n,threshold_percent,count,percent,delta_Proposed_pp,paired_delta_baseline_pp,paired_se_pp,changed_outputs
baseline,2,0.100000,87085,8.708500,-1.161500,0.000000,0.000000,0
baseline,2,0.500000,312233,31.223300,-0.966700,0.000000,0.000000,0
baseline,2,1.000000,493440,49.344000,-0.686000,0.000000,0.000000,0
baseline,2,5.000000,954780,95.478000,-0.092000,0.000000,0.000000,0
baseline,3,0.100000,433697,43.369700,-1.320300,0.000000,0.000000,0
baseline,3,0.500000,828461,82.846100,-0.323900,0.000000,0.000000,0
baseline,3,1.000000,949728,94.972800,-0.077200,0.000000,0.000000,0
baseline,3,5.000000,1000000,100.000000,0.010000,0.000000,0.000000,0
baseline,4,0.100000,863005,86.300500,-0.789500,0.000000,0.000000,0
baseline,4,0.500000,997946,99.794600,0.004600,0.000000,0.000000,0
baseline,4,1.000000,1000000,100.000000,0.010000,0.000000,0.000000,0
baseline,4,5.000000,1000000,100.000000,0.010000,0.000000,0.000000,0
prefix12_anchor,2,0.100000,89569,8.956900,-0.913100,0.248400,0.008137,869785
prefix12_anchor,2,0.500000,313665,31.366500,-0.823500,0.143200,0.006164,869785
prefix12_anchor,2,1.000000,493770,49.377000,-0.653000,0.033000,0.004413,869785
prefix12_anchor,2,5.000000,954783,95.478300,-0.091700,0.000300,0.001513,869785
prefix12_anchor,3,0.100000,437129,43.712900,-0.977100,0.343200,0.014171,984781
prefix12_anchor,3,0.500000,829071,82.907100,-0.262900,0.061000,0.006117,984781
prefix12_anchor,3,1.000000,949916,94.991600,-0.058400,0.018800,0.003353,984781
prefix12_anchor,3,5.000000,1000000,100.000000,0.010000,0.000000,0.000000,984781
prefix12_anchor,4,0.100000,866812,86.681200,-0.408800,0.380700,0.013821,996612
prefix12_anchor,4,0.500000,998021,99.802100,0.012100,0.007500,0.001957,996612
prefix12_anchor,4,1.000000,1000000,100.000000,0.010000,0.000000,0.000000,996612
prefix12_anchor,4,5.000000,1000000,100.000000,0.010000,0.000000,0.000000,996612
attempted=1000000 accepted=1000000 zero=0 regime=0 ideal_zero=0 ties=80715 draws=2000000 fingerprint=94af96f3cf48a0c2 elapsed=0.592316
