samples=10000000 seed=42 distribution=uniform-value ops_bits=7 fraction_bits=12
profile,n,threshold_percent,count,percent,delta_Proposed_pp,paired_delta_baseline_pp,paired_se_pp,changed_outputs
baseline,2,0.100000,870699,8.706990,-1.163010,0.000000,0.000000,0
baseline,2,0.500000,3119336,31.193360,-0.996640,0.000000,0.000000,0
baseline,2,1.000000,4930072,49.300720,-0.729280,0.000000,0.000000,0
baseline,2,5.000000,9546712,95.467120,-0.102880,0.000000,0.000000,0
baseline,3,0.100000,4335140,43.351400,-1.338600,0.000000,0.000000,0
baseline,3,0.500000,8285631,82.856310,-0.313690,0.000000,0.000000,0
baseline,3,1.000000,9498910,94.989100,-0.060900,0.000000,0.000000,0
baseline,3,5.000000,10000000,100.000000,0.010000,0.000000,0.000000,0
baseline,4,0.100000,8627868,86.278680,-0.811320,0.000000,0.000000,0
baseline,4,0.500000,9979647,99.796470,0.006470,0.000000,0.000000,0
baseline,4,1.000000,10000000,100.000000,0.010000,0.000000,0.000000,0
baseline,4,5.000000,10000000,100.000000,0.010000,0.000000,0.000000,0
prefix12_anchor,2,0.100000,894835,8.948350,-0.921650,0.241360,0.002576,8693376
prefix12_anchor,2,0.500000,3132536,31.325360,-0.864640,0.132000,0.001937,8693376
prefix12_anchor,2,1.000000,4934154,49.341540,-0.688460,0.040820,0.001400,8693376
prefix12_anchor,2,5.000000,9546990,95.469900,-0.100100,0.002780,0.000490,8693376
prefix12_anchor,3,0.100000,4370890,43.708900,-0.981100,0.357500,0.004494,9846252
prefix12_anchor,3,0.500000,8290581,82.905810,-0.264190,0.049500,0.001907,9846252
prefix12_anchor,3,1.000000,9501054,95.010540,-0.039460,0.021440,0.001061,9846252
prefix12_anchor,3,5.000000,10000000,100.000000,0.010000,0.000000,0.000000,9846252
prefix12_anchor,4,0.100000,8666929,86.669290,-0.420710,0.390610,0.004367,9964983
prefix12_anchor,4,0.500000,9980550,99.805500,0.015500,0.009030,0.000629,9964983
prefix12_anchor,4,1.000000,10000000,100.000000,0.010000,0.000000,0.000000,9964983
prefix12_anchor,4,5.000000,10000000,100.000000,0.010000,0.000000,0.000000,9964983
attempted=10000002 accepted=10000000 zero=2 regime=0 ideal_zero=0 ties=810317 draws=20000004 fingerprint=8a394d98ef04f84e elapsed=5.763859
