samples=10000000 seed=314159 distribution=uniform-value ops_bits=7 fraction_bits=12
profile,n,threshold_percent,count,percent,delta_Proposed_pp,paired_delta_baseline_pp,paired_se_pp,changed_outputs
baseline,2,0.100000,872660,8.726600,-1.143400,0.000000,0.000000,0
baseline,2,0.500000,3118370,31.183700,-1.006300,0.000000,0.000000,0
baseline,2,1.000000,4929766,49.297660,-0.732340,0.000000,0.000000,0
baseline,2,5.000000,9546837,95.468370,-0.101630,0.000000,0.000000,0
baseline,3,0.100000,4333027,43.330270,-1.359730,0.000000,0.000000,0
baseline,3,0.500000,8286354,82.863540,-0.306460,0.000000,0.000000,0
baseline,3,1.000000,9497934,94.979340,-0.070660,0.000000,0.000000,0
baseline,3,5.000000,10000000,100.000000,0.010000,0.000000,0.000000,0
baseline,4,0.100000,8629644,86.296440,-0.793560,0.000000,0.000000,0
baseline,4,0.500000,9979728,99.797280,0.007280,0.000000,0.000000,0
baseline,4,1.000000,10000000,100.000000,0.010000,0.000000,0.000000,0
baseline,4,5.000000,10000000,100.000000,0.010000,0.000000,0.000000,0
prefix12_anchor,2,0.100000,897553,8.975530,-0.894470,0.248930,0.002580,8693394
prefix12_anchor,2,0.500000,3132133,31.321330,-0.868670,0.137630,0.001945,8693394
prefix12_anchor,2,1.000000,4933660,49.336600,-0.693400,0.038940,0.001407,8693394
prefix12_anchor,2,5.000000,9547053,95.470530,-0.099470,0.002160,0.000480,8693394
prefix12_anchor,3,0.100000,4368944,43.689440,-1.000560,0.359170,0.004491,9846332
prefix12_anchor,3,0.500000,8291354,82.913540,-0.256460,0.050000,0.001915,9846332
prefix12_anchor,3,1.000000,9499830,94.998300,-0.051700,0.018960,0.001060,9846332
prefix12_anchor,3,5.000000,10000000,100.000000,0.010000,0.000000,0.000000,9846332
prefix12_anchor,4,0.100000,8668447,86.684470,-0.405530,0.388030,0.004382,9965168
prefix12_anchor,4,0.500000,9980829,99.808290,0.018290,0.011010,0.000633,9965168
prefix12_anchor,4,1.000000,10000000,100.000000,0.010000,0.000000,0.000000,9965168
prefix12_anchor,4,5.000000,10000000,100.000000,0.010000,0.000000,0.000000,9965168
attempted=10000001 accepted=10000000 zero=1 regime=0 ideal_zero=0 ties=809913 draws=20000002 fingerprint=247bf6e64ed610fd elapsed=5.751808
