samples=10000000 seed=314160 distribution=uniform-value ops_bits=7 fraction_bits=12
profile,n,threshold_percent,count,percent,delta_Proposed_pp,paired_delta_baseline_pp,paired_se_pp,changed_outputs
baseline,2,0.100000,871911,8.719110,-1.150890,0.000000,0.000000,0
baseline,2,0.500000,3118891,31.188910,-1.001090,0.000000,0.000000,0
baseline,2,1.000000,4931328,49.313280,-0.716720,0.000000,0.000000,0
baseline,2,5.000000,9546628,95.466280,-0.103720,0.000000,0.000000,0
baseline,3,0.100000,4335288,43.352880,-1.337120,0.000000,0.000000,0
baseline,3,0.500000,8285958,82.859580,-0.310420,0.000000,0.000000,0
baseline,3,1.000000,9497809,94.978090,-0.071910,0.000000,0.000000,0
baseline,3,5.000000,10000000,100.000000,0.010000,0.000000,0.000000,0
baseline,4,0.100000,8630067,86.300670,-0.789330,0.000000,0.000000,0
baseline,4,0.500000,9979811,99.798110,0.008110,0.000000,0.000000,0
baseline,4,1.000000,10000000,100.000000,0.010000,0.000000,0.000000,0
baseline,4,5.000000,10000000,100.000000,0.010000,0.000000,0.000000,0
tie_b,2,0.100000,871424,8.714240,-1.155760,-0.004870,0.003226,802045
tie_b,2,0.500000,3119554,31.195540,-0.994460,0.006630,0.003929,802045
tie_b,2,1.000000,4931067,49.310670,-0.719330,-0.002610,0.003551,802045
tie_b,2,5.000000,9546707,95.467070,-0.102930,0.000790,0.001440,802045
tie_b,3,0.100000,4335474,43.354740,-1.335260,0.001860,0.004948,776196
tie_b,3,0.500000,8286558,82.865580,-0.304420,0.006000,0.003171,776196
tie_b,3,1.000000,9498006,94.980060,-0.069940,0.001970,0.001963,776196
tie_b,3,5.000000,10000000,100.000000,0.010000,0.000000,0.000000,776196
tie_b,4,0.100000,8630491,86.304910,-0.785090,0.004240,0.003703,681465
tie_b,4,0.500000,9979783,99.797830,0.007830,-0.000280,0.000674,681465
tie_b,4,1.000000,10000000,100.000000,0.010000,0.000000,0.000000,681465
tie_b,4,5.000000,10000000,100.000000,0.010000,0.000000,0.000000,681465
relative_prediction,2,0.100000,890368,8.903680,-0.966320,0.184570,0.001888,548074
relative_prediction,2,0.500000,3150483,31.504830,-0.685170,0.315920,0.002557,548074
relative_prediction,2,1.000000,4969047,49.690470,-0.339530,0.377190,0.002671,548074
relative_prediction,2,5.000000,9565676,95.656760,0.086760,0.190480,0.001488,548074
relative_prediction,3,0.100000,4372251,43.722510,-0.967490,0.369630,0.003861,539811
relative_prediction,3,0.500000,8337127,83.371270,0.201270,0.511690,0.003594,539811
relative_prediction,3,1.000000,9538017,95.380170,0.330170,0.402080,0.002447,539811
relative_prediction,3,5.000000,10000000,100.000000,0.010000,0.000000,0.000000,539811
relative_prediction,4,0.100000,8669667,86.696670,-0.393330,0.396000,0.003854,493231
relative_prediction,4,0.500000,9984982,99.849820,0.059820,0.051710,0.000767,493231
relative_prediction,4,1.000000,10000000,100.000000,0.010000,0.000000,0.000000,493231
relative_prediction,4,5.000000,10000000,100.000000,0.010000,0.000000,0.000000,493231
exact_prediction_residual,2,0.100000,893396,8.933960,-0.936040,0.214850,0.001562,36085
exact_prediction_residual,2,0.500000,3131263,31.312630,-0.877370,0.123720,0.001112,36085
exact_prediction_residual,2,1.000000,4934163,49.341630,-0.688370,0.028350,0.000532,36085
exact_prediction_residual,2,5.000000,9546628,95.466280,-0.103720,0.000000,0.000000,36085
exact_prediction_residual,3,0.100000,4344629,43.446290,-1.243710,0.093410,0.000966,32512
exact_prediction_residual,3,0.500000,8285958,82.859580,-0.310420,0.000000,0.000000,32512
exact_prediction_residual,3,1.000000,9497809,94.978090,-0.071910,0.000000,0.000000,32512
exact_prediction_residual,3,5.000000,10000000,100.000000,0.010000,0.000000,0.000000,32512
exact_prediction_residual,4,0.100000,8630249,86.302490,-0.787510,0.001820,0.000135,25117
exact_prediction_residual,4,0.500000,9979811,99.798110,0.008110,0.000000,0.000000,25117
exact_prediction_residual,4,1.000000,10000000,100.000000,0.010000,0.000000,0.000000,25117
exact_prediction_residual,4,5.000000,10000000,100.000000,0.010000,0.000000,0.000000,25117
acc_guard12,2,0.100000,875061,8.750610,-1.119390,0.031500,0.002055,8691068
acc_guard12,2,0.500000,3120063,31.200630,-0.989370,0.011720,0.001600,8691068
acc_guard12,2,1.000000,4932336,49.323360,-0.706640,0.010080,0.001301,8691068
acc_guard12,2,5.000000,9546752,95.467520,-0.102480,0.001240,0.000497,8691068
acc_guard12,3,0.100000,4362939,43.629390,-1.060610,0.276510,0.004400,9845784
acc_guard12,3,0.500000,8290966,82.909660,-0.260340,0.050080,0.001911,9845784
acc_guard12,3,1.000000,9499880,94.998800,-0.051200,0.020710,0.001060,9845784
acc_guard12,3,5.000000,10000000,100.000000,0.010000,0.000000,0.000000,9845784
acc_guard12,4,0.100000,8669272,86.692720,-0.397280,0.392050,0.004362,9964890
acc_guard12,4,0.500000,9980661,99.806610,0.016610,0.008500,0.000625,9964890
acc_guard12,4,1.000000,10000000,100.000000,0.010000,0.000000,0.000000,9964890
acc_guard12,4,5.000000,10000000,100.000000,0.010000,0.000000,0.000000,9964890
exact_sac_residual,2,0.100000,868194,8.681940,-1.188060,-0.037170,0.000610,37187
exact_sac_residual,2,0.500000,3118891,31.188910,-1.001090,0.000000,0.000000,37187
exact_sac_residual,2,1.000000,4931328,49.313280,-0.716720,0.000000,0.000000,37187
exact_sac_residual,2,5.000000,9546628,95.466280,-0.103720,0.000000,0.000000,37187
exact_sac_residual,3,0.100000,4304478,43.044780,-1.645220,-0.308100,0.001798,389880
exact_sac_residual,3,0.500000,8285611,82.856110,-0.313890,-0.003470,0.000186,389880
exact_sac_residual,3,1.000000,9497809,94.978090,-0.071910,0.000000,0.000000,389880
exact_sac_residual,3,5.000000,10000000,100.000000,0.010000,0.000000,0.000000,389880
exact_sac_residual,4,0.100000,8588257,85.882570,-1.207430,-0.418100,0.002099,1578477
exact_sac_residual,4,0.500000,9979448,99.794480,0.004480,-0.003630,0.000191,1578477
exact_sac_residual,4,1.000000,10000000,100.000000,0.010000,0.000000,0.000000,1578477
exact_sac_residual,4,5.000000,10000000,100.000000,0.010000,0.000000,0.000000,1578477
pack_rne,2,0.100000,871911,8.719110,-1.150890,0.000000,0.000000,0
pack_rne,2,0.500000,3118891,31.188910,-1.001090,0.000000,0.000000,0
pack_rne,2,1.000000,4931328,49.313280,-0.716720,0.000000,0.000000,0
pack_rne,2,5.000000,9546628,95.466280,-0.103720,0.000000,0.000000,0
pack_rne,3,0.100000,4335288,43.352880,-1.337120,0.000000,0.000000,0
pack_rne,3,0.500000,8285958,82.859580,-0.310420,0.000000,0.000000,0
pack_rne,3,1.000000,9497809,94.978090,-0.071910,0.000000,0.000000,0
pack_rne,3,5.000000,10000000,100.000000,0.010000,0.000000,0.000000,0
pack_rne,4,0.100000,8630067,86.300670,-0.789330,0.000000,0.000000,0
pack_rne,4,0.500000,9979811,99.798110,0.008110,0.000000,0.000000,0
pack_rne,4,1.000000,10000000,100.000000,0.010000,0.000000,0.000000,0
pack_rne,4,5.000000,10000000,100.000000,0.010000,0.000000,0.000000,0
attempted=10000001 accepted=10000000 zero=1 regime=0 ideal_zero=0 ties=811277 draws=20000002 fingerprint=2dd79596d9ac8931 elapsed=14.200805
