samples=1000000 seed=314159 distribution=uniform-value ops_bits=7 fraction_bits=12
profile,n,threshold_percent,count,percent,delta_Proposed_pp,paired_delta_baseline_pp,paired_se_pp,changed_outputs
baseline,2,0.100000,87085,8.708500,-1.161500,0.000000,0.000000,0
baseline,2,0.500000,312233,31.223300,-0.966700,0.000000,0.000000,0
baseline,2,1.000000,493440,49.344000,-0.686000,0.000000,0.000000,0
baseline,2,5.000000,954780,95.478000,-0.092000,0.000000,0.000000,0
baseline,3,0.100000,433697,43.369700,-1.320300,0.000000,0.000000,0
baseline,3,0.500000,828461,82.846100,-0.323900,0.000000,0.000000,0
baseline,3,1.000000,949728,94.972800,-0.077200,0.000000,0.000000,0
baseline,3,5.000000,1000000,100.000000,0.010000,0.000000,0.000000,0
baseline,4,0.100000,863005,86.300500,-0.789500,0.000000,0.000000,0
baseline,4,0.500000,997946,99.794600,0.004600,0.000000,0.000000,0
baseline,4,1.000000,1000000,100.000000,0.010000,0.000000,0.000000,0
baseline,4,5.000000,1000000,100.000000,0.010000,0.000000,0.000000,0
post_cut_input,2,0.100000,86905,8.690500,-1.179500,-0.018000,0.005621,203594
post_cut_input,2,0.500000,312298,31.229800,-0.960200,0.006500,0.004141,203594
post_cut_input,2,1.000000,493422,49.342200,-0.687800,-0.001800,0.003209,203594
post_cut_input,2,5.000000,954784,95.478400,-0.091600,0.000400,0.000787,203594
post_cut_input,3,0.100000,432764,43.276400,-1.413600,-0.093300,0.013332,432021
post_cut_input,3,0.500000,828782,82.878200,-0.291800,0.032100,0.005292,432021
post_cut_input,3,1.000000,949827,94.982700,-0.067300,0.009900,0.002737,432021
post_cut_input,3,5.000000,1000000,100.000000,0.010000,0.000000,0.000000,432021
post_cut_input,4,0.100000,863030,86.303000,-0.787000,0.002500,0.013165,498015
post_cut_input,4,0.500000,997967,99.796700,0.006700,0.002100,0.001688,498015
post_cut_input,4,1.000000,1000000,100.000000,0.010000,0.000000,0.000000,498015
post_cut_input,4,5.000000,1000000,100.000000,0.010000,0.000000,0.000000,498015
attempted=1000000 accepted=1000000 zero=0 regime=0 ideal_zero=0 ties=80715 draws=2000000 fingerprint=94af96f3cf48a0c2 elapsed=0.694695
