LUT_DIFFERENCE prefix=126 current_Q12=32 prefix_extended_Q12=0
LUT_DIFFERENCE prefix=127 current_Q12=32 prefix_extended_Q12=0
SOURCE_PATTERNS PASS checks=2097282 different_prefix_lut_entries=2
profile,n,threshold_percent,FP32_percent,delta_Kim_pp,Posit_percent,delta_Proposed_pp,FP32_Posit_output_differences
baseline,2,0.100000,8.708500,-0.591500,8.708500,-1.161500,0
baseline,2,0.500000,31.223300,-0.896700,31.223300,-0.966700,0
baseline,2,1.000000,49.344000,-0.666000,49.344000,-0.686000,0
baseline,2,5.000000,95.478000,-0.102000,95.478000,-0.092000,0
baseline,3,0.100000,43.369700,-0.570300,43.369700,-1.320300,0
baseline,3,0.500000,82.846100,-0.163900,82.846100,-0.323900,0
baseline,3,1.000000,94.972800,-0.057200,94.972800,-0.077200,0
baseline,3,5.000000,100.000000,0.000000,100.000000,0.010000,0
baseline,4,0.100000,86.300500,-0.389500,86.300500,-0.789500,0
baseline,4,0.500000,99.794600,-0.015400,99.794600,0.004600,0
baseline,4,1.000000,100.000000,0.000000,100.000000,0.010000,0
baseline,4,5.000000,100.000000,0.000000,100.000000,0.010000,0
anchor0,2,0.100000,8.728900,-0.571100,8.728900,-1.141100,0
anchor0,2,0.500000,31.237100,-0.882900,31.237100,-0.952900,0
anchor0,2,1.000000,49.349800,-0.660200,49.349800,-0.680200,0
anchor0,2,5.000000,95.478700,-0.101300,95.478700,-0.091300,0
anchor0,3,0.100000,43.316900,-0.623100,43.316900,-1.373100,0
anchor0,3,0.500000,82.846000,-0.164000,82.846000,-0.324000,0
anchor0,3,1.000000,94.973400,-0.056600,94.973400,-0.076600,0
anchor0,3,5.000000,100.000000,0.000000,100.000000,0.010000,0
anchor0,4,0.100000,86.212300,-0.477700,86.212300,-0.877700,0
anchor0,4,0.500000,99.794000,-0.016000,99.794000,0.004000,0
anchor0,4,1.000000,100.000000,0.000000,100.000000,0.010000,0
anchor0,4,5.000000,100.000000,0.000000,100.000000,0.010000,0
anchor12,2,0.100000,8.743900,-0.556100,8.743900,-1.126100,614
anchor12,2,0.500000,31.239600,-0.880400,31.239600,-0.950400,614
anchor12,2,1.000000,49.349300,-0.660700,49.349300,-0.680700,614
anchor12,2,5.000000,95.478300,-0.101700,95.478300,-0.091700,614
anchor12,3,0.100000,43.619300,-0.320700,43.619300,-1.070700,14525
anchor12,3,0.500000,82.907100,-0.102900,82.907100,-0.262900,14525
anchor12,3,1.000000,94.991600,-0.038400,94.991600,-0.058400,14525
anchor12,3,5.000000,100.000000,0.000000,100.000000,0.010000,14525
anchor12,4,0.100000,86.681200,-0.008800,86.681200,-0.408800,105836
anchor12,4,0.500000,99.802100,-0.007900,99.802100,0.012100,105836
anchor12,4,1.000000,100.000000,0.000000,100.000000,0.010000,105836
anchor12,4,5.000000,100.000000,0.000000,100.000000,0.010000,105836
prefix12,2,0.100000,8.922600,-0.377400,8.922600,-0.947400,0
prefix12,2,0.500000,31.350500,-0.769500,31.350500,-0.839500,0
prefix12,2,1.000000,49.372300,-0.637700,49.372300,-0.657700,0
prefix12,2,5.000000,95.478000,-0.102000,95.478000,-0.092000,0
prefix12,3,0.100000,43.466400,-0.473600,43.466400,-1.223600,0
prefix12,3,0.500000,82.846100,-0.163900,82.846100,-0.323900,0
prefix12,3,1.000000,94.972800,-0.057200,94.972800,-0.077200,0
prefix12,3,5.000000,100.000000,0.000000,100.000000,0.010000,0
prefix12,4,0.100000,86.302700,-0.387300,86.302700,-0.787300,0
prefix12,4,0.500000,99.794600,-0.015400,99.794600,0.004600,0
prefix12,4,1.000000,100.000000,0.000000,100.000000,0.010000,0
prefix12,4,5.000000,100.000000,0.000000,100.000000,0.010000,0
prefix12_anchor,2,0.100000,8.956900,-0.343100,8.956900,-0.913100,670
prefix12_anchor,2,0.500000,31.366500,-0.753500,31.366500,-0.823500,670
prefix12_anchor,2,1.000000,49.377000,-0.633000,49.377000,-0.653000,670
prefix12_anchor,2,5.000000,95.478300,-0.101700,95.478300,-0.091700,670
prefix12_anchor,3,0.100000,43.712900,-0.227100,43.712900,-0.977100,15013
prefix12_anchor,3,0.500000,82.907100,-0.102900,82.907100,-0.262900,15013
prefix12_anchor,3,1.000000,94.991600,-0.038400,94.991600,-0.058400,15013
prefix12_anchor,3,5.000000,100.000000,0.000000,100.000000,0.010000,15013
prefix12_anchor,4,0.100000,86.681200,-0.008800,86.681200,-0.408800,106355
prefix12_anchor,4,0.500000,99.802100,-0.007900,99.802100,0.012100,106355
prefix12_anchor,4,1.000000,100.000000,0.000000,100.000000,0.010000,106355
prefix12_anchor,4,5.000000,100.000000,0.000000,100.000000,0.010000,106355
samples=1000000 seed=314159 conversion_changed=0 input_cut_changed=0 attempted=1000000 accepted=1000000 draws=2000000 fingerprint=94af96f3cf48a0c2
