samples=10000000 seed=20261004 distribution=uniform-value ops_bits=7 fraction_bits=12
profile,n,threshold_percent,count,percent,delta_Proposed_pp,paired_delta_baseline_pp,paired_se_pp,changed_outputs
baseline,2,0.100000,873366,8.733660,-1.136340,0.000000,0.000000,0
baseline,2,0.500000,3117534,31.175340,-1.014660,0.000000,0.000000,0
baseline,2,1.000000,4927697,49.276970,-0.753030,0.000000,0.000000,0
baseline,2,5.000000,9545825,95.458250,-0.111750,0.000000,0.000000,0
baseline,3,0.100000,4331755,43.317550,-1.372450,0.000000,0.000000,0
baseline,3,0.500000,8284377,82.843770,-0.326230,0.000000,0.000000,0
baseline,3,1.000000,9498046,94.980460,-0.069540,0.000000,0.000000,0
baseline,3,5.000000,10000000,100.000000,0.010000,0.000000,0.000000,0
baseline,4,0.100000,8626579,86.265790,-0.824210,0.000000,0.000000,0
baseline,4,0.500000,9979883,99.798830,0.008830,0.000000,0.000000,0
baseline,4,1.000000,10000000,100.000000,0.010000,0.000000,0.000000,0
baseline,4,5.000000,10000000,100.000000,0.010000,0.000000,0.000000,0
tie_b,2,0.100000,873689,8.736890,-1.133110,0.003230,0.003226,802672
tie_b,2,0.500000,3117571,31.175710,-1.014290,0.000370,0.003926,802672
tie_b,2,1.000000,4927586,49.275860,-0.754140,-0.001110,0.003541,802672
tie_b,2,5.000000,9545806,95.458060,-0.111940,-0.000190,0.001442,802672
tie_b,3,0.100000,4332848,43.328480,-1.361520,0.010930,0.004944,776837
tie_b,3,0.500000,8283819,82.838190,-0.331810,-0.005580,0.003173,776837
tie_b,3,1.000000,9497945,94.979450,-0.070550,-0.001010,0.001954,776837
tie_b,3,5.000000,10000000,100.000000,0.010000,0.000000,0.000000,776837
tie_b,4,0.100000,8626971,86.269710,-0.820290,0.003920,0.003706,681944
tie_b,4,0.500000,9979836,99.798360,0.008360,-0.000470,0.000672,681944
tie_b,4,1.000000,10000000,100.000000,0.010000,0.000000,0.000000,681944
tie_b,4,5.000000,10000000,100.000000,0.010000,0.000000,0.000000,681944
relative_prediction,2,0.100000,892147,8.921470,-0.948530,0.187810,0.001896,547595
relative_prediction,2,0.500000,3148629,31.486290,-0.703710,0.310950,0.002557,547595
relative_prediction,2,1.000000,4965146,49.651460,-0.378540,0.374490,0.002665,547595
relative_prediction,2,5.000000,9564905,95.649050,0.079050,0.190800,0.001486,547595
relative_prediction,3,0.100000,4369083,43.690830,-0.999170,0.373280,0.003852,539428
relative_prediction,3,0.500000,8336022,83.360220,0.190220,0.516450,0.003582,539428
relative_prediction,3,1.000000,9537948,95.379480,0.329480,0.399020,0.002437,539428
relative_prediction,3,5.000000,10000000,100.000000,0.010000,0.000000,0.000000,539428
relative_prediction,4,0.100000,8666449,86.664490,-0.425510,0.398700,0.003850,493040
relative_prediction,4,0.500000,9984900,99.849000,0.059000,0.050170,0.000761,493040
relative_prediction,4,1.000000,10000000,100.000000,0.010000,0.000000,0.000000,493040
relative_prediction,4,5.000000,10000000,100.000000,0.010000,0.000000,0.000000,493040
exact_prediction_residual,2,0.100000,894985,8.949850,-0.920150,0.216190,0.001571,36268
exact_prediction_residual,2,0.500000,3130007,31.300070,-0.889930,0.124730,0.001116,36268
exact_prediction_residual,2,1.000000,4930591,49.305910,-0.724090,0.028940,0.000538,36268
exact_prediction_residual,2,5.000000,9545825,95.458250,-0.111750,0.000000,0.000000,36268
exact_prediction_residual,3,0.100000,4341322,43.413220,-1.276780,0.095670,0.000978,32746
exact_prediction_residual,3,0.500000,8284377,82.843770,-0.326230,0.000000,0.000000,32746
exact_prediction_residual,3,1.000000,9498046,94.980460,-0.069540,0.000000,0.000000,32746
exact_prediction_residual,3,5.000000,10000000,100.000000,0.010000,0.000000,0.000000,32746
exact_prediction_residual,4,0.100000,8626755,86.267550,-0.822450,0.001760,0.000133,25173
exact_prediction_residual,4,0.500000,9979883,99.798830,0.008830,0.000000,0.000000,25173
exact_prediction_residual,4,1.000000,10000000,100.000000,0.010000,0.000000,0.000000,25173
exact_prediction_residual,4,5.000000,10000000,100.000000,0.010000,0.000000,0.000000,25173
acc_guard12,2,0.100000,876175,8.761750,-1.108250,0.028090,0.002059,8694774
acc_guard12,2,0.500000,3118869,31.188690,-1.001310,0.013350,0.001596,8694774
acc_guard12,2,1.000000,4928606,49.286060,-0.743940,0.009090,0.001307,8694774
acc_guard12,2,5.000000,9546026,95.460260,-0.109740,0.002010,0.000490,8694774
acc_guard12,3,0.100000,4359132,43.591320,-1.098680,0.273770,0.004398,9846922
acc_guard12,3,0.500000,8289510,82.895100,-0.274900,0.051330,0.001907,9846922
acc_guard12,3,1.000000,9500014,95.000140,-0.049860,0.019680,0.001057,9846922
acc_guard12,3,5.000000,10000000,100.000000,0.010000,0.000000,0.000000,9846922
acc_guard12,4,0.100000,8666883,86.668830,-0.421170,0.403040,0.004374,9965484
acc_guard12,4,0.500000,9980734,99.807340,0.017340,0.008510,0.000622,9965484
acc_guard12,4,1.000000,10000000,100.000000,0.010000,0.000000,0.000000,9965484
acc_guard12,4,5.000000,10000000,100.000000,0.010000,0.000000,0.000000,9965484
exact_sac_residual,2,0.100000,869567,8.695670,-1.174330,-0.037990,0.000617,37802
exact_sac_residual,2,0.500000,3117534,31.175340,-1.014660,0.000000,0.000000,37802
exact_sac_residual,2,1.000000,4927697,49.276970,-0.753030,0.000000,0.000000,37802
exact_sac_residual,2,5.000000,9545825,95.458250,-0.111750,0.000000,0.000000,37802
exact_sac_residual,3,0.100000,4301116,43.011160,-1.678840,-0.306390,0.001793,390690
exact_sac_residual,3,0.500000,8284025,82.840250,-0.329750,-0.003520,0.000188,390690
exact_sac_residual,3,1.000000,9498046,94.980460,-0.069540,0.000000,0.000000,390690
exact_sac_residual,3,5.000000,10000000,100.000000,0.010000,0.000000,0.000000,390690
exact_sac_residual,4,0.100000,8584849,85.848490,-1.241510,-0.417300,0.002099,1579541
exact_sac_residual,4,0.500000,9979587,99.795870,0.005870,-0.002960,0.000172,1579541
exact_sac_residual,4,1.000000,10000000,100.000000,0.010000,0.000000,0.000000,1579541
exact_sac_residual,4,5.000000,10000000,100.000000,0.010000,0.000000,0.000000,1579541
pack_rne,2,0.100000,873366,8.733660,-1.136340,0.000000,0.000000,0
pack_rne,2,0.500000,3117534,31.175340,-1.014660,0.000000,0.000000,0
pack_rne,2,1.000000,4927697,49.276970,-0.753030,0.000000,0.000000,0
pack_rne,2,5.000000,9545825,95.458250,-0.111750,0.000000,0.000000,0
pack_rne,3,0.100000,4331755,43.317550,-1.372450,0.000000,0.000000,0
pack_rne,3,0.500000,8284377,82.843770,-0.326230,0.000000,0.000000,0
pack_rne,3,1.000000,9498046,94.980460,-0.069540,0.000000,0.000000,0
pack_rne,3,5.000000,10000000,100.000000,0.010000,0.000000,0.000000,0
pack_rne,4,0.100000,8626579,86.265790,-0.824210,0.000000,0.000000,0
pack_rne,4,0.500000,9979883,99.798830,0.008830,0.000000,0.000000,0
pack_rne,4,1.000000,10000000,100.000000,0.010000,0.000000,0.000000,0
pack_rne,4,5.000000,10000000,100.000000,0.010000,0.000000,0.000000,0
attempted=10000006 accepted=10000000 zero=6 regime=0 ideal_zero=0 ties=811764 draws=20000012 fingerprint=604528ec0e280c1b elapsed=14.574022
