samples=10000000 seed=42 distribution=uniform-value ops_bits=7 fraction_bits=12
profile,n,threshold_percent,count,percent,delta_Proposed_pp,paired_delta_baseline_pp,paired_se_pp,changed_outputs
baseline,2,0.100000,870699,8.706990,-1.163010,0.000000,0.000000,0
baseline,2,0.500000,3119336,31.193360,-0.996640,0.000000,0.000000,0
baseline,2,1.000000,4930072,49.300720,-0.729280,0.000000,0.000000,0
baseline,2,5.000000,9546712,95.467120,-0.102880,0.000000,0.000000,0
baseline,3,0.100000,4335140,43.351400,-1.338600,0.000000,0.000000,0
baseline,3,0.500000,8285631,82.856310,-0.313690,0.000000,0.000000,0
baseline,3,1.000000,9498910,94.989100,-0.060900,0.000000,0.000000,0
baseline,3,5.000000,10000000,100.000000,0.010000,0.000000,0.000000,0
baseline,4,0.100000,8627868,86.278680,-0.811320,0.000000,0.000000,0
baseline,4,0.500000,9979647,99.796470,0.006470,0.000000,0.000000,0
baseline,4,1.000000,10000000,100.000000,0.010000,0.000000,0.000000,0
baseline,4,5.000000,10000000,100.000000,0.010000,0.000000,0.000000,0
tie_b,2,0.100000,870981,8.709810,-1.160190,0.002820,0.003215,801209
tie_b,2,0.500000,3119161,31.191610,-0.998390,-0.001750,0.003920,801209
tie_b,2,1.000000,4930260,49.302600,-0.727400,0.001880,0.003544,801209
tie_b,2,5.000000,9546428,95.464280,-0.105720,-0.002840,0.001426,801209
tie_b,3,0.100000,4334815,43.348150,-1.341850,-0.003250,0.004937,775183
tie_b,3,0.500000,8285570,82.855700,-0.314300,-0.000610,0.003165,775183
tie_b,3,1.000000,9498572,94.985720,-0.064280,-0.003380,0.001960,775183
tie_b,3,5.000000,10000000,100.000000,0.010000,0.000000,0.000000,775183
tie_b,4,0.100000,8627214,86.272140,-0.817860,-0.006540,0.003701,680459
tie_b,4,0.500000,9979587,99.795870,0.005870,-0.000600,0.000673,680459
tie_b,4,1.000000,10000000,100.000000,0.010000,0.000000,0.000000,680459
tie_b,4,5.000000,10000000,100.000000,0.010000,0.000000,0.000000,680459
relative_prediction,2,0.100000,889203,8.892030,-0.977970,0.185040,0.001890,547473
relative_prediction,2,0.500000,3150232,31.502320,-0.687680,0.308960,0.002556,547473
relative_prediction,2,1.000000,4967710,49.677100,-0.352900,0.376380,0.002670,547473
relative_prediction,2,5.000000,9565409,95.654090,0.084090,0.186970,0.001473,547473
relative_prediction,3,0.100000,4371969,43.719690,-0.970310,0.368290,0.003853,539103
relative_prediction,3,0.500000,8336992,83.369920,0.199920,0.513610,0.003585,539103
relative_prediction,3,1.000000,9538674,95.386740,0.336740,0.397640,0.002439,539103
relative_prediction,3,5.000000,10000000,100.000000,0.010000,0.000000,0.000000,539103
relative_prediction,4,0.100000,8667100,86.671000,-0.419000,0.392320,0.003848,492827
relative_prediction,4,0.500000,9984787,99.847870,0.057870,0.051400,0.000763,492827
relative_prediction,4,1.000000,10000000,100.000000,0.010000,0.000000,0.000000,492827
relative_prediction,4,5.000000,10000000,100.000000,0.010000,0.000000,0.000000,492827
exact_prediction_residual,2,0.100000,891921,8.919210,-0.950790,0.212220,0.001560,35801
exact_prediction_residual,2,0.500000,3131705,31.317050,-0.872950,0.123690,0.001111,35801
exact_prediction_residual,2,1.000000,4932991,49.329910,-0.700090,0.029190,0.000540,35801
exact_prediction_residual,2,5.000000,9546712,95.467120,-0.102880,0.000000,0.000000,35801
exact_prediction_residual,3,0.100000,4344483,43.444830,-1.245170,0.093430,0.000966,32315
exact_prediction_residual,3,0.500000,8285631,82.856310,-0.313690,0.000000,0.000000,32315
exact_prediction_residual,3,1.000000,9498910,94.989100,-0.060900,0.000000,0.000000,32315
exact_prediction_residual,3,5.000000,10000000,100.000000,0.010000,0.000000,0.000000,32315
exact_prediction_residual,4,0.100000,8628039,86.280390,-0.809610,0.001710,0.000131,24839
exact_prediction_residual,4,0.500000,9979647,99.796470,0.006470,0.000000,0.000000,24839
exact_prediction_residual,4,1.000000,10000000,100.000000,0.010000,0.000000,0.000000,24839
exact_prediction_residual,4,5.000000,10000000,100.000000,0.010000,0.000000,0.000000,24839
acc_guard12,2,0.100000,873672,8.736720,-1.133280,0.029730,0.002060,8690824
acc_guard12,2,0.500000,3120197,31.201970,-0.988030,0.008610,0.001593,8690824
acc_guard12,2,1.000000,4931316,49.313160,-0.716840,0.012440,0.001295,8690824
acc_guard12,2,5.000000,9546990,95.469900,-0.100100,0.002780,0.000490,8690824
acc_guard12,3,0.100000,4361852,43.618520,-1.071480,0.267120,0.004404,9846299
acc_guard12,3,0.500000,8290581,82.905810,-0.264190,0.049500,0.001907,9846299
acc_guard12,3,1.000000,9501054,95.010540,-0.039460,0.021440,0.001061,9846299
acc_guard12,3,5.000000,10000000,100.000000,0.010000,0.000000,0.000000,9846299
acc_guard12,4,0.100000,8666925,86.669250,-0.420750,0.390570,0.004367,9965076
acc_guard12,4,0.500000,9980550,99.805500,0.015500,0.009030,0.000629,9965076
acc_guard12,4,1.000000,10000000,100.000000,0.010000,0.000000,0.000000,9965076
acc_guard12,4,5.000000,10000000,100.000000,0.010000,0.000000,0.000000,9965076
exact_sac_residual,2,0.100000,866939,8.669390,-1.200610,-0.037600,0.000613,37356
exact_sac_residual,2,0.500000,3119336,31.193360,-0.996640,0.000000,0.000000,37356
exact_sac_residual,2,1.000000,4930072,49.300720,-0.729280,0.000000,0.000000,37356
exact_sac_residual,2,5.000000,9546712,95.467120,-0.102880,0.000000,0.000000,37356
exact_sac_residual,3,0.100000,4304633,43.046330,-1.643670,-0.305070,0.001790,389687
exact_sac_residual,3,0.500000,8285298,82.852980,-0.317020,-0.003330,0.000182,389687
exact_sac_residual,3,1.000000,9498910,94.989100,-0.060900,0.000000,0.000000,389687
exact_sac_residual,3,5.000000,10000000,100.000000,0.010000,0.000000,0.000000,389687
exact_sac_residual,4,0.100000,8586404,85.864040,-1.225960,-0.414640,0.002092,1578724
exact_sac_residual,4,0.500000,9979311,99.793110,0.003110,-0.003360,0.000183,1578724
exact_sac_residual,4,1.000000,10000000,100.000000,0.010000,0.000000,0.000000,1578724
exact_sac_residual,4,5.000000,10000000,100.000000,0.010000,0.000000,0.000000,1578724
pack_rne,2,0.100000,870699,8.706990,-1.163010,0.000000,0.000000,0
pack_rne,2,0.500000,3119336,31.193360,-0.996640,0.000000,0.000000,0
pack_rne,2,1.000000,4930072,49.300720,-0.729280,0.000000,0.000000,0
pack_rne,2,5.000000,9546712,95.467120,-0.102880,0.000000,0.000000,0
pack_rne,3,0.100000,4335140,43.351400,-1.338600,0.000000,0.000000,0
pack_rne,3,0.500000,8285631,82.856310,-0.313690,0.000000,0.000000,0
pack_rne,3,1.000000,9498910,94.989100,-0.060900,0.000000,0.000000,0
pack_rne,3,5.000000,10000000,100.000000,0.010000,0.000000,0.000000,0
pack_rne,4,0.100000,8627868,86.278680,-0.811320,0.000000,0.000000,0
pack_rne,4,0.500000,9979647,99.796470,0.006470,0.000000,0.000000,0
pack_rne,4,1.000000,10000000,100.000000,0.010000,0.000000,0.000000,0
pack_rne,4,5.000000,10000000,100.000000,0.010000,0.000000,0.000000,0
attempted=10000002 accepted=10000000 zero=2 regime=0 ideal_zero=0 ties=810317 draws=20000004 fingerprint=8a394d98ef04f84e elapsed=14.356403
