samples=10000000 seed=2026 distribution=uniform-value ops_bits=7 fraction_bits=12
profile,n,threshold_percent,count,percent,delta_Proposed_pp,paired_delta_baseline_pp,paired_se_pp,changed_outputs
baseline,2,0.100000,870840,8.708400,-1.161600,0.000000,0.000000,0
baseline,2,0.500000,3116555,31.165550,-1.024450,0.000000,0.000000,0
baseline,2,1.000000,4928765,49.287650,-0.742350,0.000000,0.000000,0
baseline,2,5.000000,9546142,95.461420,-0.108580,0.000000,0.000000,0
baseline,3,0.100000,4335012,43.350120,-1.339880,0.000000,0.000000,0
baseline,3,0.500000,8286405,82.864050,-0.305950,0.000000,0.000000,0
baseline,3,1.000000,9498053,94.980530,-0.069470,0.000000,0.000000,0
baseline,3,5.000000,10000000,100.000000,0.010000,0.000000,0.000000,0
baseline,4,0.100000,8627455,86.274550,-0.815450,0.000000,0.000000,0
baseline,4,0.500000,9979728,99.797280,0.007280,0.000000,0.000000,0
baseline,4,1.000000,10000000,100.000000,0.010000,0.000000,0.000000,0
baseline,4,5.000000,10000000,100.000000,0.010000,0.000000,0.000000,0
prefix12_anchor,2,0.100000,895072,8.950720,-0.919280,0.242320,0.002577,8693894
prefix12_anchor,2,0.500000,3130223,31.302230,-0.887770,0.136680,0.001940,8693894
prefix12_anchor,2,1.000000,4932731,49.327310,-0.702690,0.039660,0.001409,8693894
prefix12_anchor,2,5.000000,9546304,95.463040,-0.106960,0.001620,0.000498,8693894
prefix12_anchor,3,0.100000,4371392,43.713920,-0.976080,0.363800,0.004486,9846506
prefix12_anchor,3,0.500000,8291550,82.915500,-0.254500,0.051450,0.001914,9846506
prefix12_anchor,3,1.000000,9500106,95.001060,-0.048940,0.020530,0.001056,9846506
prefix12_anchor,3,5.000000,10000000,100.000000,0.010000,0.000000,0.000000,9846506
prefix12_anchor,4,0.100000,8667151,86.671510,-0.418490,0.396960,0.004363,9965157
prefix12_anchor,4,0.500000,9980623,99.806230,0.016230,0.008950,0.000630,9965157
prefix12_anchor,4,1.000000,10000000,100.000000,0.010000,0.000000,0.000000,9965157
prefix12_anchor,4,5.000000,10000000,100.000000,0.010000,0.000000,0.000000,9965157
attempted=10000001 accepted=10000000 zero=1 regime=0 ideal_zero=0 ties=811727 draws=20000002 fingerprint=bfdf78c62483b9f2 elapsed=5.722719
