samples=1000000 seed=314159 distribution=uniform-value ops_bits=7 fraction_bits=12
profile,n,threshold_percent,count,percent,delta_Proposed_pp,paired_delta_baseline_pp,paired_se_pp,changed_outputs
baseline,2,0.100000,87085,8.708500,-1.161500,0.000000,0.000000,0
baseline,2,0.500000,312233,31.223300,-0.966700,0.000000,0.000000,0
baseline,2,1.000000,493440,49.344000,-0.686000,0.000000,0.000000,0
baseline,2,5.000000,954780,95.478000,-0.092000,0.000000,0.000000,0
baseline,3,0.100000,433697,43.369700,-1.320300,0.000000,0.000000,0
baseline,3,0.500000,828461,82.846100,-0.323900,0.000000,0.000000,0
baseline,3,1.000000,949728,94.972800,-0.077200,0.000000,0.000000,0
baseline,3,5.000000,1000000,100.000000,0.010000,0.000000,0.000000,0
baseline,4,0.100000,863005,86.300500,-0.789500,0.000000,0.000000,0
baseline,4,0.500000,997946,99.794600,0.004600,0.000000,0.000000,0
baseline,4,1.000000,1000000,100.000000,0.010000,0.000000,0.000000,0
baseline,4,5.000000,1000000,100.000000,0.010000,0.000000,0.000000,0
post_cut_anchor,2,0.100000,86809,8.680900,-1.189100,-0.027600,0.005731,209301
post_cut_anchor,2,0.500000,312218,31.221800,-0.968200,-0.001500,0.004256,209301
post_cut_anchor,2,1.000000,493368,49.336800,-0.693200,-0.007200,0.003302,209301
post_cut_anchor,2,5.000000,954784,95.478400,-0.091600,0.000400,0.000787,209301
post_cut_anchor,3,0.100000,432643,43.264300,-1.425700,-0.105400,0.013509,439569
post_cut_anchor,3,0.500000,828744,82.874400,-0.295600,0.028300,0.005351,439569
post_cut_anchor,3,1.000000,949822,94.982200,-0.067800,0.009400,0.002746,439569
post_cut_anchor,3,5.000000,1000000,100.000000,0.010000,0.000000,0.000000,439569
post_cut_anchor,4,0.100000,862980,86.298000,-0.792000,-0.002500,0.013209,501971
post_cut_anchor,4,0.500000,997967,99.796700,0.006700,0.002100,0.001688,501971
post_cut_anchor,4,1.000000,1000000,100.000000,0.010000,0.000000,0.000000,501971
post_cut_anchor,4,5.000000,1000000,100.000000,0.010000,0.000000,0.000000,501971
attempted=1000000 accepted=1000000 zero=0 regime=0 ideal_zero=0 ties=80715 draws=2000000 fingerprint=94af96f3cf48a0c2 elapsed=0.724857
