samples=10000000 seed=314159 distribution=uniform-value ops_bits=7 fraction_bits=12
profile,n,threshold_percent,count,percent,delta_Proposed_pp,paired_delta_baseline_pp,paired_se_pp,changed_outputs
baseline,2,0.100000,872660,8.726600,-1.143400,0.000000,0.000000,0
baseline,2,0.500000,3118370,31.183700,-1.006300,0.000000,0.000000,0
baseline,2,1.000000,4929766,49.297660,-0.732340,0.000000,0.000000,0
baseline,2,5.000000,9546837,95.468370,-0.101630,0.000000,0.000000,0
baseline,3,0.100000,4333027,43.330270,-1.359730,0.000000,0.000000,0
baseline,3,0.500000,8286354,82.863540,-0.306460,0.000000,0.000000,0
baseline,3,1.000000,9497934,94.979340,-0.070660,0.000000,0.000000,0
baseline,3,5.000000,10000000,100.000000,0.010000,0.000000,0.000000,0
baseline,4,0.100000,8629644,86.296440,-0.793560,0.000000,0.000000,0
baseline,4,0.500000,9979728,99.797280,0.007280,0.000000,0.000000,0
baseline,4,1.000000,10000000,100.000000,0.010000,0.000000,0.000000,0
baseline,4,5.000000,10000000,100.000000,0.010000,0.000000,0.000000,0
tie_b,2,0.100000,872279,8.722790,-1.147210,-0.003810,0.003226,800912
tie_b,2,0.500000,3118021,31.180210,-1.009790,-0.003490,0.003926,800912
tie_b,2,1.000000,4929663,49.296630,-0.733370,-0.001030,0.003544,800912
tie_b,2,5.000000,9546514,95.465140,-0.104860,-0.003230,0.001441,800912
tie_b,3,0.100000,4332988,43.329880,-1.360120,-0.000390,0.004936,774864
tie_b,3,0.500000,8286779,82.867790,-0.302210,0.004250,0.003168,774864
tie_b,3,1.000000,9498038,94.980380,-0.069620,0.001040,0.001961,774864
tie_b,3,5.000000,10000000,100.000000,0.010000,0.000000,0.000000,774864
tie_b,4,0.100000,8629400,86.294000,-0.796000,-0.002440,0.003705,680615
tie_b,4,0.500000,9979642,99.796420,0.006420,-0.000860,0.000681,680615
tie_b,4,1.000000,10000000,100.000000,0.010000,0.000000,0.000000,680615
tie_b,4,5.000000,10000000,100.000000,0.010000,0.000000,0.000000,680615
relative_prediction,2,0.100000,890982,8.909820,-0.960180,0.183220,0.001883,547139
relative_prediction,2,0.500000,3149523,31.495230,-0.694770,0.311530,0.002554,547139
relative_prediction,2,1.000000,4967733,49.677330,-0.352670,0.379670,0.002670,547139
relative_prediction,2,5.000000,9565874,95.658740,0.088740,0.190370,0.001488,547139
relative_prediction,3,0.100000,4370625,43.706250,-0.983750,0.375980,0.003848,538845
relative_prediction,3,0.500000,8338266,83.382660,0.212660,0.519120,0.003592,538845
relative_prediction,3,1.000000,9538155,95.381550,0.331550,0.402210,0.002440,538845
relative_prediction,3,5.000000,10000000,100.000000,0.010000,0.000000,0.000000,538845
relative_prediction,4,0.100000,8669041,86.690410,-0.399590,0.393970,0.003849,492881
relative_prediction,4,0.500000,9984874,99.848740,0.058740,0.051460,0.000761,492881
relative_prediction,4,1.000000,10000000,100.000000,0.010000,0.000000,0.000000,492881
relative_prediction,4,5.000000,10000000,100.000000,0.010000,0.000000,0.000000,492881
exact_prediction_residual,2,0.100000,894167,8.941670,-0.928330,0.215070,0.001564,36274
exact_prediction_residual,2,0.500000,3130847,31.308470,-0.881530,0.124770,0.001116,36274
exact_prediction_residual,2,1.000000,4932682,49.326820,-0.703180,0.029160,0.000540,36274
exact_prediction_residual,2,5.000000,9546837,95.468370,-0.101630,0.000000,0.000000,36274
exact_prediction_residual,3,0.100000,4342492,43.424920,-1.265080,0.094650,0.000972,32695
exact_prediction_residual,3,0.500000,8286354,82.863540,-0.306460,0.000000,0.000000,32695
exact_prediction_residual,3,1.000000,9497934,94.979340,-0.070660,0.000000,0.000000,32695
exact_prediction_residual,3,5.000000,10000000,100.000000,0.010000,0.000000,0.000000,32695
exact_prediction_residual,4,0.100000,8629826,86.298260,-0.791740,0.001820,0.000135,25159
exact_prediction_residual,4,0.500000,9979728,99.797280,0.007280,0.000000,0.000000,25159
exact_prediction_residual,4,1.000000,10000000,100.000000,0.010000,0.000000,0.000000,25159
exact_prediction_residual,4,5.000000,10000000,100.000000,0.010000,0.000000,0.000000,25159
acc_guard12,2,0.100000,876136,8.761360,-1.108640,0.034760,0.002063,8690800
acc_guard12,2,0.500000,3119692,31.196920,-0.993080,0.013220,0.001600,8690800
acc_guard12,2,1.000000,4930818,49.308180,-0.721820,0.010520,0.001303,8690800
acc_guard12,2,5.000000,9547053,95.470530,-0.099470,0.002160,0.000480,8690800
acc_guard12,3,0.100000,4359811,43.598110,-1.091890,0.267840,0.004400,9846372
acc_guard12,3,0.500000,8291354,82.913540,-0.256460,0.050000,0.001915,9846372
acc_guard12,3,1.000000,9499830,94.998300,-0.051700,0.018960,0.001060,9846372
acc_guard12,3,5.000000,10000000,100.000000,0.010000,0.000000,0.000000,9846372
acc_guard12,4,0.100000,8668443,86.684430,-0.405570,0.387990,0.004382,9965258
acc_guard12,4,0.500000,9980829,99.808290,0.018290,0.011010,0.000633,9965258
acc_guard12,4,1.000000,10000000,100.000000,0.010000,0.000000,0.000000,9965258
acc_guard12,4,5.000000,10000000,100.000000,0.010000,0.000000,0.000000,9965258
exact_sac_residual,2,0.100000,868918,8.689180,-1.180820,-0.037420,0.000612,37525
exact_sac_residual,2,0.500000,3118370,31.183700,-1.006300,0.000000,0.000000,37525
exact_sac_residual,2,1.000000,4929766,49.297660,-0.732340,0.000000,0.000000,37525
exact_sac_residual,2,5.000000,9546837,95.468370,-0.101630,0.000000,0.000000,37525
exact_sac_residual,3,0.100000,4302758,43.027580,-1.662420,-0.302690,0.001782,389526
exact_sac_residual,3,0.500000,8285987,82.859870,-0.310130,-0.003670,0.000192,389526
exact_sac_residual,3,1.000000,9497934,94.979340,-0.070660,0.000000,0.000000,389526
exact_sac_residual,3,5.000000,10000000,100.000000,0.010000,0.000000,0.000000,389526
exact_sac_residual,4,0.100000,8588010,85.880100,-1.209900,-0.416340,0.002094,1578552
exact_sac_residual,4,0.500000,9979396,99.793960,0.003960,-0.003320,0.000182,1578552
exact_sac_residual,4,1.000000,10000000,100.000000,0.010000,0.000000,0.000000,1578552
exact_sac_residual,4,5.000000,10000000,100.000000,0.010000,0.000000,0.000000,1578552
pack_rne,2,0.100000,872660,8.726600,-1.143400,0.000000,0.000000,0
pack_rne,2,0.500000,3118370,31.183700,-1.006300,0.000000,0.000000,0
pack_rne,2,1.000000,4929766,49.297660,-0.732340,0.000000,0.000000,0
pack_rne,2,5.000000,9546837,95.468370,-0.101630,0.000000,0.000000,0
pack_rne,3,0.100000,4333027,43.330270,-1.359730,0.000000,0.000000,0
pack_rne,3,0.500000,8286354,82.863540,-0.306460,0.000000,0.000000,0
pack_rne,3,1.000000,9497934,94.979340,-0.070660,0.000000,0.000000,0
pack_rne,3,5.000000,10000000,100.000000,0.010000,0.000000,0.000000,0
pack_rne,4,0.100000,8629644,86.296440,-0.793560,0.000000,0.000000,0
pack_rne,4,0.500000,9979728,99.797280,0.007280,0.000000,0.000000,0
pack_rne,4,1.000000,10000000,100.000000,0.010000,0.000000,0.000000,0
pack_rne,4,5.000000,10000000,100.000000,0.010000,0.000000,0.000000,0
attempted=10000001 accepted=10000000 zero=1 regime=0 ideal_zero=0 ties=809913 draws=20000002 fingerprint=247bf6e64ed610fd elapsed=14.122598
