samples=1000000 seed=314159 distribution=uniform-value ops_bits=7 fraction_bits=12
profile,n,threshold_percent,count,percent,delta_Proposed_pp,paired_delta_baseline_pp,paired_se_pp,changed_outputs
baseline,2,0.100000,87085,8.708500,-1.161500,0.000000,0.000000,0
baseline,2,0.500000,312233,31.223300,-0.966700,0.000000,0.000000,0
baseline,2,1.000000,493440,49.344000,-0.686000,0.000000,0.000000,0
baseline,2,5.000000,954780,95.478000,-0.092000,0.000000,0.000000,0
baseline,3,0.100000,433697,43.369700,-1.320300,0.000000,0.000000,0
baseline,3,0.500000,828461,82.846100,-0.323900,0.000000,0.000000,0
baseline,3,1.000000,949728,94.972800,-0.077200,0.000000,0.000000,0
baseline,3,5.000000,1000000,100.000000,0.010000,0.000000,0.000000,0
baseline,4,0.100000,863005,86.300500,-0.789500,0.000000,0.000000,0
baseline,4,0.500000,997946,99.794600,0.004600,0.000000,0.000000,0
baseline,4,1.000000,1000000,100.000000,0.010000,0.000000,0.000000,0
baseline,4,5.000000,1000000,100.000000,0.010000,0.000000,0.000000,0
prefix12,2,0.100000,89226,8.922600,-0.947400,0.214100,0.004946,3651
prefix12,2,0.500000,313505,31.350500,-0.839500,0.127200,0.003564,3651
prefix12,2,1.000000,493723,49.372300,-0.657700,0.028300,0.001682,3651
prefix12,2,5.000000,954780,95.478000,-0.092000,0.000000,0.000000,3651
prefix12,3,0.100000,434664,43.466400,-1.223600,0.096700,0.003108,3289
prefix12,3,0.500000,828461,82.846100,-0.323900,0.000000,0.000000,3289
prefix12,3,1.000000,949728,94.972800,-0.077200,0.000000,0.000000,3289
prefix12,3,5.000000,1000000,100.000000,0.010000,0.000000,0.000000,3289
prefix12,4,0.100000,863027,86.302700,-0.787300,0.002200,0.000469,2556
prefix12,4,0.500000,997946,99.794600,0.004600,0.000000,0.000000,2556
prefix12,4,1.000000,1000000,100.000000,0.010000,0.000000,0.000000,2556
prefix12,4,5.000000,1000000,100.000000,0.010000,0.000000,0.000000,2556
attempted=1000000 accepted=1000000 zero=0 regime=0 ideal_zero=0 ties=80715 draws=2000000 fingerprint=94af96f3cf48a0c2 elapsed=0.556683
