samples=10000000 seed=2026 distribution=uniform-value ops_bits=7 fraction_bits=12
profile,n,threshold_percent,count,percent,delta_Proposed_pp,paired_delta_baseline_pp,paired_se_pp,changed_outputs
baseline,2,0.100000,870840,8.708400,-1.161600,0.000000,0.000000,0
baseline,2,0.500000,3116555,31.165550,-1.024450,0.000000,0.000000,0
baseline,2,1.000000,4928765,49.287650,-0.742350,0.000000,0.000000,0
baseline,2,5.000000,9546142,95.461420,-0.108580,0.000000,0.000000,0
baseline,3,0.100000,4335012,43.350120,-1.339880,0.000000,0.000000,0
baseline,3,0.500000,8286405,82.864050,-0.305950,0.000000,0.000000,0
baseline,3,1.000000,9498053,94.980530,-0.069470,0.000000,0.000000,0
baseline,3,5.000000,10000000,100.000000,0.010000,0.000000,0.000000,0
baseline,4,0.100000,8627455,86.274550,-0.815450,0.000000,0.000000,0
baseline,4,0.500000,9979728,99.797280,0.007280,0.000000,0.000000,0
baseline,4,1.000000,10000000,100.000000,0.010000,0.000000,0.000000,0
baseline,4,5.000000,10000000,100.000000,0.010000,0.000000,0.000000,0
tie_b,2,0.100000,870595,8.705950,-1.164050,-0.002450,0.003224,802701
tie_b,2,0.500000,3116525,31.165250,-1.024750,-0.000300,0.003926,802701
tie_b,2,1.000000,4929084,49.290840,-0.739160,0.003190,0.003557,802701
tie_b,2,5.000000,9545939,95.459390,-0.110610,-0.002030,0.001439,802701
tie_b,3,0.100000,4335070,43.350700,-1.339300,0.000580,0.004949,776562
tie_b,3,0.500000,8286363,82.863630,-0.306370,-0.000420,0.003167,776562
tie_b,3,1.000000,9498073,94.980730,-0.069270,0.000200,0.001958,776562
tie_b,3,5.000000,10000000,100.000000,0.010000,0.000000,0.000000,776562
tie_b,4,0.100000,8627468,86.274680,-0.815320,0.000130,0.003698,681400
tie_b,4,0.500000,9979596,99.795960,0.005960,-0.001320,0.000674,681400
tie_b,4,1.000000,10000000,100.000000,0.010000,0.000000,0.000000,681400
tie_b,4,5.000000,10000000,100.000000,0.010000,0.000000,0.000000,681400
relative_prediction,2,0.100000,889343,8.893430,-0.976570,0.185030,0.001894,549044
relative_prediction,2,0.500000,3147663,31.476630,-0.713370,0.311080,0.002559,549044
relative_prediction,2,1.000000,4967089,49.670890,-0.359110,0.383240,0.002675,549044
relative_prediction,2,5.000000,9565311,95.653110,0.083110,0.191690,0.001490,549044
relative_prediction,3,0.100000,4372007,43.720070,-0.969930,0.369950,0.003855,540333
relative_prediction,3,0.500000,8337019,83.370190,0.200190,0.506140,0.003589,540333
relative_prediction,3,1.000000,9538145,95.381450,0.331450,0.400920,0.002445,540333
relative_prediction,3,5.000000,10000000,100.000000,0.010000,0.000000,0.000000,540333
relative_prediction,4,0.100000,8666670,86.666700,-0.423300,0.392150,0.003859,494415
relative_prediction,4,0.500000,9984900,99.849000,0.059000,0.051720,0.000765,494415
relative_prediction,4,1.000000,10000000,100.000000,0.010000,0.000000,0.000000,494415
relative_prediction,4,5.000000,10000000,100.000000,0.010000,0.000000,0.000000,494415
exact_prediction_residual,2,0.100000,892340,8.923400,-0.946600,0.215000,0.001569,36341
exact_prediction_residual,2,0.500000,3128915,31.289150,-0.900850,0.123600,0.001111,36341
exact_prediction_residual,2,1.000000,4931654,49.316540,-0.713460,0.028890,0.000537,36341
exact_prediction_residual,2,5.000000,9546142,95.461420,-0.108580,0.000000,0.000000,36341
exact_prediction_residual,3,0.100000,4344303,43.443030,-1.246970,0.092910,0.000963,32602
exact_prediction_residual,3,0.500000,8286405,82.864050,-0.305950,0.000000,0.000000,32602
exact_prediction_residual,3,1.000000,9498053,94.980530,-0.069470,0.000000,0.000000,32602
exact_prediction_residual,3,5.000000,10000000,100.000000,0.010000,0.000000,0.000000,32602
exact_prediction_residual,4,0.100000,8627639,86.276390,-0.813610,0.001840,0.000136,25035
exact_prediction_residual,4,0.500000,9979728,99.797280,0.007280,0.000000,0.000000,25035
exact_prediction_residual,4,1.000000,10000000,100.000000,0.010000,0.000000,0.000000,25035
exact_prediction_residual,4,5.000000,10000000,100.000000,0.010000,0.000000,0.000000,25035
acc_guard12,2,0.100000,873662,8.736620,-1.133380,0.028220,0.002055,8691282
acc_guard12,2,0.500000,3117881,31.178810,-1.011190,0.013260,0.001597,8691282
acc_guard12,2,1.000000,4929925,49.299250,-0.730750,0.011600,0.001306,8691282
acc_guard12,2,5.000000,9546304,95.463040,-0.106960,0.001620,0.000498,8691282
acc_guard12,3,0.100000,4362410,43.624100,-1.065900,0.273980,0.004396,9846554
acc_guard12,3,0.500000,8291550,82.915500,-0.254500,0.051450,0.001914,9846554
acc_guard12,3,1.000000,9500106,95.001060,-0.048940,0.020530,0.001056,9846554
acc_guard12,3,5.000000,10000000,100.000000,0.010000,0.000000,0.000000,9846554
acc_guard12,4,0.100000,8667148,86.671480,-0.418520,0.396930,0.004363,9965273
acc_guard12,4,0.500000,9980623,99.806230,0.016230,0.008950,0.000630,9965273
acc_guard12,4,1.000000,10000000,100.000000,0.010000,0.000000,0.000000,9965273
acc_guard12,4,5.000000,10000000,100.000000,0.010000,0.000000,0.000000,9965273
exact_sac_residual,2,0.100000,867087,8.670870,-1.199130,-0.037530,0.000613,37518
exact_sac_residual,2,0.500000,3116555,31.165550,-1.024450,0.000000,0.000000,37518
exact_sac_residual,2,1.000000,4928765,49.287650,-0.742350,0.000000,0.000000,37518
exact_sac_residual,2,5.000000,9546142,95.461420,-0.108580,0.000000,0.000000,37518
exact_sac_residual,3,0.100000,4304409,43.044090,-1.645910,-0.306030,0.001795,389739
exact_sac_residual,3,0.500000,8286064,82.860640,-0.309360,-0.003410,0.000185,389739
exact_sac_residual,3,1.000000,9498053,94.980530,-0.069470,0.000000,0.000000,389739
exact_sac_residual,3,5.000000,10000000,100.000000,0.010000,0.000000,0.000000,389739
exact_sac_residual,4,0.100000,8585784,85.857840,-1.232160,-0.416710,0.002095,1578700
exact_sac_residual,4,0.500000,9979407,99.794070,0.004070,-0.003210,0.000179,1578700
exact_sac_residual,4,1.000000,10000000,100.000000,0.010000,0.000000,0.000000,1578700
exact_sac_residual,4,5.000000,10000000,100.000000,0.010000,0.000000,0.000000,1578700
pack_rne,2,0.100000,870840,8.708400,-1.161600,0.000000,0.000000,0
pack_rne,2,0.500000,3116555,31.165550,-1.024450,0.000000,0.000000,0
pack_rne,2,1.000000,4928765,49.287650,-0.742350,0.000000,0.000000,0
pack_rne,2,5.000000,9546142,95.461420,-0.108580,0.000000,0.000000,0
pack_rne,3,0.100000,4335012,43.350120,-1.339880,0.000000,0.000000,0
pack_rne,3,0.500000,8286405,82.864050,-0.305950,0.000000,0.000000,0
pack_rne,3,1.000000,9498053,94.980530,-0.069470,0.000000,0.000000,0
pack_rne,3,5.000000,10000000,100.000000,0.010000,0.000000,0.000000,0
pack_rne,4,0.100000,8627455,86.274550,-0.815450,0.000000,0.000000,0
pack_rne,4,0.500000,9979728,99.797280,0.007280,0.000000,0.000000,0
pack_rne,4,1.000000,10000000,100.000000,0.010000,0.000000,0.000000,0
pack_rne,4,5.000000,10000000,100.000000,0.010000,0.000000,0.000000,0
attempted=10000001 accepted=10000000 zero=1 regime=0 ideal_zero=0 ties=811727 draws=20000002 fingerprint=bfdf78c62483b9f2 elapsed=14.147301
