CORNERS NB=8 ES=0 PASS clamp=80 carry=54 cancellation=20 deep=8
CORNERS NB=16 ES=1 PASS clamp=224 carry=34 cancellation=20 deep=8
CORNERS NB=32 ES=2 PASS clamp=224 carry=34 cancellation=20 deep=8
CORNERS NB=32 ES=3 PASS clamp=224 carry=34 cancellation=20 deep=8
REGIME ES=2 rc=0 m=1 operands=2250988
REGIME ES=2 rc=0 m=2 operands=1250976
REGIME ES=2 rc=0 m=3 operands=749282
REGIME ES=2 rc=0 m=4 operands=436840
REGIME ES=2 rc=0 m=5 operands=311682
REGIME ES=2 rc=0 m=6 operands=248818
REGIME ES=2 rc=0 m=7 operands=218712
REGIME ES=2 rc=0 m=8 operands=203126
REGIME ES=2 rc=0 m=9 operands=195338
REGIME ES=2 rc=0 m=10 operands=191382
REGIME ES=2 rc=0 m=11 operands=189544
REGIME ES=2 rc=0 m=12 operands=188388
REGIME ES=2 rc=0 m=13 operands=188032
REGIME ES=2 rc=0 m=14 operands=187792
REGIME ES=2 rc=0 m=15 operands=187600
REGIME ES=2 rc=0 m=16 operands=375050
REGIME ES=2 rc=0 m=17 operands=375026
REGIME ES=2 rc=0 m=18 operands=149994
REGIME ES=2 rc=0 m=19 operands=150024
REGIME ES=2 rc=0 m=20 operands=149960
REGIME ES=2 rc=0 m=21 operands=150050
REGIME ES=2 rc=0 m=22 operands=150016
REGIME ES=2 rc=0 m=23 operands=149984
REGIME ES=2 rc=0 m=24 operands=150016
REGIME ES=2 rc=0 m=25 operands=149952
REGIME ES=2 rc=0 m=26 operands=150048
REGIME ES=2 rc=0 m=27 operands=150016
REGIME ES=2 rc=0 m=28 operands=250080
REGIME ES=2 rc=0 m=29 operands=249952
REGIME ES=2 rc=0 m=30 operands=249984
REGIME ES=2 rc=1 m=1 operands=2251521
REGIME ES=2 rc=1 m=2 operands=1249977
REGIME ES=2 rc=1 m=3 operands=750304
REGIME ES=2 rc=1 m=4 operands=437310
REGIME ES=2 rc=1 m=5 operands=313158
REGIME ES=2 rc=1 m=6 operands=249224
REGIME ES=2 rc=1 m=7 operands=218512
REGIME ES=2 rc=1 m=8 operands=203252
REGIME ES=2 rc=1 m=9 operands=195460
REGIME ES=2 rc=1 m=10 operands=191408
REGIME ES=2 rc=1 m=11 operands=189468
REGIME ES=2 rc=1 m=12 operands=188422
REGIME ES=2 rc=1 m=13 operands=187984
REGIME ES=2 rc=1 m=14 operands=187746
REGIME ES=2 rc=1 m=15 operands=187594
REGIME ES=2 rc=1 m=16 operands=375042
REGIME ES=2 rc=1 m=17 operands=375026
REGIME ES=2 rc=1 m=18 operands=150032
REGIME ES=2 rc=1 m=19 operands=150028
REGIME ES=2 rc=1 m=20 operands=149992
REGIME ES=2 rc=1 m=21 operands=150016
REGIME ES=2 rc=1 m=22 operands=149936
REGIME ES=2 rc=1 m=23 operands=150016
REGIME ES=2 rc=1 m=24 operands=150016
REGIME ES=2 rc=1 m=25 operands=149984
REGIME ES=2 rc=1 m=26 operands=150016
REGIME ES=2 rc=1 m=27 operands=149936
REGIME ES=2 rc=1 m=28 operands=187488
REGIME ES=2 rc=1 m=29 operands=187520
REGIME ES=2 rc=1 m=30 operands=187488
REGIME ES=2 rc=1 m=31 operands=187472
P32 ES=2 samples=10000000 seed=314159 near_opposite=4157566 clamped=4629476 lzc_gt15=3988824 cancellation=21584 carry=105131 min_regime_operands=149936 coverage=PASS
DENSITY ES=2 bucket=0 operands=3351981
DENSITY ES=2 bucket=1 operands=2099233
DENSITY ES=2 bucket=2 operands=353719
DENSITY ES=2 bucket=3 operands=739053
DENSITY ES=2 bucket=4 operands=2321810
DENSITY ES=2 bucket=5 operands=11134204
SIGN ES=2 bucket=0 pairs=1500000
SIGN ES=2 bucket=1 pairs=3500000
SIGN ES=2 bucket=2 pairs=3500000
SIGN ES=2 bucket=3 pairs=1500000
DELTA ES=2 bucket=0 pairs=4056308
DELTA ES=2 bucket=1 pairs=76432
DELTA ES=2 bucket=2 pairs=288706
DELTA ES=2 bucket=3 pairs=865677
DELTA ES=2 bucket=4 pairs=4712877
REGIME ES=3 rc=0 m=1 operands=2248596
REGIME ES=3 rc=0 m=2 operands=1247692
REGIME ES=3 rc=0 m=3 operands=749868
REGIME ES=3 rc=0 m=4 operands=437854
REGIME ES=3 rc=0 m=5 operands=312966
REGIME ES=3 rc=0 m=6 operands=249870
REGIME ES=3 rc=0 m=7 operands=219002
REGIME ES=3 rc=0 m=8 operands=202932
REGIME ES=3 rc=0 m=9 operands=195340
REGIME ES=3 rc=0 m=10 operands=191370
REGIME ES=3 rc=0 m=11 operands=189382
REGIME ES=3 rc=0 m=12 operands=188472
REGIME ES=3 rc=0 m=13 operands=187954
REGIME ES=3 rc=0 m=14 operands=187762
REGIME ES=3 rc=0 m=15 operands=187588
REGIME ES=3 rc=0 m=16 operands=375066
REGIME ES=3 rc=0 m=17 operands=375046
REGIME ES=3 rc=0 m=18 operands=150000
REGIME ES=3 rc=0 m=19 operands=150026
REGIME ES=3 rc=0 m=20 operands=149956
REGIME ES=3 rc=0 m=21 operands=150048
REGIME ES=3 rc=0 m=22 operands=150016
REGIME ES=3 rc=0 m=23 operands=149984
REGIME ES=3 rc=0 m=24 operands=150016
REGIME ES=3 rc=0 m=25 operands=149952
REGIME ES=3 rc=0 m=26 operands=150048
REGIME ES=3 rc=0 m=27 operands=150016
REGIME ES=3 rc=0 m=28 operands=250080
REGIME ES=3 rc=0 m=29 operands=249952
REGIME ES=3 rc=0 m=30 operands=249984
REGIME ES=3 rc=1 m=1 operands=2252839
REGIME ES=3 rc=1 m=2 operands=1249657
REGIME ES=3 rc=1 m=3 operands=750756
REGIME ES=3 rc=1 m=4 operands=437396
REGIME ES=3 rc=1 m=5 operands=312618
REGIME ES=3 rc=1 m=6 operands=249910
REGIME ES=3 rc=1 m=7 operands=218958
REGIME ES=3 rc=1 m=8 operands=202882
REGIME ES=3 rc=1 m=9 operands=195372
REGIME ES=3 rc=1 m=10 operands=191456
REGIME ES=3 rc=1 m=11 operands=189546
REGIME ES=3 rc=1 m=12 operands=188467
REGIME ES=3 rc=1 m=13 operands=187973
REGIME ES=3 rc=1 m=14 operands=187732
REGIME ES=3 rc=1 m=15 operands=187606
REGIME ES=3 rc=1 m=16 operands=375044
REGIME ES=3 rc=1 m=17 operands=375020
REGIME ES=3 rc=1 m=18 operands=150022
REGIME ES=3 rc=1 m=19 operands=150026
REGIME ES=3 rc=1 m=20 operands=149990
REGIME ES=3 rc=1 m=21 operands=150018
REGIME ES=3 rc=1 m=22 operands=149938
REGIME ES=3 rc=1 m=23 operands=150016
REGIME ES=3 rc=1 m=24 operands=150016
REGIME ES=3 rc=1 m=25 operands=149984
REGIME ES=3 rc=1 m=26 operands=150016
REGIME ES=3 rc=1 m=27 operands=149936
REGIME ES=3 rc=1 m=28 operands=187488
REGIME ES=3 rc=1 m=29 operands=187520
REGIME ES=3 rc=1 m=30 operands=187488
REGIME ES=3 rc=1 m=31 operands=187472
P32 ES=3 samples=10000000 seed=314160 near_opposite=4093783 clamped=5339055 lzc_gt15=3977458 cancellation=14672 carry=56757 min_regime_operands=149936 coverage=PASS
DENSITY ES=3 bucket=0 operands=3602311
DENSITY ES=3 bucket=1 operands=2049903
DENSITY ES=3 bucket=2 operands=355520
DENSITY ES=3 bucket=3 operands=754804
DENSITY ES=3 bucket=4 operands=2483370
DENSITY ES=3 bucket=5 operands=10754092
SIGN ES=3 bucket=0 pairs=1500000
SIGN ES=3 bucket=1 pairs=3500000
SIGN ES=3 bucket=2 pairs=3500000
SIGN ES=3 bucket=3 pairs=1500000
DELTA ES=3 bucket=0 pairs=4035609
DELTA ES=3 bucket=1 pairs=38958
DELTA ES=3 bucket=2 pairs=198019
DELTA ES=3 bucket=3 pairs=340451
DELTA ES=3 bucket=4 pairs=5386963
SELECTED_ADDER_TESTS PASS checks=21468043 (ES3 uses wide integer oracle, not SoftPosit)
