CORNERS NB=8 ES=0 PASS exact/approx RNE/TRUNC
CORNERS NB=16 ES=1 PASS exact/approx RNE/TRUNC
CORNERS NB=32 ES=2 PASS exact/approx RNE/TRUNC
CORNERS NB=32 ES=3 PASS exact/approx RNE/TRUNC
ACCUMULATOR 10000 transactions + directed state checks PASS
P8_EXHAUSTIVE triples=16777216 PASS
CHECKPOINT ES=2 triples=1000000
CHECKPOINT ES=2 triples=2000000
CHECKPOINT ES=2 triples=3000000
CHECKPOINT ES=2 triples=4000000
CHECKPOINT ES=2 triples=5000000
CHECKPOINT ES=2 triples=6000000
CHECKPOINT ES=2 triples=7000000
CHECKPOINT ES=2 triples=8000000
CHECKPOINT ES=2 triples=9000000
CHECKPOINT ES=2 triples=10000000
P32 ES=2 samples=10000000 seed=314159 min_regime_per_operand=22070 near_opposite=4124235 min_AB_grid=39056 coverage=PASS
DENSITY ES=2 bucket=0 operands=2794853
DENSITY ES=2 bucket=1 operands=1753768
DENSITY ES=2 bucket=2 operands=292656
DENSITY ES=2 bucket=3 operands=612356
DENSITY ES=2 bucket=4 operands=1645215
DENSITY ES=2 bucket=5 operands=2901152
CHECKPOINT ES=3 triples=1000000
CHECKPOINT ES=3 triples=2000000
CHECKPOINT ES=3 triples=3000000
CHECKPOINT ES=3 triples=4000000
CHECKPOINT ES=3 triples=5000000
CHECKPOINT ES=3 triples=6000000
CHECKPOINT ES=3 triples=7000000
CHECKPOINT ES=3 triples=8000000
CHECKPOINT ES=3 triples=9000000
CHECKPOINT ES=3 triples=10000000
P32 ES=3 samples=10000000 seed=314159 min_regime_per_operand=22160 near_opposite=4065558 min_AB_grid=39056 coverage=PASS
DENSITY ES=3 bucket=0 operands=3004085
DENSITY ES=3 bucket=1 operands=1711040
DENSITY ES=3 bucket=2 operands=295559
DENSITY ES=3 bucket=3 operands=623283
DENSITY ES=3 bucket=4 operands=1665548
DENSITY ES=3 bucket=5 operands=2700485
MAC_GATE1B ACCEPTANCE PASS checks=36841216 mismatches=0
