g++ (Ubuntu 15.2.0-16ubuntu1) 15.2.0
Copyright (C) 2025 Free Software Foundation, Inc.
This is free software; see the source for copying conditions.  There is NO
warranty; not even for MERCHANTABILITY or FITNESS FOR A PARTICULAR PURPOSE.

x86_64-w64-mingw32-g++ (GCC) 13-win32
Copyright (C) 2023 Free Software Foundation, Inc.
This is free software; see the source for copying conditions.  There is NO
warranty; not even for MERCHANTABILITY or FITNESS FOR A PARTICULAR PURPOSE.

17d5628185b31828b10c1f910c9bf65737e83640
 M source/include/softposit_types.h
 M source/quire32_fdp_add.c
 M source/quire32_fdp_sub.c
?? build/Linux-x86_64-GCC/c_convertDecToPosit16.o
?? build/Linux-x86_64-GCC/c_convertDecToPosit32.o
?? build/Linux-x86_64-GCC/c_convertDecToPosit8.o
?? build/Linux-x86_64-GCC/c_convertPosit16ToDec.o
?? build/Linux-x86_64-GCC/c_convertPosit32ToDec.o
?? build/Linux-x86_64-GCC/c_convertPosit8ToDec.o
?? build/Linux-x86_64-GCC/c_convertQuire16ToPosit16.o
?? build/Linux-x86_64-GCC/c_convertQuire32ToPosit32.o
?? build/Linux-x86_64-GCC/c_convertQuire8ToPosit8.o
?? build/Linux-x86_64-GCC/c_convertQuireX2ToPositX2.o
?? build/Linux-x86_64-GCC/c_int.o
?? build/Linux-x86_64-GCC/i32_to_p16.o
?? build/Linux-x86_64-GCC/i32_to_p32.o
?? build/Linux-x86_64-GCC/i32_to_p8.o
?? build/Linux-x86_64-GCC/i32_to_pX2.o
?? build/Linux-x86_64-GCC/i64_to_p16.o
?? build/Linux-x86_64-GCC/i64_to_p32.o
?? build/Linux-x86_64-GCC/i64_to_p8.o
?? build/Linux-x86_64-GCC/i64_to_pX2.o
?? build/Linux-x86_64-GCC/p16_add.o
?? build/Linux-x86_64-GCC/p16_div.o
?? build/Linux-x86_64-GCC/p16_eq.o
?? build/Linux-x86_64-GCC/p16_le.o
?? build/Linux-x86_64-GCC/p16_lt.o
?? build/Linux-x86_64-GCC/p16_mul.o
?? build/Linux-x86_64-GCC/p16_mulAdd.o
?? build/Linux-x86_64-GCC/p16_roundToInt.o
?? build/Linux-x86_64-GCC/p16_sqrt.o
?? build/Linux-x86_64-GCC/p16_sub.o
?? build/Linux-x86_64-GCC/p16_to_i32.o
?? build/Linux-x86_64-GCC/p16_to_i64.o
?? build/Linux-x86_64-GCC/p16_to_p32.o
?? build/Linux-x86_64-GCC/p16_to_p8.o
?? build/Linux-x86_64-GCC/p16_to_pX2.o
?? build/Linux-x86_64-GCC/p16_to_ui32.o
?? build/Linux-x86_64-GCC/p16_to_ui64.o
?? build/Linux-x86_64-GCC/p32_add.o
?? build/Linux-x86_64-GCC/p32_div.o
?? build/Linux-x86_64-GCC/p32_eq.o
?? build/Linux-x86_64-GCC/p32_le.o
?? build/Linux-x86_64-GCC/p32_lt.o
?? build/Linux-x86_64-GCC/p32_mul.o
?? build/Linux-x86_64-GCC/p32_mulAdd.o
?? build/Linux-x86_64-GCC/p32_roundToInt.o
?? build/Linux-x86_64-GCC/p32_sqrt.o
?? build/Linux-x86_64-GCC/p32_sub.o
?? build/Linux-x86_64-GCC/p32_to_i32.o
?? build/Linux-x86_64-GCC/p32_to_i64.o
?? build/Linux-x86_64-GCC/p32_to_p16.o
?? build/Linux-x86_64-GCC/p32_to_p8.o
?? build/Linux-x86_64-GCC/p32_to_pX2.o
?? build/Linux-x86_64-GCC/p32_to_ui32.o
?? build/Linux-x86_64-GCC/p32_to_ui64.o
?? build/Linux-x86_64-GCC/p8_add.o
?? build/Linux-x86_64-GCC/p8_div.o
?? build/Linux-x86_64-GCC/p8_eq.o
?? build/Linux-x86_64-GCC/p8_le.o
?? build/Linux-x86_64-GCC/p8_lt.o
?? build/Linux-x86_64-GCC/p8_mul.o
?? build/Linux-x86_64-GCC/p8_mulAdd.o
?? build/Linux-x86_64-GCC/p8_roundToInt.o
?? build/Linux-x86_64-GCC/p8_sqrt.o
?? build/Linux-x86_64-GCC/p8_sub.o
?? build/Linux-x86_64-GCC/p8_to_i32.o
?? build/Linux-x86_64-GCC/p8_to_i64.o
?? build/Linux-x86_64-GCC/p8_to_p16.o
?? build/Linux-x86_64-GCC/p8_to_p32.o
?? build/Linux-x86_64-GCC/p8_to_pX2.o
?? build/Linux-x86_64-GCC/p8_to_ui32.o
?? build/Linux-x86_64-GCC/p8_to_ui64.o
?? build/Linux-x86_64-GCC/pX2_add.o
?? build/Linux-x86_64-GCC/pX2_div.o
?? build/Linux-x86_64-GCC/pX2_eq.o
?? build/Linux-x86_64-GCC/pX2_le.o
?? build/Linux-x86_64-GCC/pX2_lt.o
?? build/Linux-x86_64-GCC/pX2_mul.o
?? build/Linux-x86_64-GCC/pX2_mulAdd.o
?? build/Linux-x86_64-GCC/pX2_roundToInt.o
?? build/Linux-x86_64-GCC/pX2_sqrt.o
?? build/Linux-x86_64-GCC/pX2_sub.o
?? build/Linux-x86_64-GCC/quire16_fdp_add.o
?? build/Linux-x86_64-GCC/quire16_fdp_sub.o
?? build/Linux-x86_64-GCC/quire32_fdp_add.o
?? build/Linux-x86_64-GCC/quire32_fdp_sub.o
?? build/Linux-x86_64-GCC/quire8_fdp_add.o
?? build/Linux-x86_64-GCC/quire8_fdp_sub.o
?? build/Linux-x86_64-GCC/quire_helper.o
?? build/Linux-x86_64-GCC/s_addMagsP16.o
?? build/Linux-x86_64-GCC/s_addMagsP32.o
?? build/Linux-x86_64-GCC/s_addMagsP8.o
?? build/Linux-x86_64-GCC/s_addMagsPX2.o
?? build/Linux-x86_64-GCC/s_approxRecipSqrt_1Ks.o
?? build/Linux-x86_64-GCC/s_mulAddP16.o
?? build/Linux-x86_64-GCC/s_mulAddP32.o
?? build/Linux-x86_64-GCC/s_mulAddP8.o
?? build/Linux-x86_64-GCC/s_mulAddPX2.o
?? build/Linux-x86_64-GCC/s_subMagsP16.o
?? build/Linux-x86_64-GCC/s_subMagsP32.o
?? build/Linux-x86_64-GCC/s_subMagsP8.o
?? build/Linux-x86_64-GCC/s_subMagsPX2.o
?? build/Linux-x86_64-GCC/softposit.a
?? build/Linux-x86_64-GCC/ui32_to_p16.o
?? build/Linux-x86_64-GCC/ui32_to_p32.o
?? build/Linux-x86_64-GCC/ui32_to_p8.o
?? build/Linux-x86_64-GCC/ui32_to_pX2.o
?? build/Linux-x86_64-GCC/ui64_to_p16.o
?? build/Linux-x86_64-GCC/ui64_to_p32.o
?? build/Linux-x86_64-GCC/ui64_to_p8.o
?? build/Linux-x86_64-GCC/ui64_to_pX2.o

Date: 2026-10-04 Asia/Saigon
SoftPosit: 0.4.2, vendor commit 17d5628185b31828b10c1f910c9bf65737e83640
L0: reused existing libsoftposit.so / softposit.dll; no vendor edits or L0 rebuild this turn.
L1 flags: -O3 -std=c++17 -Wall -Wextra -Iinclude -I../l0
UBSan flags: -O1 -g -fsanitize=undefined -fno-sanitize-recover=undefined
Test seed: 314159
Commands below run from Posit_MAC/l1 under WSL unless stated otherwise:
make linux windows test_tv_paper_ubsan
make test
./test_tv_paper
./test_tv_paper_ubsan
./test_table1_reproduce --samples 10000000 --seed 314159 --ops 0 --scheme floor --ideal fp32
./test_table1_reproduce --samples 10000000 --seed 314159 --ops 1 --scheme floor --ideal fp32
./test_table1_reproduce --samples 10000000 --seed 314159 --ops 1 --scheme floor --distribution stratified --ideal posit
./test_table1_reproduce --samples 10000000 --seed 314159 --ops 1 --scheme sticky --ideal fp32
Windows PowerShell from workspace: & .\Posit_MAC\l1\test_tv_paper.exe
Script syntax: bash -n ../scripts/rebuild_l0_l1.sh
./test_table1_reproduce --samples 10000000 --seed 314159 --ops 1 --scheme floor --ideal fp32 --require-match
Expected last command exit: 1 (Table I threshold not met). Without --require-match, exit 0 only means experiment completed.
