CORNERS NB=8 ES=0 PASS clamp=80 carry=54 cancellation=20 deep=8
CORNERS NB=16 ES=1 PASS clamp=224 carry=34 cancellation=20 deep=8
CORNERS NB=32 ES=2 PASS clamp=224 carry=34 cancellation=20 deep=8
CORNERS NB=32 ES=3 PASS clamp=224 carry=34 cancellation=20 deep=8
REGIME ES=2 rc=0 m=1 operands=2250988
REGIME ES=2 rc=0 m=2 operands=1250976
REGIME ES=2 rc=0 m=3 operands=749282
REGIME ES=2 rc=0 m=4 operands=436840
REGIME ES=2 rc=0 m=5 operands=311682
REGIME ES=2 rc=0 m=6 operands=248818
REGIME ES=2 rc=0 m=7 operands=218712
REGIME ES=2 rc=0 m=8 operands=203126
REGIME ES=2 rc=0 m=9 operands=195338
REGIME ES=2 rc=0 m=10 operands=191382
REGIME ES=2 rc=0 m=11 operands=189544
REGIME ES=2 rc=0 m=12 operands=188388
REGIME ES=2 rc=0 m=13 operands=188032
REGIME ES=2 rc=0 m=14 operands=187792
REGIME ES=2 rc=0 m=15 operands=187600
REGIME ES=2 rc=0 m=16 operands=375050
REGIME ES=2 rc=0 m=17 operands=375026
REGIME ES=2 rc=0 m=18 operands=149994
REGIME ES=2 rc=0 m=19 operands=150024
REGIME ES=2 rc=0 m=20 operands=149960
REGIME ES=2 rc=0 m=21 operands=150050
REGIME ES=2 rc=0 m=22 operands=150016
REGIME ES=2 rc=0 m=23 operands=149984
REGIME ES=2 rc=0 m=24 operands=150016
REGIME ES=2 rc=0 m=25 operands=149952
REGIME ES=2 rc=0 m=26 operands=150048
REGIME ES=2 rc=0 m=27 operands=150016
REGIME ES=2 rc=0 m=28 operands=250080
REGIME ES=2 rc=0 m=29 operands=249952
REGIME ES=2 rc=0 m=30 operands=249984
REGIME ES=2 rc=1 m=1 operands=2251521
REGIME ES=2 rc=1 m=2 operands=1249977
REGIME ES=2 rc=1 m=3 operands=750304
REGIME ES=2 rc=1 m=4 operands=437310
REGIME ES=2 rc=1 m=5 operands=313158
REGIME ES=2 rc=1 m=6 operands=249224
REGIME ES=2 rc=1 m=7 operands=218512
REGIME ES=2 rc=1 m=8 operands=203252
REGIME ES=2 rc=1 m=9 operands=195460
REGIME ES=2 rc=1 m=10 operands=191408
REGIME ES=2 rc=1 m=11 operands=189468
REGIME ES=2 rc=1 m=12 operands=188422
REGIME ES=2 rc=1 m=13 operands=187984
REGIME ES=2 rc=1 m=14 operands=187746
REGIME ES=2 rc=1 m=15 operands=187594
REGIME ES=2 rc=1 m=16 operands=375042
REGIME ES=2 rc=1 m=17 operands=375026
REGIME ES=2 rc=1 m=18 operands=150032
REGIME ES=2 rc=1 m=19 operands=150028
REGIME ES=2 rc=1 m=20 operands=149992
REGIME ES=2 rc=1 m=21 operands=150016
REGIME ES=2 rc=1 m=22 operands=149936
REGIME ES=2 rc=1 m=23 operands=150016
REGIME ES=2 rc=1 m=24 operands=150016
REGIME ES=2 rc=1 m=25 operands=149984
REGIME ES=2 rc=1 m=26 operands=150016
REGIME ES=2 rc=1 m=27 operands=149936
REGIME ES=2 rc=1 m=28 operands=187488
REGIME ES=2 rc=1 m=29 operands=187520
REGIME ES=2 rc=1 m=30 operands=187488
REGIME ES=2 rc=1 m=31 operands=187472
P32 ES=2 samples=10000000 seed=314159 near_opposite=4157566 clamped=4629476 lzc_gt15=3988824 cancellation=21584 carry=105131 min_regime_operands=149936 coverage=PASS
DENSITY ES=2 bucket=0 operands=3351981
DENSITY ES=2 bucket=1 operands=2099233
DENSITY ES=2 bucket=2 operands=353719
DENSITY ES=2 bucket=3 operands=739053
DENSITY ES=2 bucket=4 operands=2321810
DENSITY ES=2 bucket=5 operands=11134204
SIGN ES=2 bucket=0 pairs=1500000
SIGN ES=2 bucket=1 pairs=3500000
SIGN ES=2 bucket=2 pairs=3500000
SIGN ES=2 bucket=3 pairs=1500000
DELTA ES=2 bucket=0 pairs=4056308
DELTA ES=2 bucket=1 pairs=76432
DELTA ES=2 bucket=2 pairs=288706
DELTA ES=2 bucket=3 pairs=865677
DELTA ES=2 bucket=4 pairs=4712877
REGIME ES=3 rc=0 m=1 operands=2248596
REGIME ES=3 rc=0 m=2 operands=1247692
REGIME ES=3 rc=0 m=3 operands=749868
REGIME ES=3 rc=0 m=4 operands=437854
REGIME ES=3 rc=0 m=5 operands=312966
REGIME ES=3 rc=0 m=6 operands=249870
REGIME ES=3 rc=0 m=7 operands=219002
REGIME ES=3 rc=0 m=8 operands=202932
REGIME ES=3 rc=0 m=9 operands=195340
REGIME ES=3 rc=0 m=10 operands=191370
REGIME ES=3 rc=0 m=11 operands=189382
REGIME ES=3 rc=0 m=12 operands=188472
REGIME ES=3 rc=0 m=13 operands=187954
REGIME ES=3 rc=0 m=14 operands=187762
REGIME ES=3 rc=0 m=15 operands=187588
REGIME ES=3 rc=0 m=16 operands=375066
REGIME ES=3 rc=0 m=17 operands=375046
REGIME ES=3 rc=0 m=18 operands=150000
REGIME ES=3 rc=0 m=19 operands=150026
REGIME ES=3 rc=0 m=20 operands=149956
REGIME ES=3 rc=0 m=21 operands=150048
REGIME ES=3 rc=0 m=22 operands=150016
REGIME ES=3 rc=0 m=23 operands=149984
REGIME ES=3 rc=0 m=24 operands=150016
REGIME ES=3 rc=0 m=25 operands=149952
REGIME ES=3 rc=0 m=26 operands=150048
REGIME ES=3 rc=0 m=27 operands=150016
REGIME ES=3 rc=0 m=28 operands=250080
REGIME ES=3 rc=0 m=29 operands=249952
REGIME ES=3 rc=0 m=30 operands=249984
REGIME ES=3 rc=1 m=1 operands=2252839
REGIME ES=3 rc=1 m=2 operands=1249657
REGIME ES=3 rc=1 m=3 operands=750756
REGIME ES=3 rc=1 m=4 operands=437396
REGIME ES=3 rc=1 m=5 operands=312618
REGIME ES=3 rc=1 m=6 operands=249910
REGIME ES=3 rc=1 m=7 operands=218958
REGIME ES=3 rc=1 m=8 operands=202882
REGIME ES=3 rc=1 m=9 operands=195372
REGIME ES=3 rc=1 m=10 operands=191456
REGIME ES=3 rc=1 m=11 operands=189546
REGIME ES=3 rc=1 m=12 operands=188467
REGIME ES=3 rc=1 m=13 operands=187973
REGIME ES=3 rc=1 m=14 operands=187732
REGIME ES=3 rc=1 m=15 operands=187606
REGIME ES=3 rc=1 m=16 operands=375044
REGIME ES=3 rc=1 m=17 operands=375020
REGIME ES=3 rc=1 m=18 operands=150022
REGIME ES=3 rc=1 m=19 operands=150026
REGIME ES=3 rc=1 m=20 operands=149990
REGIME ES=3 rc=1 m=21 operands=150018
REGIME ES=3 rc=1 m=22 operands=149938
REGIME ES=3 rc=1 m=23 operands=150016
REGIME ES=3 rc=1 m=24 operands=150016
REGIME ES=3 rc=1 m=25 operands=149984
REGIME ES=3 rc=1 m=26 operands=150016
REGIME ES=3 rc=1 m=27 operands=149936
REGIME ES=3 rc=1 m=28 operands=187488
REGIME ES=3 rc=1 m=29 operands=187520
REGIME ES=3 rc=1 m=30 operands=187488
REGIME ES=3 rc=1 m=31 operands=187472
P32 ES=3 samples=10000000 seed=314160 near_opposite=4093783 clamped=5339055 lzc_gt15=3977458 cancellation=14672 carry=56757 min_regime_operands=149936 coverage=PASS
DENSITY ES=3 bucket=0 operands=3602311
DENSITY ES=3 bucket=1 operands=2049903
DENSITY ES=3 bucket=2 operands=355520
DENSITY ES=3 bucket=3 operands=754804
DENSITY ES=3 bucket=4 operands=2483370
DENSITY ES=3 bucket=5 operands=10754092
SIGN ES=3 bucket=0 pairs=1500000
SIGN ES=3 bucket=1 pairs=3500000
SIGN ES=3 bucket=2 pairs=3500000
SIGN ES=3 bucket=3 pairs=1500000
DELTA ES=3 bucket=0 pairs=4035609
DELTA ES=3 bucket=1 pairs=38958
DELTA ES=3 bucket=2 pairs=198019
DELTA ES=3 bucket=3 pairs=340451
DELTA ES=3 bucket=4 pairs=5386963
CHECKPOINT next_A=256 pairs=16777216 elapsed=0.314041
CHECKPOINT next_A=512 pairs=33554432 elapsed=0.632141
CHECKPOINT next_A=768 pairs=50331648 elapsed=0.948411
CHECKPOINT next_A=1024 pairs=67108864 elapsed=1.25871
CHECKPOINT next_A=1280 pairs=83886080 elapsed=1.56587
CHECKPOINT next_A=1536 pairs=100663296 elapsed=1.87709
CHECKPOINT next_A=1792 pairs=117440512 elapsed=2.18246
CHECKPOINT next_A=2048 pairs=134217728 elapsed=2.49005
CHECKPOINT next_A=2304 pairs=150994944 elapsed=2.79415
CHECKPOINT next_A=2560 pairs=167772160 elapsed=3.09964
CHECKPOINT next_A=2816 pairs=184549376 elapsed=3.40508
CHECKPOINT next_A=3072 pairs=201326592 elapsed=3.70958
CHECKPOINT next_A=3328 pairs=218103808 elapsed=4.02501
CHECKPOINT next_A=3584 pairs=234881024 elapsed=4.32891
CHECKPOINT next_A=3840 pairs=251658240 elapsed=4.63169
CHECKPOINT next_A=4096 pairs=268435456 elapsed=4.93938
CHECKPOINT next_A=4352 pairs=285212672 elapsed=5.2405
CHECKPOINT next_A=4608 pairs=301989888 elapsed=5.53818
CHECKPOINT next_A=4864 pairs=318767104 elapsed=5.83846
CHECKPOINT next_A=5120 pairs=335544320 elapsed=6.15035
CHECKPOINT next_A=5376 pairs=352321536 elapsed=6.4488
CHECKPOINT next_A=5632 pairs=369098752 elapsed=6.7494
CHECKPOINT next_A=5888 pairs=385875968 elapsed=7.05947
CHECKPOINT next_A=6144 pairs=402653184 elapsed=7.36109
CHECKPOINT next_A=6400 pairs=419430400 elapsed=7.66085
CHECKPOINT next_A=6656 pairs=436207616 elapsed=7.96315
CHECKPOINT next_A=6912 pairs=452984832 elapsed=8.26294
CHECKPOINT next_A=7168 pairs=469762048 elapsed=8.5659
CHECKPOINT next_A=7424 pairs=486539264 elapsed=8.86665
CHECKPOINT next_A=7680 pairs=503316480 elapsed=9.1676
CHECKPOINT next_A=7936 pairs=520093696 elapsed=9.47003
CHECKPOINT next_A=8192 pairs=536870912 elapsed=9.77287
CHECKPOINT next_A=8448 pairs=553648128 elapsed=10.0699
CHECKPOINT next_A=8704 pairs=570425344 elapsed=10.3643
CHECKPOINT next_A=8960 pairs=587202560 elapsed=10.6572
CHECKPOINT next_A=9216 pairs=603979776 elapsed=10.9622
CHECKPOINT next_A=9472 pairs=620756992 elapsed=11.2602
CHECKPOINT next_A=9728 pairs=637534208 elapsed=11.5591
CHECKPOINT next_A=9984 pairs=654311424 elapsed=11.8605
CHECKPOINT next_A=10240 pairs=671088640 elapsed=12.1603
CHECKPOINT next_A=10496 pairs=687865856 elapsed=12.4607
CHECKPOINT next_A=10752 pairs=704643072 elapsed=12.7637
CHECKPOINT next_A=11008 pairs=721420288 elapsed=13.0707
CHECKPOINT next_A=11264 pairs=738197504 elapsed=13.3692
CHECKPOINT next_A=11520 pairs=754974720 elapsed=13.6704
CHECKPOINT next_A=11776 pairs=771751936 elapsed=13.9691
CHECKPOINT next_A=12032 pairs=788529152 elapsed=14.274
CHECKPOINT next_A=12288 pairs=805306368 elapsed=14.5748
CHECKPOINT next_A=12544 pairs=822083584 elapsed=14.8766
CHECKPOINT next_A=12800 pairs=838860800 elapsed=15.1801
CHECKPOINT next_A=13056 pairs=855638016 elapsed=15.4798
CHECKPOINT next_A=13312 pairs=872415232 elapsed=15.783
CHECKPOINT next_A=13568 pairs=889192448 elapsed=16.0854
CHECKPOINT next_A=13824 pairs=905969664 elapsed=16.397
CHECKPOINT next_A=14080 pairs=922746880 elapsed=16.7103
CHECKPOINT next_A=14336 pairs=939524096 elapsed=17.0146
CHECKPOINT next_A=14592 pairs=956301312 elapsed=17.3183
CHECKPOINT next_A=14848 pairs=973078528 elapsed=17.6223
CHECKPOINT next_A=15104 pairs=989855744 elapsed=17.9262
CHECKPOINT next_A=15360 pairs=1006632960 elapsed=18.2286
CHECKPOINT next_A=15616 pairs=1023410176 elapsed=18.5278
CHECKPOINT next_A=15872 pairs=1040187392 elapsed=18.8357
CHECKPOINT next_A=16128 pairs=1056964608 elapsed=19.1406
CHECKPOINT next_A=16384 pairs=1073741824 elapsed=19.444
CHECKPOINT next_A=16640 pairs=1090519040 elapsed=19.7571
CHECKPOINT next_A=16896 pairs=1107296256 elapsed=20.0601
CHECKPOINT next_A=17152 pairs=1124073472 elapsed=20.3568
CHECKPOINT next_A=17408 pairs=1140850688 elapsed=20.654
CHECKPOINT next_A=17664 pairs=1157627904 elapsed=20.9556
CHECKPOINT next_A=17920 pairs=1174405120 elapsed=21.2568
CHECKPOINT next_A=18176 pairs=1191182336 elapsed=21.559
CHECKPOINT next_A=18432 pairs=1207959552 elapsed=21.8651
CHECKPOINT next_A=18688 pairs=1224736768 elapsed=22.1687
CHECKPOINT next_A=18944 pairs=1241513984 elapsed=22.4733
CHECKPOINT next_A=19200 pairs=1258291200 elapsed=22.7763
CHECKPOINT next_A=19456 pairs=1275068416 elapsed=23.0848
CHECKPOINT next_A=19712 pairs=1291845632 elapsed=23.3945
CHECKPOINT next_A=19968 pairs=1308622848 elapsed=23.699
CHECKPOINT next_A=20224 pairs=1325400064 elapsed=24.0034
CHECKPOINT next_A=20480 pairs=1342177280 elapsed=24.3068
CHECKPOINT next_A=20736 pairs=1358954496 elapsed=24.614
CHECKPOINT next_A=20992 pairs=1375731712 elapsed=24.9195
CHECKPOINT next_A=21248 pairs=1392508928 elapsed=25.2228
CHECKPOINT next_A=21504 pairs=1409286144 elapsed=25.5254
CHECKPOINT next_A=21760 pairs=1426063360 elapsed=25.8752
CHECKPOINT next_A=22016 pairs=1442840576 elapsed=26.1828
CHECKPOINT next_A=22272 pairs=1459617792 elapsed=26.489
CHECKPOINT next_A=22528 pairs=1476395008 elapsed=26.8339
CHECKPOINT next_A=22784 pairs=1493172224 elapsed=27.1408
CHECKPOINT next_A=23040 pairs=1509949440 elapsed=27.4503
CHECKPOINT next_A=23296 pairs=1526726656 elapsed=27.7609
CHECKPOINT next_A=23552 pairs=1543503872 elapsed=28.0701
CHECKPOINT next_A=23808 pairs=1560281088 elapsed=28.3766
CHECKPOINT next_A=24064 pairs=1577058304 elapsed=28.6883
CHECKPOINT next_A=24320 pairs=1593835520 elapsed=29.0036
CHECKPOINT next_A=24576 pairs=1610612736 elapsed=29.3195
CHECKPOINT next_A=24832 pairs=1627389952 elapsed=29.6556
CHECKPOINT next_A=25088 pairs=1644167168 elapsed=29.9896
CHECKPOINT next_A=25344 pairs=1660944384 elapsed=30.3204
CHECKPOINT next_A=25600 pairs=1677721600 elapsed=30.6519
CHECKPOINT next_A=25856 pairs=1694498816 elapsed=30.9914
CHECKPOINT next_A=26112 pairs=1711276032 elapsed=31.3284
CHECKPOINT next_A=26368 pairs=1728053248 elapsed=31.6702
CHECKPOINT next_A=26624 pairs=1744830464 elapsed=32.0108
CHECKPOINT next_A=26880 pairs=1761607680 elapsed=32.3459
CHECKPOINT next_A=27136 pairs=1778384896 elapsed=32.6852
CHECKPOINT next_A=27392 pairs=1795162112 elapsed=33.0223
CHECKPOINT next_A=27648 pairs=1811939328 elapsed=33.3562
CHECKPOINT next_A=27904 pairs=1828716544 elapsed=33.6964
CHECKPOINT next_A=28160 pairs=1845493760 elapsed=34.039
CHECKPOINT next_A=28416 pairs=1862270976 elapsed=34.3752
CHECKPOINT next_A=28672 pairs=1879048192 elapsed=34.7134
CHECKPOINT next_A=28928 pairs=1895825408 elapsed=35.0626
CHECKPOINT next_A=29184 pairs=1912602624 elapsed=35.4056
CHECKPOINT next_A=29440 pairs=1929379840 elapsed=35.7506
CHECKPOINT next_A=29696 pairs=1946157056 elapsed=36.1034
CHECKPOINT next_A=29952 pairs=1962934272 elapsed=36.4423
CHECKPOINT next_A=30208 pairs=1979711488 elapsed=36.7841
CHECKPOINT next_A=30464 pairs=1996488704 elapsed=37.1549
CHECKPOINT next_A=30720 pairs=2013265920 elapsed=37.4934
CHECKPOINT next_A=30976 pairs=2030043136 elapsed=37.8389
CHECKPOINT next_A=31232 pairs=2046820352 elapsed=38.1851
CHECKPOINT next_A=31488 pairs=2063597568 elapsed=38.527
CHECKPOINT next_A=31744 pairs=2080374784 elapsed=38.8855
CHECKPOINT next_A=32000 pairs=2097152000 elapsed=39.2355
CHECKPOINT next_A=32256 pairs=2113929216 elapsed=39.6015
CHECKPOINT next_A=32512 pairs=2130706432 elapsed=39.9549
CHECKPOINT next_A=32768 pairs=2147483648 elapsed=40.3055
CHECKPOINT next_A=33024 pairs=2164260864 elapsed=40.6639
CHECKPOINT next_A=33280 pairs=2181038080 elapsed=41.0197
CHECKPOINT next_A=33536 pairs=2197815296 elapsed=41.3644
CHECKPOINT next_A=33792 pairs=2214592512 elapsed=41.7142
CHECKPOINT next_A=34048 pairs=2231369728 elapsed=42.0651
CHECKPOINT next_A=34304 pairs=2248146944 elapsed=42.4083
CHECKPOINT next_A=34560 pairs=2264924160 elapsed=42.7547
CHECKPOINT next_A=34816 pairs=2281701376 elapsed=43.1081
CHECKPOINT next_A=35072 pairs=2298478592 elapsed=43.456
CHECKPOINT next_A=35328 pairs=2315255808 elapsed=43.8027
CHECKPOINT next_A=35584 pairs=2332033024 elapsed=44.1538
CHECKPOINT next_A=35840 pairs=2348810240 elapsed=44.5007
CHECKPOINT next_A=36096 pairs=2365587456 elapsed=44.86
CHECKPOINT next_A=36352 pairs=2382364672 elapsed=45.2212
CHECKPOINT next_A=36608 pairs=2399141888 elapsed=45.5713
CHECKPOINT next_A=36864 pairs=2415919104 elapsed=45.9331
CHECKPOINT next_A=37120 pairs=2432696320 elapsed=46.3044
CHECKPOINT next_A=37376 pairs=2449473536 elapsed=46.6605
CHECKPOINT next_A=37632 pairs=2466250752 elapsed=47.0236
CHECKPOINT next_A=37888 pairs=2483027968 elapsed=47.4138
CHECKPOINT next_A=38144 pairs=2499805184 elapsed=47.8136
CHECKPOINT next_A=38400 pairs=2516582400 elapsed=48.157
CHECKPOINT next_A=38656 pairs=2533359616 elapsed=48.5248
CHECKPOINT next_A=38912 pairs=2550136832 elapsed=48.8731
CHECKPOINT next_A=39168 pairs=2566914048 elapsed=49.2215
CHECKPOINT next_A=39424 pairs=2583691264 elapsed=49.5633
CHECKPOINT next_A=39680 pairs=2600468480 elapsed=49.9073
CHECKPOINT next_A=39936 pairs=2617245696 elapsed=50.2505
CHECKPOINT next_A=40192 pairs=2634022912 elapsed=50.5912
CHECKPOINT next_A=40448 pairs=2650800128 elapsed=50.9774
CHECKPOINT next_A=40704 pairs=2667577344 elapsed=51.3187
CHECKPOINT next_A=40960 pairs=2684354560 elapsed=51.6581
CHECKPOINT next_A=41216 pairs=2701131776 elapsed=51.9804
CHECKPOINT next_A=41472 pairs=2717908992 elapsed=52.3142
CHECKPOINT next_A=41728 pairs=2734686208 elapsed=52.6305
CHECKPOINT next_A=41984 pairs=2751463424 elapsed=52.9411
CHECKPOINT next_A=42240 pairs=2768240640 elapsed=53.2864
CHECKPOINT next_A=42496 pairs=2785017856 elapsed=53.6014
CHECKPOINT next_A=42752 pairs=2801795072 elapsed=53.912
CHECKPOINT next_A=43008 pairs=2818572288 elapsed=54.2213
CHECKPOINT next_A=43264 pairs=2835349504 elapsed=54.537
CHECKPOINT next_A=43520 pairs=2852126720 elapsed=54.8466
CHECKPOINT next_A=43776 pairs=2868903936 elapsed=55.1562
CHECKPOINT next_A=44032 pairs=2885681152 elapsed=55.466
CHECKPOINT next_A=44288 pairs=2902458368 elapsed=55.7774
CHECKPOINT next_A=44544 pairs=2919235584 elapsed=56.088
CHECKPOINT next_A=44800 pairs=2936012800 elapsed=56.3989
CHECKPOINT next_A=45056 pairs=2952790016 elapsed=56.7095
CHECKPOINT next_A=45312 pairs=2969567232 elapsed=57.0172
CHECKPOINT next_A=45568 pairs=2986344448 elapsed=57.323
CHECKPOINT next_A=45824 pairs=3003121664 elapsed=57.6294
CHECKPOINT next_A=46080 pairs=3019898880 elapsed=57.9447
CHECKPOINT next_A=46336 pairs=3036676096 elapsed=58.2532
CHECKPOINT next_A=46592 pairs=3053453312 elapsed=58.5581
CHECKPOINT next_A=46848 pairs=3070230528 elapsed=58.8705
CHECKPOINT next_A=47104 pairs=3087007744 elapsed=59.179
CHECKPOINT next_A=47360 pairs=3103784960 elapsed=59.4906
CHECKPOINT next_A=47616 pairs=3120562176 elapsed=59.7931
CHECKPOINT next_A=47872 pairs=3137339392 elapsed=60.0957
CHECKPOINT next_A=48128 pairs=3154116608 elapsed=60.4024
CHECKPOINT next_A=48384 pairs=3170893824 elapsed=60.7052
CHECKPOINT next_A=48640 pairs=3187671040 elapsed=61.0127
CHECKPOINT next_A=48896 pairs=3204448256 elapsed=61.3183
CHECKPOINT next_A=49152 pairs=3221225472 elapsed=61.6192
CHECKPOINT next_A=49408 pairs=3238002688 elapsed=61.9274
CHECKPOINT next_A=49664 pairs=3254779904 elapsed=62.2306
CHECKPOINT next_A=49920 pairs=3271557120 elapsed=62.5362
CHECKPOINT next_A=50176 pairs=3288334336 elapsed=62.8524
CHECKPOINT next_A=50432 pairs=3305111552 elapsed=63.1569
CHECKPOINT next_A=50688 pairs=3321888768 elapsed=63.4566
CHECKPOINT next_A=50944 pairs=3338665984 elapsed=63.7655
CHECKPOINT next_A=51200 pairs=3355443200 elapsed=64.0773
CHECKPOINT next_A=51456 pairs=3372220416 elapsed=64.4102
CHECKPOINT next_A=51712 pairs=3388997632 elapsed=64.7746
CHECKPOINT next_A=51968 pairs=3405774848 elapsed=65.0803
CHECKPOINT next_A=52224 pairs=3422552064 elapsed=65.3909
CHECKPOINT next_A=52480 pairs=3439329280 elapsed=65.7018
CHECKPOINT next_A=52736 pairs=3456106496 elapsed=66.0074
CHECKPOINT next_A=52992 pairs=3472883712 elapsed=66.3203
CHECKPOINT next_A=53248 pairs=3489660928 elapsed=66.6296
CHECKPOINT next_A=53504 pairs=3506438144 elapsed=66.9411
CHECKPOINT next_A=53760 pairs=3523215360 elapsed=67.2515
CHECKPOINT next_A=54016 pairs=3539992576 elapsed=67.56
CHECKPOINT next_A=54272 pairs=3556769792 elapsed=67.8807
CHECKPOINT next_A=54528 pairs=3573547008 elapsed=68.1959
CHECKPOINT next_A=54784 pairs=3590324224 elapsed=68.5104
CHECKPOINT next_A=55040 pairs=3607101440 elapsed=68.8137
CHECKPOINT next_A=55296 pairs=3623878656 elapsed=69.1128
CHECKPOINT next_A=55552 pairs=3640655872 elapsed=69.4327
CHECKPOINT next_A=55808 pairs=3657433088 elapsed=69.7325
CHECKPOINT next_A=56064 pairs=3674210304 elapsed=70.0326
CHECKPOINT next_A=56320 pairs=3690987520 elapsed=70.332
CHECKPOINT next_A=56576 pairs=3707764736 elapsed=70.6452
CHECKPOINT next_A=56832 pairs=3724541952 elapsed=70.944
CHECKPOINT next_A=57088 pairs=3741319168 elapsed=71.2399
CHECKPOINT next_A=57344 pairs=3758096384 elapsed=71.5398
CHECKPOINT next_A=57600 pairs=3774873600 elapsed=71.847
CHECKPOINT next_A=57856 pairs=3791650816 elapsed=72.1583
CHECKPOINT next_A=58112 pairs=3808428032 elapsed=72.4616
CHECKPOINT next_A=58368 pairs=3825205248 elapsed=72.7685
CHECKPOINT next_A=58624 pairs=3841982464 elapsed=73.0688
CHECKPOINT next_A=58880 pairs=3858759680 elapsed=73.3687
CHECKPOINT next_A=59136 pairs=3875536896 elapsed=73.6746
CHECKPOINT next_A=59392 pairs=3892314112 elapsed=73.9808
CHECKPOINT next_A=59648 pairs=3909091328 elapsed=74.2855
CHECKPOINT next_A=59904 pairs=3925868544 elapsed=74.5896
CHECKPOINT next_A=60160 pairs=3942645760 elapsed=74.8923
CHECKPOINT next_A=60416 pairs=3959422976 elapsed=75.1955
CHECKPOINT next_A=60672 pairs=3976200192 elapsed=75.4942
CHECKPOINT next_A=60928 pairs=3992977408 elapsed=75.7966
CHECKPOINT next_A=61184 pairs=4009754624 elapsed=76.1277
CHECKPOINT next_A=61440 pairs=4026531840 elapsed=76.4454
CHECKPOINT next_A=61696 pairs=4043309056 elapsed=76.753
CHECKPOINT next_A=61952 pairs=4060086272 elapsed=77.0619
CHECKPOINT next_A=62208 pairs=4076863488 elapsed=77.3729
CHECKPOINT next_A=62464 pairs=4093640704 elapsed=77.6816
CHECKPOINT next_A=62720 pairs=4110417920 elapsed=77.9853
CHECKPOINT next_A=62976 pairs=4127195136 elapsed=78.3079
CHECKPOINT next_A=63232 pairs=4143972352 elapsed=78.6143
CHECKPOINT next_A=63488 pairs=4160749568 elapsed=78.9204
CHECKPOINT next_A=63744 pairs=4177526784 elapsed=79.2302
CHECKPOINT next_A=64000 pairs=4194304000 elapsed=79.5534
CHECKPOINT next_A=64256 pairs=4211081216 elapsed=79.8674
CHECKPOINT next_A=64512 pairs=4227858432 elapsed=80.1755
CHECKPOINT next_A=64768 pairs=4244635648 elapsed=80.4897
CHECKPOINT next_A=65024 pairs=4261412864 elapsed=80.8103
CHECKPOINT next_A=65280 pairs=4278190080 elapsed=81.1337
CHECKPOINT next_A=65536 pairs=4294967296 elapsed=81.4565
P16_EXHAUSTIVE PASS range=[0,65536) pairs=4294967296 predecoded=65536 (same add_unpacked+pack core)
WEEK5_ADDER_ACCEPTANCE PASS checks=4316435339 (ES3 uses wide integer oracle, not SoftPosit)
