CORNERS NB=8 ES=0 PASS clamp=80 carry=54 cancellation=20 deep=8
CORNERS NB=16 ES=1 PASS clamp=224 carry=34 cancellation=20 deep=8
CORNERS NB=32 ES=2 PASS clamp=224 carry=34 cancellation=20 deep=8
CORNERS NB=32 ES=3 PASS clamp=224 carry=34 cancellation=20 deep=8
REGIME ES=2 rc=0 m=1 operands=225612
REGIME ES=2 rc=0 m=2 operands=125130
REGIME ES=2 rc=0 m=3 operands=75420
REGIME ES=2 rc=0 m=4 operands=43962
REGIME ES=2 rc=0 m=5 operands=31330
REGIME ES=2 rc=0 m=6 operands=24830
REGIME ES=2 rc=0 m=7 operands=21916
REGIME ES=2 rc=0 m=8 operands=20318
REGIME ES=2 rc=0 m=9 operands=19504
REGIME ES=2 rc=0 m=10 operands=19150
REGIME ES=2 rc=0 m=11 operands=18954
REGIME ES=2 rc=0 m=12 operands=18838
REGIME ES=2 rc=0 m=13 operands=18802
REGIME ES=2 rc=0 m=14 operands=18786
REGIME ES=2 rc=0 m=15 operands=18772
REGIME ES=2 rc=0 m=16 operands=37508
REGIME ES=2 rc=0 m=17 operands=37504
REGIME ES=2 rc=0 m=18 operands=15012
REGIME ES=2 rc=0 m=19 operands=15008
REGIME ES=2 rc=0 m=20 operands=14976
REGIME ES=2 rc=0 m=21 operands=14976
REGIME ES=2 rc=0 m=22 operands=15040
REGIME ES=2 rc=0 m=23 operands=15008
REGIME ES=2 rc=0 m=24 operands=15008
REGIME ES=2 rc=0 m=25 operands=14976
REGIME ES=2 rc=0 m=26 operands=14976
REGIME ES=2 rc=0 m=27 operands=15040
REGIME ES=2 rc=0 m=28 operands=25024
REGIME ES=2 rc=0 m=29 operands=25024
REGIME ES=2 rc=0 m=30 operands=24960
REGIME ES=2 rc=1 m=1 operands=225122
REGIME ES=2 rc=1 m=2 operands=124582
REGIME ES=2 rc=1 m=3 operands=74488
REGIME ES=2 rc=1 m=4 operands=43692
REGIME ES=2 rc=1 m=5 operands=31262
REGIME ES=2 rc=1 m=6 operands=24560
REGIME ES=2 rc=1 m=7 operands=21812
REGIME ES=2 rc=1 m=8 operands=20334
REGIME ES=2 rc=1 m=9 operands=19574
REGIME ES=2 rc=1 m=10 operands=19142
REGIME ES=2 rc=1 m=11 operands=18938
REGIME ES=2 rc=1 m=12 operands=18850
REGIME ES=2 rc=1 m=13 operands=18800
REGIME ES=2 rc=1 m=14 operands=18770
REGIME ES=2 rc=1 m=15 operands=18758
REGIME ES=2 rc=1 m=16 operands=37512
REGIME ES=2 rc=1 m=17 operands=37502
REGIME ES=2 rc=1 m=18 operands=15008
REGIME ES=2 rc=1 m=19 operands=15066
REGIME ES=2 rc=1 m=20 operands=14976
REGIME ES=2 rc=1 m=21 operands=14976
REGIME ES=2 rc=1 m=22 operands=14976
REGIME ES=2 rc=1 m=23 operands=15008
REGIME ES=2 rc=1 m=24 operands=15032
REGIME ES=2 rc=1 m=25 operands=14976
REGIME ES=2 rc=1 m=26 operands=14976
REGIME ES=2 rc=1 m=27 operands=14976
REGIME ES=2 rc=1 m=28 operands=18752
REGIME ES=2 rc=1 m=29 operands=18752
REGIME ES=2 rc=1 m=30 operands=18752
REGIME ES=2 rc=1 m=31 operands=18712
P32 ES=2 samples=1000000 seed=314159 near_opposite=416187 clamped=461233 lzc_gt15=398852 cancellation=2246 carry=10810 min_regime_operands=14976 coverage=PASS
DENSITY ES=2 bucket=0 operands=335396
DENSITY ES=2 bucket=1 operands=210632
DENSITY ES=2 bucket=2 operands=35194
DENSITY ES=2 bucket=3 operands=73914
DENSITY ES=2 bucket=4 operands=231727
DENSITY ES=2 bucket=5 operands=1113137
SIGN ES=2 bucket=0 pairs=150000
SIGN ES=2 bucket=1 pairs=350000
SIGN ES=2 bucket=2 pairs=350000
SIGN ES=2 bucket=3 pairs=150000
DELTA ES=2 bucket=0 pairs=405916
DELTA ES=2 bucket=1 pairs=7974
DELTA ES=2 bucket=2 pairs=28905
DELTA ES=2 bucket=3 pairs=87687
DELTA ES=2 bucket=4 pairs=469518
REGIME ES=3 rc=0 m=1 operands=224328
REGIME ES=3 rc=0 m=2 operands=124152
REGIME ES=3 rc=0 m=3 operands=75746
REGIME ES=3 rc=0 m=4 operands=43644
REGIME ES=3 rc=0 m=5 operands=31314
REGIME ES=3 rc=0 m=6 operands=25028
REGIME ES=3 rc=0 m=7 operands=21896
REGIME ES=3 rc=0 m=8 operands=20268
REGIME ES=3 rc=0 m=9 operands=19536
REGIME ES=3 rc=0 m=10 operands=19090
REGIME ES=3 rc=0 m=11 operands=18982
REGIME ES=3 rc=0 m=12 operands=18864
REGIME ES=3 rc=0 m=13 operands=18804
REGIME ES=3 rc=0 m=14 operands=18772
REGIME ES=3 rc=0 m=15 operands=18756
REGIME ES=3 rc=0 m=16 operands=37512
REGIME ES=3 rc=0 m=17 operands=37510
REGIME ES=3 rc=0 m=18 operands=15014
REGIME ES=3 rc=0 m=19 operands=15010
REGIME ES=3 rc=0 m=20 operands=14976
REGIME ES=3 rc=0 m=21 operands=14976
REGIME ES=3 rc=0 m=22 operands=15040
REGIME ES=3 rc=0 m=23 operands=15008
REGIME ES=3 rc=0 m=24 operands=15008
REGIME ES=3 rc=0 m=25 operands=14976
REGIME ES=3 rc=0 m=26 operands=14976
REGIME ES=3 rc=0 m=27 operands=15040
REGIME ES=3 rc=0 m=28 operands=25024
REGIME ES=3 rc=0 m=29 operands=25024
REGIME ES=3 rc=0 m=30 operands=24960
REGIME ES=3 rc=1 m=1 operands=225207
REGIME ES=3 rc=1 m=2 operands=125333
REGIME ES=3 rc=1 m=3 operands=74834
REGIME ES=3 rc=1 m=4 operands=44066
REGIME ES=3 rc=1 m=5 operands=31146
REGIME ES=3 rc=1 m=6 operands=25126
REGIME ES=3 rc=1 m=7 operands=21866
REGIME ES=3 rc=1 m=8 operands=20296
REGIME ES=3 rc=1 m=9 operands=19614
REGIME ES=3 rc=1 m=10 operands=19170
REGIME ES=3 rc=1 m=11 operands=18970
REGIME ES=3 rc=1 m=12 operands=18866
REGIME ES=3 rc=1 m=13 operands=18794
REGIME ES=3 rc=1 m=14 operands=18770
REGIME ES=3 rc=1 m=15 operands=18762
REGIME ES=3 rc=1 m=16 operands=37510
REGIME ES=3 rc=1 m=17 operands=37496
REGIME ES=3 rc=1 m=18 operands=15010
REGIME ES=3 rc=1 m=19 operands=15066
REGIME ES=3 rc=1 m=20 operands=14976
REGIME ES=3 rc=1 m=21 operands=14976
REGIME ES=3 rc=1 m=22 operands=14976
REGIME ES=3 rc=1 m=23 operands=15008
REGIME ES=3 rc=1 m=24 operands=15032
REGIME ES=3 rc=1 m=25 operands=14976
REGIME ES=3 rc=1 m=26 operands=14976
REGIME ES=3 rc=1 m=27 operands=14976
REGIME ES=3 rc=1 m=28 operands=18752
REGIME ES=3 rc=1 m=29 operands=18752
REGIME ES=3 rc=1 m=30 operands=18752
REGIME ES=3 rc=1 m=31 operands=18712
P32 ES=3 samples=1000000 seed=314160 near_opposite=409710 clamped=532935 lzc_gt15=397679 cancellation=1535 carry=5845 min_regime_operands=14976 coverage=PASS
DENSITY ES=3 bucket=0 operands=360609
DENSITY ES=3 bucket=1 operands=205684
DENSITY ES=3 bucket=2 operands=35249
DENSITY ES=3 bucket=3 operands=75262
DENSITY ES=3 bucket=4 operands=248806
DENSITY ES=3 bucket=5 operands=1074390
SIGN ES=3 bucket=0 pairs=150000
SIGN ES=3 bucket=1 pairs=350000
SIGN ES=3 bucket=2 pairs=350000
SIGN ES=3 bucket=3 pairs=150000
DELTA ES=3 bucket=0 pairs=403679
DELTA ES=3 bucket=1 pairs=4043
DELTA ES=3 bucket=2 pairs=20283
DELTA ES=3 bucket=3 pairs=34153
DELTA ES=3 bucket=4 pairs=537842
SELECTED_ADDER_TESTS PASS checks=3468043 (ES3 uses wide integer oracle, not SoftPosit)
