========================================================
KIM 2019 BASELINE ABLATION & GENERATOR INVESTIGATION
Samples: 1000000, Seed: 314159
========================================================


>>> TESTING DISTRIBUTION: UniformValue [0, 1) grid24 <<<

--- 1. Proposed BASE ---
n | Err<0.1% | Err<0.5% | Err<1.0% | Err<5.0% | Max Delta pp vs Target
-----------------------------------------------------------------------
2 | 1.18% | 4.82% | 8.63% | 32.27% | Delta: 0.0304 pp [PASS <=1%] | Outliers(>=5%): 677296 (67.7296%)
3 | 6.36% | 19.81% | 31.04% | 74.96% | Delta: 0.0352 pp [PASS <=1%] | Outliers(>=5%): 250352 (25.0352%)
4 | 20.16% | 47.55% | 64.16% | 97.34% | Delta: 0.0342 pp [PASS <=1%] | Outliers(>=5%): 26604 (2.6604%)

--- 2a. BASE+RND (Thresh=1.5, OnesComp) ---
n | Err<0.1% | Err<0.5% | Err<1.0% | Err<5.0% | Max Delta pp vs Target
-----------------------------------------------------------------------
2 | 4.98% | 17.75% | 29.50% | 79.41% | Delta: 0.0863 pp [PASS <=1%] | Outliers(>=5%): 205937 (20.5937%)
3 | 28.92% | 65.91% | 84.74% | 100.00% | Delta: 0.0218 pp [PASS <=1%] | Outliers(>=5%): 0 (0.0000%)
4 | 73.97% | 99.25% | 100.00% | 100.00% | Delta: 0.0297 pp [PASS <=1%] | Outliers(>=5%): 0 (0.0000%)

--- 2b. BASE+RND (Thresh=1.5, ExactSub) ---
n | Err<0.1% | Err<0.5% | Err<1.0% | Err<5.0% | Max Delta pp vs Target
-----------------------------------------------------------------------
2 | 4.98% | 17.75% | 29.50% | 79.41% | Delta: 0.0863 pp [PASS <=1%] | Outliers(>=5%): 205937 (20.5937%)
3 | 28.92% | 65.91% | 84.74% | 100.00% | Delta: 0.0218 pp [PASS <=1%] | Outliers(>=5%): 0 (0.0000%)
4 | 73.97% | 99.25% | 100.00% | 100.00% | Delta: 0.0297 pp [PASS <=1%] | Outliers(>=5%): 0 (0.0000%)

--- 2c. BASE+RND (Thresh=sqrt2, OnesComp) ---
n | Err<0.1% | Err<0.5% | Err<1.0% | Err<5.0% | Max Delta pp vs Target
-----------------------------------------------------------------------
2 | 4.94% | 17.75% | 29.50% | 78.67% | Delta: 0.6487 pp [PASS <=1%] | Outliers(>=5%): 213287 (21.3287%)
3 | 28.60% | 65.62% | 84.17% | 100.00% | Delta: 0.5466 pp [PASS <=1%] | Outliers(>=5%): 0 (0.0000%)
4 | 73.58% | 98.68% | 100.00% | 100.00% | Delta: 0.5697 pp [PASS <=1%] | Outliers(>=5%): 0 (0.0000%)

--- 3a. BASE+RND+TRNC (Cut both X and Y) ---
n | Err<0.1% | Err<0.5% | Err<1.0% | Err<5.0% | Max Delta pp vs Target
-----------------------------------------------------------------------
2 | 4.97% | 17.77% | 29.51% | 79.41% | (No direct paper target) | Outliers(>=5%): 205865 (20.5865%)
3 | 28.63% | 65.88% | 84.73% | 100.00% | (No direct paper target) | Outliers(>=5%): 0 (0.0000%)
4 | 73.52% | 99.22% | 100.00% | 100.00% | (No direct paper target) | Outliers(>=5%): 0 (0.0000%)

--- 3b. BASE+RND+TRNC (Cut X only) ---
n | Err<0.1% | Err<0.5% | Err<1.0% | Err<5.0% | Max Delta pp vs Target
-----------------------------------------------------------------------
2 | 4.98% | 17.76% | 29.51% | 79.41% | (No direct paper target) | Outliers(>=5%): 205880 (20.5880%)
3 | 28.81% | 65.90% | 84.73% | 100.00% | (No direct paper target) | Outliers(>=5%): 0 (0.0000%)
4 | 73.84% | 99.24% | 100.00% | 100.00% | (No direct paper target) | Outliers(>=5%): 0 (0.0000%)

--- 4a. BASE+RND+TRNC+SEL (Cut both X & Y, Table 2) ---
n | Err<0.1% | Err<0.5% | Err<1.0% | Err<5.0% | Max Delta pp vs Target
-----------------------------------------------------------------------
2 | 8.69% | 31.23% | 49.34% | 95.48% | Delta: 0.8902 pp [PASS <=1%] | Outliers(>=5%): 45216 (4.5216%)
3 | 43.28% | 82.88% | 94.98% | 100.00% | Delta: 0.6636 pp [PASS <=1%] | Outliers(>=5%): 0 (0.0000%)
4 | 86.30% | 99.80% | 100.00% | 100.00% | Delta: 0.3870 pp [PASS <=1%] | Outliers(>=5%): 0 (0.0000%)

--- 4b. BASE+RND+TRNC+SEL (Cut X only, Table 2) ---
n | Err<0.1% | Err<0.5% | Err<1.0% | Err<5.0% | Max Delta pp vs Target
-----------------------------------------------------------------------
2 | 8.74% | 31.24% | 49.35% | 95.48% | Delta: 0.8785 pp [PASS <=1%] | Outliers(>=5%): 45198 (4.5198%)
3 | 43.61% | 82.90% | 94.99% | 100.00% | Delta: 0.3263 pp [PASS <=1%] | Outliers(>=5%): 0 (0.0000%)
4 | 86.68% | 99.80% | 100.00% | 100.00% | Delta: 0.0138 pp [PASS <=1%] | Outliers(>=5%): 0 (0.0000%)


>>> TESTING DISTRIBUTION: UniformBits in (0, 1) <<<

--- 1. Proposed BASE ---
n | Err<0.1% | Err<0.5% | Err<1.0% | Err<5.0% | Max Delta pp vs Target
-----------------------------------------------------------------------
2 | 0.88% | 3.55% | 6.39% | 23.85% | Delta: 8.3865 pp | Outliers(>=5%): 761465 (76.1465%)
3 | 4.70% | 14.70% | 23.04% | 55.52% | Delta: 19.4790 pp | Outliers(>=5%): 444790 (44.4790%)
4 | 14.96% | 35.25% | 47.55% | 72.23% | Delta: 25.1405 pp | Outliers(>=5%): 277705 (27.7705%)

--- 2a. BASE+RND (Thresh=1.5, OnesComp) ---
n | Err<0.1% | Err<0.5% | Err<1.0% | Err<5.0% | Max Delta pp vs Target
-----------------------------------------------------------------------
2 | 3.69% | 13.16% | 21.94% | 58.92% | Delta: 20.3996 pp | Outliers(>=5%): 410796 (41.0796%)
3 | 21.52% | 48.99% | 62.93% | 74.20% | Delta: 25.7993 pp | Outliers(>=5%): 257993 (25.7993%)
4 | 54.93% | 73.64% | 74.20% | 74.20% | Delta: 25.7997 pp | Outliers(>=5%): 257997 (25.7997%)

--- 2b. BASE+RND (Thresh=1.5, ExactSub) ---
n | Err<0.1% | Err<0.5% | Err<1.0% | Err<5.0% | Max Delta pp vs Target
-----------------------------------------------------------------------
2 | 3.69% | 13.16% | 21.94% | 58.92% | Delta: 20.3996 pp | Outliers(>=5%): 410796 (41.0796%)
3 | 21.52% | 48.99% | 62.93% | 74.20% | Delta: 25.7993 pp | Outliers(>=5%): 257993 (25.7993%)
4 | 54.93% | 73.64% | 74.20% | 74.20% | Delta: 25.7997 pp | Outliers(>=5%): 257997 (25.7997%)

--- 2c. BASE+RND (Thresh=sqrt2, OnesComp) ---
n | Err<0.1% | Err<0.5% | Err<1.0% | Err<5.0% | Max Delta pp vs Target
-----------------------------------------------------------------------
2 | 3.66% | 13.16% | 21.94% | 58.38% | Delta: 20.9410 pp | Outliers(>=5%): 416210 (41.6210%)
3 | 21.27% | 48.78% | 62.51% | 74.20% | Delta: 25.7997 pp | Outliers(>=5%): 257997 (25.7997%)
4 | 54.64% | 73.22% | 74.20% | 74.20% | Delta: 26.0258 pp | Outliers(>=5%): 257998 (25.7998%)

--- 3a. BASE+RND+TRNC (Cut both X and Y) ---
n | Err<0.1% | Err<0.5% | Err<1.0% | Err<5.0% | Max Delta pp vs Target
-----------------------------------------------------------------------
2 | 3.69% | 13.18% | 21.94% | 58.92% | (No direct paper target) | Outliers(>=5%): 410789 (41.0789%)
3 | 21.28% | 48.97% | 62.93% | 74.20% | (No direct paper target) | Outliers(>=5%): 257999 (25.7999%)
4 | 54.59% | 73.62% | 74.20% | 74.20% | (No direct paper target) | Outliers(>=5%): 257997 (25.7997%)

--- 3b. BASE+RND+TRNC (Cut X only) ---
n | Err<0.1% | Err<0.5% | Err<1.0% | Err<5.0% | Max Delta pp vs Target
-----------------------------------------------------------------------
2 | 3.70% | 13.17% | 21.94% | 58.92% | (No direct paper target) | Outliers(>=5%): 410774 (41.0774%)
3 | 21.43% | 48.98% | 62.93% | 74.20% | (No direct paper target) | Outliers(>=5%): 257993 (25.7993%)
4 | 54.85% | 73.64% | 74.20% | 74.20% | (No direct paper target) | Outliers(>=5%): 257997 (25.7997%)

--- 4a. BASE+RND+TRNC+SEL (Cut both X & Y, Table 2) ---
n | Err<0.1% | Err<0.5% | Err<1.0% | Err<5.0% | Max Delta pp vs Target
-----------------------------------------------------------------------
2 | 6.47% | 23.15% | 36.61% | 70.84% | Delta: 24.7422 pp | Outliers(>=5%): 291622 (29.1622%)
3 | 32.12% | 61.51% | 70.52% | 74.20% | Delta: 25.7992 pp | Outliers(>=5%): 257992 (25.7992%)
4 | 64.02% | 74.05% | 74.20% | 74.20% | Delta: 25.7993 pp | Outliers(>=5%): 257993 (25.7993%)

--- 4b. BASE+RND+TRNC+SEL (Cut X only, Table 2) ---
n | Err<0.1% | Err<0.5% | Err<1.0% | Err<5.0% | Max Delta pp vs Target
-----------------------------------------------------------------------
2 | 6.52% | 23.17% | 36.63% | 70.84% | Delta: 24.7419 pp | Outliers(>=5%): 291619 (29.1619%)
3 | 32.41% | 61.53% | 70.52% | 74.20% | Delta: 25.7988 pp | Outliers(>=5%): 257988 (25.7988%)
4 | 64.31% | 74.06% | 74.20% | 74.20% | Delta: 25.7992 pp | Outliers(>=5%): 257992 (25.7992%)

