INFO: [VRFC 10-2263] Analyzing SystemVerilog file "C:/HCMUT/HK261/Do an 2/Posit_MAC/rtl/dyn_right_shifter.sv" into library work
INFO: [VRFC 10-311] analyzing module dyn_right_shifter
INFO: [VRFC 10-2263] Analyzing SystemVerilog file "C:/HCMUT/HK261/Do an 2/Posit_MAC/rtl/posit_pack_prepare.sv" into library work
INFO: [VRFC 10-311] analyzing module posit_pack_prepare
INFO: [VRFC 10-2263] Analyzing SystemVerilog file "C:/HCMUT/HK261/Do an 2/Posit_MAC/rtl/posit_pack_finish.sv" into library work
INFO: [VRFC 10-311] analyzing module posit_pack_finish
INFO: [VRFC 10-2263] Analyzing SystemVerilog file "C:/HCMUT/HK261/Do an 2/Posit_MAC/rtl/posit_pack_comb.sv" into library work
INFO: [VRFC 10-311] analyzing module posit_pack_comb
INFO: [VRFC 10-2263] Analyzing SystemVerilog file "C:/HCMUT/HK261/Do an 2/Posit_MAC/rtl/posit_pack.sv" into library work
INFO: [VRFC 10-311] analyzing module posit_pack
INFO: [VRFC 10-2263] Analyzing SystemVerilog file "C:/HCMUT/HK261/Do an 2/Posit_MAC/rtl/lod_lzd_core.sv" into library work
INFO: [VRFC 10-311] analyzing module lod_lzd_core
INFO: [VRFC 10-2263] Analyzing SystemVerilog file "C:/HCMUT/HK261/Do an 2/Posit_MAC/rtl/dyn_left_shifter.sv" into library work
INFO: [VRFC 10-311] analyzing module dyn_left_shifter
INFO: [VRFC 10-2263] Analyzing SystemVerilog file "C:/HCMUT/HK261/Do an 2/Posit_MAC/rtl/posit_parser.sv" into library work
INFO: [VRFC 10-311] analyzing module posit_parser
INFO: [VRFC 10-2263] Analyzing SystemVerilog file "C:/HCMUT/HK261/Do an 2/Posit_MAC/tb/packer_checker.sv" into library work
INFO: [VRFC 10-311] analyzing module packer_checker
INFO: [VRFC 10-2263] Analyzing SystemVerilog file "C:/HCMUT/HK261/Do an 2/Posit_MAC/tb/tb_posit_pack.sv" into library work
INFO: [VRFC 10-311] analyzing module tb_posit_pack
INFO: [VRFC 10-2263] Analyzing SystemVerilog file "C:/HCMUT/HK261/Do an 2/Posit_MAC/tb/parser_packer_checker.sv" into library work
INFO: [VRFC 10-311] analyzing module parser_packer_checker
INFO: [VRFC 10-2263] Analyzing SystemVerilog file "C:/HCMUT/HK261/Do an 2/Posit_MAC/tb/tb_parser_packer.sv" into library work
INFO: [VRFC 10-311] analyzing module tb_parser_packer
