Vivado Simulator v2026.1
Copyright 1986-2022 Xilinx, Inc. All Rights Reserved.
Copyright 2022-2026 Advanced Micro Devices, Inc. All Rights Reserved.
Running: C:/AMDDesignTools/2026.1/Vivado/bin/unwrapped/win64.o/xelab.exe tb_parser_packer -s parser_packer_compile -log vivado_chain_elaborate.log 
Multi-threading is on. Using 10 slave threads.
Starting static elaboration
Pass Through NonSizing Optimizer
Completed static elaboration
Starting simulation data flow analysis
Completed simulation data flow analysis
Time Resolution for simulation is 1ps
Compiling module work.lod_lzd_core(N=6,S=3)
Compiling module work.dyn_left_shifter(N=5,SHIFT_W=3)
Compiling module work.posit_parser(NB=8,ES=0,FRAC_MAX=...
Compiling module work.dyn_right_shifter(N=14,SHIFT_W=3...
Compiling module work.posit_pack_prepare(NB=8,ES=0,F_I...
Compiling module work.posit_pack_finish(NB=8)
Compiling module work.posit_pack(NB=8,ES=0,F_IN=11,SF_...
Compiling module work.parser_packer_checker_default
Compiling module work.posit_pack_finish(NB=8,ROUND_MOD...
Compiling module work.posit_pack(NB=8,ES=0,F_IN=11,SF_...
Compiling module work.parser_packer_checker(ROUND_MODE...
Compiling module work.lod_lzd_core(N=14,S=4)
Compiling module work.dyn_left_shifter(N=13,SHIFT_W=4)
Compiling module work.posit_parser(NB=16,ES=1,FRAC_MAX...
Compiling module work.dyn_right_shifter(N=29,SHIFT_W=4...
Compiling module work.posit_pack_prepare(NB=16,ES=1,F_...
Compiling module work.posit_pack_finish(NB=16)
Compiling module work.posit_pack(NB=16,ES=1,F_IN=25,SF...
Compiling module work.parser_packer_checker(NB=16,ES=1...
Compiling module work.posit_pack_finish(NB=16,ROUND_MO...
Compiling module work.posit_pack(NB=16,ES=1,F_IN=25,SF...
Compiling module work.parser_packer_checker(NB=16,ES=1...
Compiling module work.lod_lzd_core(N=30,S=5)
Compiling module work.dyn_left_shifter(N=29,SHIFT_W=5)
Compiling module work.posit_parser(FRAC_MAX=27,SF_W=10...
Compiling module work.dyn_right_shifter(N=60,SHIFT_W=5...
Compiling module work.posit_pack_prepare(F_IN=55,SF_W=...
Compiling module work.posit_pack_finish_default
Compiling module work.posit_pack(F_IN=55,SF_W=10)
Compiling module work.parser_packer_checker(NB=32,ES=2...
Compiling module work.posit_pack_finish(ROUND_MODE="TR...
Compiling module work.posit_pack(F_IN=55,SF_W=10,ROUND...
Compiling module work.parser_packer_checker(NB=32,ES=2...
Compiling module work.posit_parser(ES=3,FRAC_MAX=26,SF...
Compiling module work.dyn_right_shifter(N=59,SHIFT_W=5...
Compiling module work.posit_pack_prepare(ES=3,F_IN=53,...
Compiling module work.posit_pack(ES=3,F_IN=53,SF_W=11)
Compiling module work.parser_packer_checker(NB=32,ES=3...
Compiling module work.posit_pack(ES=3,F_IN=53,SF_W=11,...
Compiling module work.parser_packer_checker(NB=32,ES=3...
Compiling module work.tb_parser_packer
Built simulation snapshot parser_packer_compile
