# vsim +VECTOR_DIR=../acceptance -do run.do -l mul_8_0_1_0/simulate.log -c -wlf mul_8_0_1_0/simulate.wlf -gES=0 -gNB=8 -gSCHEME=1 -gROUNDING=0 work.tb_week9_multiplier_single 
# Loading sv_std.std
# Loading work.tb_week9_multiplier_single
# Loading work.multiplier_checker
# Loading work.posit_mul_iter
# Loading work.mul_iter_wrapper
# Loading work.posit_parser
# Loading work.lod_lzd_core
# Loading work.dyn_left_shifter
# Loading work.ops_sel_comb
# Loading work.mul_iter_core
# Loading work.iter_ctrl
# Loading work.sac_step_comb
# Loading work.sbm_shift_comb
# Loading work.sbm_accum
# Loading work.sbm_accum_comb
# Loading work.mul_norm_comb
# Loading work.posit_pack
# Loading work.posit_pack_prepare
# Loading work.dyn_right_shifter
# Loading work.posit_pack_finish
# do run.do 
# MUL PROGRESS NB=8 ES=0 scheme=1 rounding=0 rows=100000
# MUL PROGRESS NB=8 ES=0 scheme=1 rounding=0 rows=200000
# MUL PROGRESS NB=8 ES=0 scheme=1 rounding=0 rows=300000
# MUL PROGRESS NB=8 ES=0 scheme=1 rounding=0 rows=400000
# MUL PROGRESS NB=8 ES=0 scheme=1 rounding=0 rows=500000
# MUL PROGRESS NB=8 ES=0 scheme=1 rounding=0 rows=600000
# MULTIPLIER PASS NB=8 ES=0 scheme=1 rounding=0 rows=630000 completed=627014 reset_aborts=2986
# WEEK9 SINGLE PROFILE PASS
# ** Note: $finish    : ../../../tb/tb_week9_multiplier_single.sv(23)
#    Time: 81678487 ns  Iteration: 1  Instance: /tb_week9_multiplier_single
