Vivado Simulator v2026.1
Copyright 1986-2022 Xilinx, Inc. All Rights Reserved.
Copyright 2022-2026 Advanced Micro Devices, Inc. All Rights Reserved.
Running: C:/AMDDesignTools/2026.1/Vivado/bin/unwrapped/win64.o/xelab.exe work.tb_dyn_shifter_parameters -s parameters_snapshot -debug typical -log elaborate_parameters.log 
Multi-threading is on. Using 10 slave threads.
Starting static elaboration
Pass Through NonSizing Optimizer
Completed static elaboration
Starting simulation data flow analysis
Completed simulation data flow analysis
Time Resolution for simulation is 1ps
Compiling module work.dyn_left_shifter(N=1,SHIFT_W=1)
Compiling module work.dyn_right_shifter(N=1,SHIFT_W=1)
Compiling module work.dyn_right_shifter(N=1,SHIFT_W=1,...
Compiling module work.dyn_shifter_parameter_check(N=1,...
Compiling module work.dyn_left_shifter(N=1,SHIFT_W=2)
Compiling module work.dyn_right_shifter(N=1,SHIFT_W=2)
Compiling module work.dyn_right_shifter(N=1,SHIFT_W=2,...
Compiling module work.dyn_shifter_parameter_check(N=1,...
Compiling module work.dyn_left_shifter(N=2,SHIFT_W=1)
Compiling module work.dyn_right_shifter(N=2,SHIFT_W=1)
Compiling module work.dyn_right_shifter(N=2,SHIFT_W=1,...
Compiling module work.dyn_shifter_parameter_check(N=2,...
Compiling module work.dyn_left_shifter(N=2,SHIFT_W=2)
Compiling module work.dyn_right_shifter(N=2,SHIFT_W=2)
Compiling module work.dyn_right_shifter(N=2,SHIFT_W=2,...
Compiling module work.dyn_shifter_parameter_check(N=2,...
Compiling module work.dyn_left_shifter(N=3,SHIFT_W=1)
Compiling module work.dyn_right_shifter(N=3,SHIFT_W=1)
Compiling module work.dyn_right_shifter(N=3,SHIFT_W=1,...
Compiling module work.dyn_shifter_parameter_check(N=3,...
Compiling module work.dyn_left_shifter(N=3,SHIFT_W=2)
Compiling module work.dyn_right_shifter(N=3,SHIFT_W=2)
Compiling module work.dyn_right_shifter(N=3,SHIFT_W=2,...
Compiling module work.dyn_shifter_parameter_check(N=3,...
Compiling module work.dyn_left_shifter(N=3,SHIFT_W=3)
Compiling module work.dyn_right_shifter(N=3,SHIFT_W=3)
Compiling module work.dyn_right_shifter(N=3,SHIFT_W=3,...
Compiling module work.dyn_shifter_parameter_check(N=3)
Compiling module work.dyn_left_shifter(N=8,SHIFT_W=2)
Compiling module work.dyn_right_shifter(N=8,SHIFT_W=2)
Compiling module work.dyn_right_shifter(N=8,SHIFT_W=2,...
Compiling module work.dyn_shifter_parameter_check(N=8,...
Compiling module work.dyn_left_shifter(N=8,SHIFT_W=3)
Compiling module work.dyn_right_shifter(N=8,SHIFT_W=3)
Compiling module work.dyn_right_shifter(N=8,SHIFT_W=3,...
Compiling module work.dyn_shifter_parameter_check(N=8)
Compiling module work.dyn_left_shifter(N=8,SHIFT_W=4)
Compiling module work.dyn_right_shifter(N=8,SHIFT_W=4)
Compiling module work.dyn_right_shifter(N=8,SHIFT_W=4,...
Compiling module work.dyn_shifter_parameter_check(N=8,...
Compiling module work.dyn_left_shifter(N=27,SHIFT_W=4)
Compiling module work.dyn_right_shifter(N=27,SHIFT_W=4...
Compiling module work.dyn_right_shifter(N=27,SHIFT_W=4...
Compiling module work.dyn_shifter_parameter_check(W=4)
Compiling module work.dyn_left_shifter(N=27,SHIFT_W=5)
Compiling module work.dyn_right_shifter(N=27,SHIFT_W=5...
Compiling module work.dyn_right_shifter(N=27,SHIFT_W=5...
Compiling module work.dyn_shifter_parameter_check(W=5)
Compiling module work.dyn_left_shifter(N=27,SHIFT_W=6)
Compiling module work.dyn_right_shifter(N=27,SHIFT_W=6...
Compiling module work.dyn_right_shifter(N=27,SHIFT_W=6...
Compiling module work.dyn_shifter_parameter_check(W=6)
Compiling module work.dyn_left_shifter(N=31,SHIFT_W=4)
Compiling module work.dyn_right_shifter(N=31,SHIFT_W=4...
Compiling module work.dyn_right_shifter(N=31,SHIFT_W=4...
Compiling module work.dyn_shifter_parameter_check(N=31...
Compiling module work.dyn_left_shifter(N=31,SHIFT_W=5)
Compiling module work.dyn_right_shifter(N=31,SHIFT_W=5...
Compiling module work.dyn_right_shifter(N=31,SHIFT_W=5...
Compiling module work.dyn_shifter_parameter_check(N=31...
Compiling module work.dyn_left_shifter(N=31,SHIFT_W=6)
Compiling module work.dyn_right_shifter(N=31,SHIFT_W=6...
Compiling module work.dyn_right_shifter(N=31,SHIFT_W=6...
Compiling module work.dyn_shifter_parameter_check(N=31...
Compiling module work.dyn_left_shifter(SHIFT_W=4)
Compiling module work.dyn_right_shifter(SHIFT_W=4)
Compiling module work.dyn_right_shifter(SHIFT_W=4,ARIT...
Compiling module work.dyn_shifter_parameter_check(N=32...
Compiling module work.dyn_left_shifter(SHIFT_W=5)
Compiling module work.dyn_right_shifter(SHIFT_W=5)
Compiling module work.dyn_right_shifter(SHIFT_W=5,ARIT...
Compiling module work.dyn_shifter_parameter_check(N=32...
Compiling module work.dyn_left_shifter(SHIFT_W=6)
Compiling module work.dyn_right_shifter(SHIFT_W=6)
Compiling module work.dyn_right_shifter(SHIFT_W=6,ARIT...
Compiling module work.dyn_shifter_parameter_check(N=32...
Compiling module work.dyn_left_shifter(N=33,SHIFT_W=5)
Compiling module work.dyn_right_shifter(N=33,SHIFT_W=5...
Compiling module work.dyn_right_shifter(N=33,SHIFT_W=5...
Compiling module work.dyn_shifter_parameter_check(N=33...
Compiling module work.dyn_left_shifter(N=33,SHIFT_W=6)
Compiling module work.dyn_right_shifter(N=33,SHIFT_W=6...
Compiling module work.dyn_right_shifter(N=33,SHIFT_W=6...
Compiling module work.dyn_shifter_parameter_check(N=33...
Compiling module work.dyn_left_shifter(N=33,SHIFT_W=7)
Compiling module work.dyn_right_shifter(N=33,SHIFT_W=7...
Compiling module work.dyn_right_shifter(N=33,SHIFT_W=7...
Compiling module work.dyn_shifter_parameter_check(N=33...
Compiling module work.dyn_left_shifter(N=64,SHIFT_W=5)
Compiling module work.dyn_right_shifter(N=64,SHIFT_W=5...
Compiling module work.dyn_right_shifter(N=64,SHIFT_W=5...
Compiling module work.dyn_shifter_parameter_check(N=64...
Compiling module work.dyn_left_shifter(N=64,SHIFT_W=6)
Compiling module work.dyn_right_shifter(N=64,SHIFT_W=6...
Compiling module work.dyn_right_shifter(N=64,SHIFT_W=6...
Compiling module work.dyn_shifter_parameter_check(N=64...
Compiling module work.dyn_left_shifter(N=64,SHIFT_W=7)
Compiling module work.dyn_right_shifter(N=64,SHIFT_W=7...
Compiling module work.dyn_right_shifter(N=64,SHIFT_W=7...
Compiling module work.dyn_shifter_parameter_check(N=64...
Compiling module work.tb_dyn_shifter_parameters
Built simulation snapshot parameters_snapshot
