#-----------------------------------------------------------
# xsim v2026.1 (64-bit)
# SW Build 6511674 on Tue Jun 16 11:02:23 MDT 2026
# IP Build 6504888 on Tue Jun 09 09:05:25 MDT 2026
# SharedData Build 6501428 on Mon Jun 08 17:34:18 MDT 2026
# Start of session at: Sun Oct  4 18:33:26 2026
# Process ID         : 13784
# Current directory  : C:/HCMUT/HK261/Do an 2/Posit_MAC/results/vivado_shifters
# Command line       : xsim.exe -log simulate_left.log -mode tcl -source {xsim.dir/left_snapshot/xsim_script.tcl}
# Log file           : C:/HCMUT/HK261/Do an 2/Posit_MAC/results/vivado_shifters/simulate_left.log
# Journal file       : C:/HCMUT/HK261/Do an 2/Posit_MAC/results/vivado_shifters\xsim.jou
# Running On         : MSI
# Platform           : Windows 10
# Operating System   : 19045
# Processor Detail   : Intel(R) Core(TM) i5-10500H CPU @ 2.50GHz
# CPU Frequency      : 2496 MHz
# CPU Physical cores : 6
# CPU Logical cores  : 12
# Host memory        : 16993 MB
# Swap memory        : 2684 MB
# Total Virtual      : 19677 MB
# Available Virtual  : 8705 MB
#-----------------------------------------------------------
source xsim.dir/left_snapshot/xsim_script.tcl
# xsim {left_snapshot} -testplusarg SEED=20261004 -autoloadwcfg -runall

Could not obtain the necessary license for Simulator.

ERROR: [Simtcl 6-50] Simulation engine failed to start: The Simulation shut down unexpectedly during initialization.
Please see the Tcl Console or the Messages for details.
exit
INFO: [Common 17-206] Exiting xsim at Sun Oct  4 18:33:29 2026...
