# vsim -do run.do -l simulate.log -c work.tb_week9_multiplier 
# Loading sv_std.std
# Loading work.tb_week9_multiplier
# Loading work.multiplier_checker
# Loading work.posit_mul_iter
# Loading work.mul_iter_wrapper
# Loading work.posit_parser
# Loading work.lod_lzd_core
# Loading work.dyn_left_shifter
# Loading work.ops_sel_comb
# Loading work.mul_iter_core
# Loading work.iter_ctrl
# Loading work.sac_step_comb
# Loading work.sbm_shift_comb
# Loading work.sbm_accum
# Loading work.sbm_accum_comb
# Loading work.mul_norm_comb
# Loading work.posit_pack
# Loading work.posit_pack_prepare
# Loading work.dyn_right_shifter
# Loading work.posit_pack_finish
# do run.do 
