# vsim +VECTOR_DIR=../final_pilot -do run.do -l mul_32_2_1_1/simulate.log -c -wlf mul_32_2_1_1/simulate.wlf -gES=2 -gNB=32 -gSCHEME=1 -gROUNDING=1 work.tb_week9_multiplier_single 
# Loading sv_std.std
# Loading work.tb_week9_multiplier_single
# Loading work.multiplier_checker
# Loading work.posit_mul_iter
# Loading work.mul_iter_wrapper
# Loading work.posit_parser
# Loading work.lod_lzd_core
# Loading work.dyn_left_shifter
# Loading work.ops_sel_comb
# Loading work.mul_iter_core
# Loading work.iter_ctrl
# Loading work.sac_step_comb
# Loading work.sbm_shift_comb
# Loading work.sbm_accum
# Loading work.sbm_accum_comb
# Loading work.mul_norm_comb
# Loading work.posit_pack
# Loading work.posit_pack_prepare
# Loading work.dyn_right_shifter
# Loading work.posit_pack_finish
# do run.do 
# MULTIPLIER PASS NB=32 ES=2 scheme=1 rounding=1 rows=2000 completed=1990 reset_aborts=10 long_stalls=21
# WEEK9 SINGLE PROFILE PASS
# ** Note: $finish    : ../../../tb/tb_week9_multiplier_single.sv(23)
#    Time: 375737 ns  Iteration: 1  Instance: /tb_week9_multiplier_single
