Model Technology ModelSim ALTERA vlog 10.1d Compiler 2012.11 Nov  2 2012
-- Compiling module lod_lzd_core
-- Compiling module dyn_left_shifter
-- Compiling module dyn_right_shifter
-- Compiling module posit_parser
-- Compiling module ops_sel_comb
-- Compiling module sac_step_comb
-- Compiling module sbm_shift_comb
-- Compiling module sbm_accum_comb
-- Compiling module iter_ctrl
-- Compiling module sbm_accum
-- Compiling module mul_iter_core
-- Compiling module mul_norm_comb
-- Compiling module posit_pack_prepare
-- Compiling module posit_pack_finish
-- Compiling module posit_pack
-- Compiling module mul_iter_wrapper
-- Compiling module posit_mul_iter
-- Compiling module multiplier_checker
-- Compiling module tb_week9_multiplier_single

Top level modules:
	tb_week9_multiplier_single
