Info: *******************************************************************
Info: Running Quartus II 64-Bit Shell
    Info: Version 13.0.1 Build 232 06/12/2013 Service Pack 1 SJ Web Edition
    Info: Copyright (C) 1991-2013 Altera Corporation. All rights reserved.
    Info: Your use of Altera Corporation's design tools, logic functions 
    Info: and other software and tools, and its AMPP partner logic 
    Info: functions, and any output files from any of the foregoing 
    Info: (including device programming or simulation files), and any 
    Info: associated documentation or information are expressly subject 
    Info: to the terms and conditions of the Altera Program License 
    Info: Subscription Agreement, Altera MegaCore Function License 
    Info: Agreement, or other applicable license agreement, including, 
    Info: without limitation, that your use is for the sole purpose of 
    Info: programming logic devices manufactured by Altera and sold by 
    Info: Altera or its authorized distributors.  Please refer to the 
    Info: applicable agreement for further details.
    Info: Processing started: Wed Oct 07 01:27:37 2026
Info: Command: quartus_sh --flow compile packer
Info: Quartus(args): compile packer
Info: Project Name = C:/HCMUT/HK261/Do an 2/Posit_MAC/results/packer_ppa/TRUNC_seed2/packer
Info: Revision Name = packer
Info: *******************************************************************
Info: Running Quartus II 64-Bit Analysis & Synthesis
    Info: Version 13.0.1 Build 232 06/12/2013 Service Pack 1 SJ Web Edition
    Info: Processing started: Wed Oct 07 01:27:38 2026
Info: Command: quartus_map --read_settings_files=on --write_settings_files=off packer -c packer
Warning (20028): Parallel compilation is not licensed and has been disabled
Info (12021): Found 1 design units, including 1 entities, in source file /hcmut/hk261/do an 2/posit_mac/results/packer_ppa/compat/dyn_right_shifter.sv
    Info (12023): Found entity 1: dyn_right_shifter
Info (12021): Found 1 design units, including 1 entities, in source file /hcmut/hk261/do an 2/posit_mac/rtl/posit_pack_prepare.sv
    Info (12023): Found entity 1: posit_pack_prepare
Info (12021): Found 1 design units, including 1 entities, in source file /hcmut/hk261/do an 2/posit_mac/rtl/posit_pack_finish.sv
    Info (12023): Found entity 1: posit_pack_finish
Warning (10335): Unrecognized synthesis attribute "ASYNC_REG" at ../../../rtl/posit_pack.sv(47)
Warning (10335): Unrecognized synthesis attribute "ASYNC_REG" at ../../../rtl/posit_pack.sv(48)
Info (12021): Found 1 design units, including 1 entities, in source file /hcmut/hk261/do an 2/posit_mac/rtl/posit_pack.sv
    Info (12023): Found entity 1: posit_pack
Warning (10335): Unrecognized synthesis attribute "ASYNC_REG" at ../../../rtl/packer_ppa_boundary.sv(43)
Warning (10335): Unrecognized synthesis attribute "ASYNC_REG" at ../../../rtl/packer_ppa_boundary.sv(44)
Info (12021): Found 1 design units, including 1 entities, in source file /hcmut/hk261/do an 2/posit_mac/rtl/packer_ppa_boundary.sv
    Info (12023): Found entity 1: packer_ppa_boundary
Info (12021): Found 1 design units, including 1 entities, in source file /hcmut/hk261/do an 2/posit_mac/rtl/packer_ppa_top.sv
    Info (12023): Found entity 1: packer_ppa_top
Info (12127): Elaborating entity "packer_ppa_top" for the top level hierarchy
Info (12128): Elaborating entity "packer_ppa_boundary" for hierarchy "packer_ppa_boundary:u_boundary"
Info (12128): Elaborating entity "posit_pack" for hierarchy "posit_pack:u_packer"
Info (12128): Elaborating entity "posit_pack_prepare" for hierarchy "posit_pack:u_packer|posit_pack_prepare:u_prepare"
Warning (10230): Verilog HDL assignment warning at posit_pack_prepare.sv(34): truncated value with size 64 to match size of target (32)
Info (12128): Elaborating entity "dyn_right_shifter" for hierarchy "posit_pack:u_packer|posit_pack_prepare:u_prepare|dyn_right_shifter:u_payload_shift"
Info (12128): Elaborating entity "posit_pack_finish" for hierarchy "posit_pack:u_packer|posit_pack_finish:g_trunc.u_finish"
Info (286030): Timing-Driven Synthesis is running
Info (16010): Generating hard_block partition "hard_block:auto_generated_inst"
    Info (16011): Adding 0 node(s), including 0 DDIO, 0 PLL, 0 transceiver and 0 LCELL
Info (21057): Implemented 750 device resources after synthesis - the final resource count might be different
    Info (21058): Implemented 76 input pins
    Info (21059): Implemented 38 output pins
    Info (21061): Implemented 636 logic cells
Info: Quartus II 64-Bit Analysis & Synthesis was successful. 0 errors, 6 warnings
    Info: Peak virtual memory: 4584 megabytes
    Info: Processing ended: Wed Oct 07 01:27:41 2026
    Info: Elapsed time: 00:00:03
    Info: Total CPU time (on all processors): 00:00:03
Info: *******************************************************************
Info: Running Quartus II 64-Bit Fitter
    Info: Version 13.0.1 Build 232 06/12/2013 Service Pack 1 SJ Web Edition
    Info: Processing started: Wed Oct 07 01:27:41 2026
Info: Command: quartus_fit --read_settings_files=off --write_settings_files=off packer -c packer
Info: qfit2_default_script.tcl version: #1
Info: Project  = packer
Info: Revision = packer
Warning (20028): Parallel compilation is not licensed and has been disabled
Info (119006): Selected device EP4CE22F17C6 for design "packer"
Info (21076): High junction temperature operating condition is not set. Assuming a default value of '85'.
Info (21076): Low junction temperature operating condition is not set. Assuming a default value of '0'.
Info (171003): Fitter is performing an Auto Fit compilation, which may decrease Fitter effort to reduce compilation time
Warning (292013): Feature LogicLock is only available with a valid subscription license. You can purchase a software subscription to gain full access to this feature.
Info (176444): Device migration not selected. If you intend to use device migration later, you may need to change the pin assignments as they may be incompatible with other devices
    Info (176445): Device EP4CE10F17C6 is compatible
    Info (176445): Device EP4CE6F17C6 is compatible
    Info (176445): Device EP4CE15F17C6 is compatible
Info (169124): Fitter converted 5 user pins into dedicated programming pins
    Info (169125): Pin ~ALTERA_ASDO_DATA1~ is reserved at location C1
    Info (169125): Pin ~ALTERA_FLASH_nCE_nCSO~ is reserved at location D2
    Info (169125): Pin ~ALTERA_DCLK~ is reserved at location H1
    Info (169125): Pin ~ALTERA_DATA0~ is reserved at location H2
    Info (169125): Pin ~ALTERA_nCEO~ is reserved at location F16
Warning (15714): Some pins have incomplete I/O assignments. Refer to the I/O Assignment Warnings report for details
Critical Warning (169085): No exact pin location assignment(s) for 114 pins of 114 total pins
    Info (169086): Pin out_valid not assigned to an exact location on the device
    Info (169086): Pin d[0] not assigned to an exact location on the device
    Info (169086): Pin d[1] not assigned to an exact location on the device
    Info (169086): Pin d[2] not assigned to an exact location on the device
    Info (169086): Pin d[3] not assigned to an exact location on the device
    Info (169086): Pin d[4] not assigned to an exact location on the device
    Info (169086): Pin d[5] not assigned to an exact location on the device
    Info (169086): Pin d[6] not assigned to an exact location on the device
    Info (169086): Pin d[7] not assigned to an exact location on the device
    Info (169086): Pin d[8] not assigned to an exact location on the device
    Info (169086): Pin d[9] not assigned to an exact location on the device
    Info (169086): Pin d[10] not assigned to an exact location on the device
    Info (169086): Pin d[11] not assigned to an exact location on the device
    Info (169086): Pin d[12] not assigned to an exact location on the device
    Info (169086): Pin d[13] not assigned to an exact location on the device
    Info (169086): Pin d[14] not assigned to an exact location on the device
    Info (169086): Pin d[15] not assigned to an exact location on the device
    Info (169086): Pin d[16] not assigned to an exact location on the device
    Info (169086): Pin d[17] not assigned to an exact location on the device
    Info (169086): Pin d[18] not assigned to an exact location on the device
    Info (169086): Pin d[19] not assigned to an exact location on the device
    Info (169086): Pin d[20] not assigned to an exact location on the device
    Info (169086): Pin d[21] not assigned to an exact location on the device
    Info (169086): Pin d[22] not assigned to an exact location on the device
    Info (169086): Pin d[23] not assigned to an exact location on the device
    Info (169086): Pin d[24] not assigned to an exact location on the device
    Info (169086): Pin d[25] not assigned to an exact location on the device
    Info (169086): Pin d[26] not assigned to an exact location on the device
    Info (169086): Pin d[27] not assigned to an exact location on the device
    Info (169086): Pin d[28] not assigned to an exact location on the device
    Info (169086): Pin d[29] not assigned to an exact location on the device
    Info (169086): Pin d[30] not assigned to an exact location on the device
    Info (169086): Pin d[31] not assigned to an exact location on the device
    Info (169086): Pin flags[0] not assigned to an exact location on the device
    Info (169086): Pin flags[1] not assigned to an exact location on the device
    Info (169086): Pin flags[2] not assigned to an exact location on the device
    Info (169086): Pin flags[3] not assigned to an exact location on the device
    Info (169086): Pin flags[4] not assigned to an exact location on the device
    Info (169086): Pin clk not assigned to an exact location on the device
    Info (169086): Pin reset_n not assigned to an exact location on the device
    Info (169086): Pin is_zero not assigned to an exact location on the device
    Info (169086): Pin is_nar not assigned to an exact location on the device
    Info (169086): Pin flags_in[4] not assigned to an exact location on the device
    Info (169086): Pin sf[8] not assigned to an exact location on the device
    Info (169086): Pin sf[7] not assigned to an exact location on the device
    Info (169086): Pin sf[6] not assigned to an exact location on the device
    Info (169086): Pin sf[5] not assigned to an exact location on the device
    Info (169086): Pin sf[4] not assigned to an exact location on the device
    Info (169086): Pin sf[3] not assigned to an exact location on the device
    Info (169086): Pin sf[9] not assigned to an exact location on the device
    Info (169086): Pin sf[2] not assigned to an exact location on the device
    Info (169086): Pin frac[50] not assigned to an exact location on the device
    Info (169086): Pin frac[52] not assigned to an exact location on the device
    Info (169086): Pin frac[49] not assigned to an exact location on the device
    Info (169086): Pin frac[51] not assigned to an exact location on the device
    Info (169086): Pin frac[54] not assigned to an exact location on the device
    Info (169086): Pin sf[1] not assigned to an exact location on the device
    Info (169086): Pin frac[53] not assigned to an exact location on the device
    Info (169086): Pin sf[0] not assigned to an exact location on the device
    Info (169086): Pin frac[48] not assigned to an exact location on the device
    Info (169086): Pin frac[47] not assigned to an exact location on the device
    Info (169086): Pin frac[46] not assigned to an exact location on the device
    Info (169086): Pin frac[45] not assigned to an exact location on the device
    Info (169086): Pin frac[44] not assigned to an exact location on the device
    Info (169086): Pin frac[42] not assigned to an exact location on the device
    Info (169086): Pin frac[41] not assigned to an exact location on the device
    Info (169086): Pin frac[43] not assigned to an exact location on the device
    Info (169086): Pin frac[38] not assigned to an exact location on the device
    Info (169086): Pin frac[40] not assigned to an exact location on the device
    Info (169086): Pin frac[37] not assigned to an exact location on the device
    Info (169086): Pin frac[39] not assigned to an exact location on the device
    Info (169086): Pin frac[34] not assigned to an exact location on the device
    Info (169086): Pin frac[36] not assigned to an exact location on the device
    Info (169086): Pin frac[33] not assigned to an exact location on the device
    Info (169086): Pin frac[35] not assigned to an exact location on the device
    Info (169086): Pin frac[32] not assigned to an exact location on the device
    Info (169086): Pin frac[31] not assigned to an exact location on the device
    Info (169086): Pin frac[30] not assigned to an exact location on the device
    Info (169086): Pin frac[29] not assigned to an exact location on the device
    Info (169086): Pin frac[28] not assigned to an exact location on the device
    Info (169086): Pin sign not assigned to an exact location on the device
    Info (169086): Pin flags_in[0] not assigned to an exact location on the device
    Info (169086): Pin flags_in[1] not assigned to an exact location on the device
    Info (169086): Pin frac[9] not assigned to an exact location on the device
    Info (169086): Pin frac[8] not assigned to an exact location on the device
    Info (169086): Pin frac[7] not assigned to an exact location on the device
    Info (169086): Pin frac[5] not assigned to an exact location on the device
    Info (169086): Pin frac[4] not assigned to an exact location on the device
    Info (169086): Pin frac[3] not assigned to an exact location on the device
    Info (169086): Pin frac[1] not assigned to an exact location on the device
    Info (169086): Pin sticky not assigned to an exact location on the device
    Info (169086): Pin frac[27] not assigned to an exact location on the device
    Info (169086): Pin frac[24] not assigned to an exact location on the device
    Info (169086): Pin frac[23] not assigned to an exact location on the device
    Info (169086): Pin frac[22] not assigned to an exact location on the device
    Info (169086): Pin frac[15] not assigned to an exact location on the device
    Info (169086): Pin frac[18] not assigned to an exact location on the device
    Info (169086): Pin frac[16] not assigned to an exact location on the device
    Info (169086): Pin frac[14] not assigned to an exact location on the device
    Info (169086): Pin frac[0] not assigned to an exact location on the device
    Info (169086): Pin frac[6] not assigned to an exact location on the device
    Info (169086): Pin frac[2] not assigned to an exact location on the device
    Info (169086): Pin frac[26] not assigned to an exact location on the device
    Info (169086): Pin frac[25] not assigned to an exact location on the device
    Info (169086): Pin frac[21] not assigned to an exact location on the device
    Info (169086): Pin frac[20] not assigned to an exact location on the device
    Info (169086): Pin frac[19] not assigned to an exact location on the device
    Info (169086): Pin frac[17] not assigned to an exact location on the device
    Info (169086): Pin frac[13] not assigned to an exact location on the device
    Info (169086): Pin frac[12] not assigned to an exact location on the device
    Info (169086): Pin frac[11] not assigned to an exact location on the device
    Info (169086): Pin frac[10] not assigned to an exact location on the device
    Info (169086): Pin flags_in[2] not assigned to an exact location on the device
    Info (169086): Pin flags_in[3] not assigned to an exact location on the device
Info (332104): Reading SDC File: 'packer.sdc'
Info (332151): Clock uncertainty is not calculated until you update the timing netlist.
Info (332154): The derive_clock_uncertainty command did not apply clock uncertainty to any clock-to-clock transfers.
Info (332129): Detected timing requirements -- optimizing circuit to achieve only the specified requirements
Info (332111): Found 1 clocks
    Info (332111):   Period   Clock Name
    Info (332111): ======== ============
    Info (332111):   10.000          clk
Info (176353): Automatically promoted node clk~input (placed in PIN E1 (CLK1, DIFFCLK_0n))
    Info (176355): Automatically promoted destinations to use location or clock signal Global Clock CLKCTRL_G2
Info (176353): Automatically promoted node reset_n~input (placed in PIN M2 (CLK2, DIFFCLK_1p))
    Info (176355): Automatically promoted destinations to use location or clock signal Global Clock CLKCTRL_G4
Info (176353): Automatically promoted node packer_ppa_boundary:u_boundary|meta_sync2 
    Info (176355): Automatically promoted destinations to use location or clock signal Global Clock
Info (176233): Starting register packing
Info (176235): Finished register packing
    Extra Info (176219): No registers were packed into other blocks
Info (176214): Statistics of I/O pins that need to be placed that use the same VCCIO and VREF, before I/O pin placement
    Info (176211): Number of I/O pins in group: 112 (unused VREF, 2.5V VCCIO, 74 input, 38 output, 0 bidirectional)
        Info (176212): I/O standards used: 2.5 V.
Info (176215): I/O bank details before I/O pin placement
    Info (176214): Statistics of I/O banks
        Info (176213): I/O bank number 1 does not use VREF pins and has undetermined VCCIO pins. 5 total pin(s) used --  9 pins available
        Info (176213): I/O bank number 2 does not use VREF pins and has undetermined VCCIO pins. 1 total pin(s) used --  15 pins available
        Info (176213): I/O bank number 3 does not use VREF pins and has undetermined VCCIO pins. 0 total pin(s) used --  25 pins available
        Info (176213): I/O bank number 4 does not use VREF pins and has undetermined VCCIO pins. 0 total pin(s) used --  20 pins available
        Info (176213): I/O bank number 5 does not use VREF pins and has undetermined VCCIO pins. 0 total pin(s) used --  18 pins available
        Info (176213): I/O bank number 6 does not use VREF pins and has undetermined VCCIO pins. 1 total pin(s) used --  12 pins available
        Info (176213): I/O bank number 7 does not use VREF pins and has undetermined VCCIO pins. 0 total pin(s) used --  24 pins available
        Info (176213): I/O bank number 8 does not use VREF pins and has undetermined VCCIO pins. 0 total pin(s) used --  24 pins available
Info (171121): Fitter preparation operations ending: elapsed time is 00:00:01
Info (170189): Fitter placement preparation operations beginning
Info (170190): Fitter placement preparation operations ending: elapsed time is 00:00:00
Info (170191): Fitter placement operations beginning
Info (170137): Fitter placement was successful
Info (170192): Fitter placement operations ending: elapsed time is 00:00:01
Info (170193): Fitter routing operations beginning
Info (170195): Router estimated average interconnect usage is 1% of the available device resources
    Info (170196): Router estimated peak interconnect usage is 5% of the available device resources in the region that extends from location X21_Y11 to location X31_Y22
Info (170194): Fitter routing operations ending: elapsed time is 00:00:01
Info (170199): The Fitter performed an Auto Fit compilation.  Optimizations were skipped to reduce compilation time.
    Info (170201): Optimizations that may affect the design's routability were skipped
    Info (170200): Optimizations that may affect the design's timing were skipped
Info (11888): Total time spent on timing analysis during the Fitter is 0.19 seconds.
Info (334003): Started post-fitting delay annotation
Info (334004): Delay annotation completed successfully
Info (334003): Started post-fitting delay annotation
Info (334004): Delay annotation completed successfully
Info (11218): Fitter post-fit operations ending: elapsed time is 00:00:01
Info (144001): Generated suppressed messages file C:/HCMUT/HK261/Do an 2/Posit_MAC/results/packer_ppa/TRUNC_seed2/output_files/packer.fit.smsg
Info: Quartus II 64-Bit Fitter was successful. 0 errors, 4 warnings
    Info: Peak virtual memory: 4928 megabytes
    Info: Processing ended: Wed Oct 07 01:27:48 2026
    Info: Elapsed time: 00:00:07
    Info: Total CPU time (on all processors): 00:00:07
Info: *******************************************************************
Info: Running Quartus II 64-Bit Assembler
    Info: Version 13.0.1 Build 232 06/12/2013 Service Pack 1 SJ Web Edition
    Info: Processing started: Wed Oct 07 01:27:49 2026
Info: Command: quartus_asm --read_settings_files=off --write_settings_files=off packer -c packer
Info (115031): Writing out detailed assembly data for power analysis
Info (115030): Assembler is generating device programming files
Info: Quartus II 64-Bit Assembler was successful. 0 errors, 0 warnings
    Info: Peak virtual memory: 4549 megabytes
    Info: Processing ended: Wed Oct 07 01:27:50 2026
    Info: Elapsed time: 00:00:01
    Info: Total CPU time (on all processors): 00:00:01
Info (293026): Skipped module PowerPlay Power Analyzer due to the assignment FLOW_ENABLE_POWER_ANALYZER
Info: *******************************************************************
Info: Running Quartus II 64-Bit TimeQuest Timing Analyzer
    Info: Version 13.0.1 Build 232 06/12/2013 Service Pack 1 SJ Web Edition
    Info: Processing started: Wed Oct 07 01:27:51 2026
Info: Command: quartus_sta packer -c packer
Info: qsta_default_script.tcl version: #1
Warning (20028): Parallel compilation is not licensed and has been disabled
Info (21076): High junction temperature operating condition is not set. Assuming a default value of '85'.
Info (21076): Low junction temperature operating condition is not set. Assuming a default value of '0'.
Info (332104): Reading SDC File: 'packer.sdc'
Info (332151): Clock uncertainty is not calculated until you update the timing netlist.
Info (332123): Deriving Clock Uncertainty. Please refer to report_sdc in TimeQuest to see clock uncertainties.
Info: Found TIMEQUEST_REPORT_SCRIPT_INCLUDE_DEFAULT_ANALYSIS = ON
Info: Analyzing Slow 1200mV 85C Model
Info (332146): Worst-case setup slack is 0.100
    Info (332119):     Slack End Point TNS Clock 
    Info (332119): ========= ============= =====================
    Info (332119):     0.100         0.000 clk 
Info (332146): Worst-case hold slack is 0.372
    Info (332119):     Slack End Point TNS Clock 
    Info (332119): ========= ============= =====================
    Info (332119):     0.372         0.000 clk 
Info (332146): Worst-case recovery slack is 7.323
    Info (332119):     Slack End Point TNS Clock 
    Info (332119): ========= ============= =====================
    Info (332119):     7.323         0.000 clk 
Info (332146): Worst-case removal slack is 2.176
    Info (332119):     Slack End Point TNS Clock 
    Info (332119): ========= ============= =====================
    Info (332119):     2.176         0.000 clk 
Info (332146): Worst-case minimum pulse width slack is 4.680
    Info (332119):     Slack End Point TNS Clock 
    Info (332119): ========= ============= =====================
    Info (332119):     4.680         0.000 clk 
Info: Analyzing Slow 1200mV 0C Model
Info (334003): Started post-fitting delay annotation
Info (334004): Delay annotation completed successfully
Info (332123): Deriving Clock Uncertainty. Please refer to report_sdc in TimeQuest to see clock uncertainties.
Info (332146): Worst-case setup slack is 1.135
    Info (332119):     Slack End Point TNS Clock 
    Info (332119): ========= ============= =====================
    Info (332119):     1.135         0.000 clk 
Info (332146): Worst-case hold slack is 0.338
    Info (332119):     Slack End Point TNS Clock 
    Info (332119): ========= ============= =====================
    Info (332119):     0.338         0.000 clk 
Info (332146): Worst-case recovery slack is 7.630
    Info (332119):     Slack End Point TNS Clock 
    Info (332119): ========= ============= =====================
    Info (332119):     7.630         0.000 clk 
Info (332146): Worst-case removal slack is 1.937
    Info (332119):     Slack End Point TNS Clock 
    Info (332119): ========= ============= =====================
    Info (332119):     1.937         0.000 clk 
Info (332146): Worst-case minimum pulse width slack is 4.702
    Info (332119):     Slack End Point TNS Clock 
    Info (332119): ========= ============= =====================
    Info (332119):     4.702         0.000 clk 
Info: Analyzing Fast 1200mV 0C Model
Info (332123): Deriving Clock Uncertainty. Please refer to report_sdc in TimeQuest to see clock uncertainties.
Info (332146): Worst-case setup slack is 4.278
    Info (332119):     Slack End Point TNS Clock 
    Info (332119): ========= ============= =====================
    Info (332119):     4.278         0.000 clk 
Info (332146): Worst-case hold slack is 0.192
    Info (332119):     Slack End Point TNS Clock 
    Info (332119): ========= ============= =====================
    Info (332119):     0.192         0.000 clk 
Info (332146): Worst-case recovery slack is 8.413
    Info (332119):     Slack End Point TNS Clock 
    Info (332119): ========= ============= =====================
    Info (332119):     8.413         0.000 clk 
Info (332146): Worst-case removal slack is 1.259
    Info (332119):     Slack End Point TNS Clock 
    Info (332119): ========= ============= =====================
    Info (332119):     1.259         0.000 clk 
Info (332146): Worst-case minimum pulse width slack is 4.443
    Info (332119):     Slack End Point TNS Clock 
    Info (332119): ========= ============= =====================
    Info (332119):     4.443         0.000 clk 
Info (332102): Design is not fully constrained for setup requirements
Info (332102): Design is not fully constrained for hold requirements
Info: Quartus II 64-Bit TimeQuest Timing Analyzer was successful. 0 errors, 1 warning
    Info: Peak virtual memory: 4628 megabytes
    Info: Processing ended: Wed Oct 07 01:27:53 2026
    Info: Elapsed time: 00:00:02
    Info: Total CPU time (on all processors): 00:00:02
Info (293000): Quartus II Full Compilation was successful. 0 errors, 11 warnings
Info (23030): Evaluation of Tcl script c:/altera/13.0sp1/quartus/common/tcl/internal/qsh_flow.tcl was successful
Info: Quartus II 64-Bit Shell was successful. 0 errors, 11 warnings
    Info: Peak virtual memory: 4318 megabytes
    Info: Processing ended: Wed Oct 07 01:27:54 2026
    Info: Elapsed time: 00:00:17
    Info: Total CPU time (on all processors): 00:00:01
