Info: *******************************************************************
Info: Running Quartus II 64-Bit Shell
    Info: Version 13.0.1 Build 232 06/12/2013 Service Pack 1 SJ Web Edition
    Info: Copyright (C) 1991-2013 Altera Corporation. All rights reserved.
    Info: Your use of Altera Corporation's design tools, logic functions 
    Info: and other software and tools, and its AMPP partner logic 
    Info: functions, and any output files from any of the foregoing 
    Info: (including device programming or simulation files), and any 
    Info: associated documentation or information are expressly subject 
    Info: to the terms and conditions of the Altera Program License 
    Info: Subscription Agreement, Altera MegaCore Function License 
    Info: Agreement, or other applicable license agreement, including, 
    Info: without limitation, that your use is for the sole purpose of 
    Info: programming logic devices manufactured by Altera and sold by 
    Info: Altera or its authorized distributors.  Please refer to the 
    Info: applicable agreement for further details.
    Info: Processing started: Sun Oct 04 01:38:08 2026
Info: Command: quartus_sh --flow compile ops_compare
Info: Quartus(args): compile ops_compare
Info: Project Name = C:/HCMUT/HK261/Do an 2/Posit_MAC/results/ops_ppa/predict_seed2/ops_compare
Info: Revision Name = ops_compare
Info: *******************************************************************
Info: Running Quartus II 64-Bit Analysis & Synthesis
    Info: Version 13.0.1 Build 232 06/12/2013 Service Pack 1 SJ Web Edition
    Info: Processing started: Sun Oct 04 01:38:08 2026
Info: Command: quartus_map --read_settings_files=on --write_settings_files=off ops_compare -c ops_compare
Warning (20028): Parallel compilation is not licensed and has been disabled
Info (12021): Found 1 design units, including 1 entities, in source file /hcmut/hk261/do an 2/posit_mac/rtl/ops_compare_top.sv
    Info (12023): Found entity 1: ops_compare_top
Info (12127): Elaborating entity "ops_compare_top" for the top level hierarchy
Info (276014): Found 2 instances of uninferred RAM logic
    Info (276004): RAM logic "Ram0" is uninferred due to inappropriate RAM size
    Info (276004): RAM logic "Ram1" is uninferred due to inappropriate RAM size
Info (286030): Timing-Driven Synthesis is running
Info (16010): Generating hard_block partition "hard_block:auto_generated_inst"
    Info (16011): Adding 0 node(s), including 0 DDIO, 0 PLL, 0 transceiver and 0 LCELL
Warning (21074): Design contains 10 input pin(s) that do not drive logic
    Warning (15610): No output dependent on input pin "fraction_a[0]"
    Warning (15610): No output dependent on input pin "fraction_a[1]"
    Warning (15610): No output dependent on input pin "fraction_a[2]"
    Warning (15610): No output dependent on input pin "fraction_a[3]"
    Warning (15610): No output dependent on input pin "fraction_a[4]"
    Warning (15610): No output dependent on input pin "fraction_b[0]"
    Warning (15610): No output dependent on input pin "fraction_b[1]"
    Warning (15610): No output dependent on input pin "fraction_b[2]"
    Warning (15610): No output dependent on input pin "fraction_b[3]"
    Warning (15610): No output dependent on input pin "fraction_b[4]"
Info (21057): Implemented 100 device resources after synthesis - the final resource count might be different
    Info (21058): Implemented 26 input pins
    Info (21059): Implemented 1 output pins
    Info (21061): Implemented 73 logic cells
Info: Quartus II 64-Bit Analysis & Synthesis was successful. 0 errors, 12 warnings
    Info: Peak virtual memory: 4585 megabytes
    Info: Processing ended: Sun Oct 04 01:38:10 2026
    Info: Elapsed time: 00:00:02
    Info: Total CPU time (on all processors): 00:00:02
Info: *******************************************************************
Info: Running Quartus II 64-Bit Fitter
    Info: Version 13.0.1 Build 232 06/12/2013 Service Pack 1 SJ Web Edition
    Info: Processing started: Sun Oct 04 01:38:11 2026
Info: Command: quartus_fit --read_settings_files=off --write_settings_files=off ops_compare -c ops_compare
Info: qfit2_default_script.tcl version: #1
Info: Project  = ops_compare
Info: Revision = ops_compare
Warning (20028): Parallel compilation is not licensed and has been disabled
Info (119006): Selected device EP4CE22F17C6 for design "ops_compare"
Info (21076): High junction temperature operating condition is not set. Assuming a default value of '85'.
Info (21076): Low junction temperature operating condition is not set. Assuming a default value of '0'.
Info (171003): Fitter is performing an Auto Fit compilation, which may decrease Fitter effort to reduce compilation time
Warning (292013): Feature LogicLock is only available with a valid subscription license. You can purchase a software subscription to gain full access to this feature.
Info (176444): Device migration not selected. If you intend to use device migration later, you may need to change the pin assignments as they may be incompatible with other devices
    Info (176445): Device EP4CE10F17C6 is compatible
    Info (176445): Device EP4CE6F17C6 is compatible
    Info (176445): Device EP4CE15F17C6 is compatible
Info (169124): Fitter converted 5 user pins into dedicated programming pins
    Info (169125): Pin ~ALTERA_ASDO_DATA1~ is reserved at location C1
    Info (169125): Pin ~ALTERA_FLASH_nCE_nCSO~ is reserved at location D2
    Info (169125): Pin ~ALTERA_DCLK~ is reserved at location H1
    Info (169125): Pin ~ALTERA_DATA0~ is reserved at location H2
    Info (169125): Pin ~ALTERA_nCEO~ is reserved at location F16
Warning (15714): Some pins have incomplete I/O assignments. Refer to the I/O Assignment Warnings report for details
Critical Warning (169085): No exact pin location assignment(s) for 27 pins of 27 total pins
    Info (169086): Pin fraction_a[0] not assigned to an exact location on the device
    Info (169086): Pin fraction_a[1] not assigned to an exact location on the device
    Info (169086): Pin fraction_a[2] not assigned to an exact location on the device
    Info (169086): Pin fraction_a[3] not assigned to an exact location on the device
    Info (169086): Pin fraction_a[4] not assigned to an exact location on the device
    Info (169086): Pin fraction_b[0] not assigned to an exact location on the device
    Info (169086): Pin fraction_b[1] not assigned to an exact location on the device
    Info (169086): Pin fraction_b[2] not assigned to an exact location on the device
    Info (169086): Pin fraction_b[3] not assigned to an exact location on the device
    Info (169086): Pin fraction_b[4] not assigned to an exact location on the device
    Info (169086): Pin swap_o not assigned to an exact location on the device
    Info (169086): Pin rst not assigned to an exact location on the device
    Info (169086): Pin clk not assigned to an exact location on the device
    Info (169086): Pin fraction_a[9] not assigned to an exact location on the device
    Info (169086): Pin fraction_a[8] not assigned to an exact location on the device
    Info (169086): Pin fraction_a[7] not assigned to an exact location on the device
    Info (169086): Pin fraction_a[5] not assigned to an exact location on the device
    Info (169086): Pin fraction_a[6] not assigned to an exact location on the device
    Info (169086): Pin fraction_a[11] not assigned to an exact location on the device
    Info (169086): Pin fraction_a[10] not assigned to an exact location on the device
    Info (169086): Pin fraction_b[9] not assigned to an exact location on the device
    Info (169086): Pin fraction_b[11] not assigned to an exact location on the device
    Info (169086): Pin fraction_b[10] not assigned to an exact location on the device
    Info (169086): Pin fraction_b[8] not assigned to an exact location on the device
    Info (169086): Pin fraction_b[5] not assigned to an exact location on the device
    Info (169086): Pin fraction_b[6] not assigned to an exact location on the device
    Info (169086): Pin fraction_b[7] not assigned to an exact location on the device
Info (332104): Reading SDC File: 'ops_compare.sdc'
Info (332151): Clock uncertainty is not calculated until you update the timing netlist.
Info (332154): The derive_clock_uncertainty command did not apply clock uncertainty to any clock-to-clock transfers.
Info (332129): Detected timing requirements -- optimizing circuit to achieve only the specified requirements
Info (332111): Found 1 clocks
    Info (332111):   Period   Clock Name
    Info (332111): ======== ============
    Info (332111):   10.000          clk
Info (176353): Automatically promoted node clk~input (placed in PIN E1 (CLK1, DIFFCLK_0n))
    Info (176355): Automatically promoted destinations to use location or clock signal Global Clock CLKCTRL_G2
Info (176233): Starting register packing
Info (176235): Finished register packing
    Extra Info (176219): No registers were packed into other blocks
Info (176214): Statistics of I/O pins that need to be placed that use the same VCCIO and VREF, before I/O pin placement
    Info (176211): Number of I/O pins in group: 26 (unused VREF, 2.5V VCCIO, 25 input, 1 output, 0 bidirectional)
        Info (176212): I/O standards used: 2.5 V.
Info (176215): I/O bank details before I/O pin placement
    Info (176214): Statistics of I/O banks
        Info (176213): I/O bank number 1 does not use VREF pins and has undetermined VCCIO pins. 5 total pin(s) used --  9 pins available
        Info (176213): I/O bank number 2 does not use VREF pins and has undetermined VCCIO pins. 0 total pin(s) used --  16 pins available
        Info (176213): I/O bank number 3 does not use VREF pins and has undetermined VCCIO pins. 0 total pin(s) used --  25 pins available
        Info (176213): I/O bank number 4 does not use VREF pins and has undetermined VCCIO pins. 0 total pin(s) used --  20 pins available
        Info (176213): I/O bank number 5 does not use VREF pins and has undetermined VCCIO pins. 0 total pin(s) used --  18 pins available
        Info (176213): I/O bank number 6 does not use VREF pins and has undetermined VCCIO pins. 1 total pin(s) used --  12 pins available
        Info (176213): I/O bank number 7 does not use VREF pins and has undetermined VCCIO pins. 0 total pin(s) used --  24 pins available
        Info (176213): I/O bank number 8 does not use VREF pins and has undetermined VCCIO pins. 0 total pin(s) used --  24 pins available
Info (171121): Fitter preparation operations ending: elapsed time is 00:00:00
Info (170189): Fitter placement preparation operations beginning
Info (170190): Fitter placement preparation operations ending: elapsed time is 00:00:00
Info (170191): Fitter placement operations beginning
Info (170137): Fitter placement was successful
Info (170192): Fitter placement operations ending: elapsed time is 00:00:00
Info (170193): Fitter routing operations beginning
Info (170195): Router estimated average interconnect usage is 0% of the available device resources
    Info (170196): Router estimated peak interconnect usage is 0% of the available device resources in the region that extends from location X43_Y23 to location X53_Y34
Info (170194): Fitter routing operations ending: elapsed time is 00:00:00
Info (170199): The Fitter performed an Auto Fit compilation.  Optimizations were skipped to reduce compilation time.
    Info (170201): Optimizations that may affect the design's routability were skipped
    Info (170200): Optimizations that may affect the design's timing were skipped
Info (11888): Total time spent on timing analysis during the Fitter is 0.06 seconds.
Info (334003): Started post-fitting delay annotation
Info (334004): Delay annotation completed successfully
Info (334003): Started post-fitting delay annotation
Info (334004): Delay annotation completed successfully
Info (11218): Fitter post-fit operations ending: elapsed time is 00:00:01
Info (144001): Generated suppressed messages file C:/HCMUT/HK261/Do an 2/Posit_MAC/results/ops_ppa/predict_seed2/output_files/ops_compare.fit.smsg
Info: Quartus II 64-Bit Fitter was successful. 0 errors, 4 warnings
    Info: Peak virtual memory: 4913 megabytes
    Info: Processing ended: Sun Oct 04 01:38:15 2026
    Info: Elapsed time: 00:00:04
    Info: Total CPU time (on all processors): 00:00:05
Info: *******************************************************************
Info: Running Quartus II 64-Bit Assembler
    Info: Version 13.0.1 Build 232 06/12/2013 Service Pack 1 SJ Web Edition
    Info: Processing started: Sun Oct 04 01:38:16 2026
Info: Command: quartus_asm --read_settings_files=off --write_settings_files=off ops_compare -c ops_compare
Info (115031): Writing out detailed assembly data for power analysis
Info (115030): Assembler is generating device programming files
Info: Quartus II 64-Bit Assembler was successful. 0 errors, 0 warnings
    Info: Peak virtual memory: 4541 megabytes
    Info: Processing ended: Sun Oct 04 01:38:17 2026
    Info: Elapsed time: 00:00:01
    Info: Total CPU time (on all processors): 00:00:01
Info (293026): Skipped module PowerPlay Power Analyzer due to the assignment FLOW_ENABLE_POWER_ANALYZER
Info: *******************************************************************
Info: Running Quartus II 64-Bit TimeQuest Timing Analyzer
    Info: Version 13.0.1 Build 232 06/12/2013 Service Pack 1 SJ Web Edition
    Info: Processing started: Sun Oct 04 01:38:18 2026
Info: Command: quartus_sta ops_compare -c ops_compare
Info: qsta_default_script.tcl version: #1
Warning (20028): Parallel compilation is not licensed and has been disabled
Info (21076): High junction temperature operating condition is not set. Assuming a default value of '85'.
Info (21076): Low junction temperature operating condition is not set. Assuming a default value of '0'.
Info (332104): Reading SDC File: 'ops_compare.sdc'
Info (332151): Clock uncertainty is not calculated until you update the timing netlist.
Info (332123): Deriving Clock Uncertainty. Please refer to report_sdc in TimeQuest to see clock uncertainties.
Info: Found TIMEQUEST_REPORT_SCRIPT_INCLUDE_DEFAULT_ANALYSIS = ON
Info: Analyzing Slow 1200mV 85C Model
Info (332146): Worst-case setup slack is 5.147
    Info (332119):     Slack End Point TNS Clock 
    Info (332119): ========= ============= =====================
    Info (332119):     5.147         0.000 clk 
Info (332146): Worst-case hold slack is 1.349
    Info (332119):     Slack End Point TNS Clock 
    Info (332119): ========= ============= =====================
    Info (332119):     1.349         0.000 clk 
Info (332140): No Recovery paths to report
Info (332140): No Removal paths to report
Info (332146): Worst-case minimum pulse width slack is 4.681
    Info (332119):     Slack End Point TNS Clock 
    Info (332119): ========= ============= =====================
    Info (332119):     4.681         0.000 clk 
Info: Analyzing Slow 1200mV 0C Model
Info (334003): Started post-fitting delay annotation
Info (334004): Delay annotation completed successfully
Info (332123): Deriving Clock Uncertainty. Please refer to report_sdc in TimeQuest to see clock uncertainties.
Info (332146): Worst-case setup slack is 5.654
    Info (332119):     Slack End Point TNS Clock 
    Info (332119): ========= ============= =====================
    Info (332119):     5.654         0.000 clk 
Info (332146): Worst-case hold slack is 1.226
    Info (332119):     Slack End Point TNS Clock 
    Info (332119): ========= ============= =====================
    Info (332119):     1.226         0.000 clk 
Info (332140): No Recovery paths to report
Info (332140): No Removal paths to report
Info (332146): Worst-case minimum pulse width slack is 4.702
    Info (332119):     Slack End Point TNS Clock 
    Info (332119): ========= ============= =====================
    Info (332119):     4.702         0.000 clk 
Info: Analyzing Fast 1200mV 0C Model
Info (332123): Deriving Clock Uncertainty. Please refer to report_sdc in TimeQuest to see clock uncertainties.
Info (332146): Worst-case setup slack is 7.314
    Info (332119):     Slack End Point TNS Clock 
    Info (332119): ========= ============= =====================
    Info (332119):     7.314         0.000 clk 
Info (332146): Worst-case hold slack is 0.724
    Info (332119):     Slack End Point TNS Clock 
    Info (332119): ========= ============= =====================
    Info (332119):     0.724         0.000 clk 
Info (332140): No Recovery paths to report
Info (332140): No Removal paths to report
Info (332146): Worst-case minimum pulse width slack is 4.443
    Info (332119):     Slack End Point TNS Clock 
    Info (332119): ========= ============= =====================
    Info (332119):     4.443         0.000 clk 
Info (332102): Design is not fully constrained for setup requirements
Info (332102): Design is not fully constrained for hold requirements
Info: Quartus II 64-Bit TimeQuest Timing Analyzer was successful. 0 errors, 1 warning
    Info: Peak virtual memory: 4616 megabytes
    Info: Processing ended: Sun Oct 04 01:38:20 2026
    Info: Elapsed time: 00:00:02
    Info: Total CPU time (on all processors): 00:00:02
Info (293000): Quartus II Full Compilation was successful. 0 errors, 17 warnings
Info (23030): Evaluation of Tcl script c:/altera/13.0sp1/quartus/common/tcl/internal/qsh_flow.tcl was successful
Info: Quartus II 64-Bit Shell was successful. 0 errors, 17 warnings
    Info: Peak virtual memory: 4318 megabytes
    Info: Processing ended: Sun Oct 04 01:38:20 2026
    Info: Elapsed time: 00:00:12
    Info: Total CPU time (on all processors): 00:00:01
